D:\conda\Lib\site-packages\requests\__init__.py:113: RequestsDependencyWarning: urllib3 (2.2.3) or chardet (7.4.3)/charset_normalizer (3.3.2) doesn't match a supported version!
  warnings.warn(
u are choosing to use r_drbfn (DRBFN), keeping use_centralized_V = True
choose to use gpu...
obs_space:  [[64, [2, 14], [3, 5], [1, 4], [1, 17]], [64, [2, 14], [3, 5], [1, 4], [1, 17]], [64, [2, 14], [3, 5], [1, 4], [1, 17]]]
share_obs_space:  [[81, [2, 17], [3, 8], [1, 4], [1, 19]], [81, [2, 17], [3, 8], [1, 4], [1, 19]], [81, [2, 17], [3, 8], [1, 4], [1, 19]]]
act_space:  [Discrete(9), Discrete(9), Discrete(9)]

 Map 3m Algo r_drbfn Exp drbfn_3m_v2 updates 0/1250 episodes, total num timesteps 1600/2000000, FPS 88.

incre win rate is 0.0.
eval win rate is 0.0.

 Map 3m Algo r_drbfn Exp drbfn_3m_v2 updates 5/1250 episodes, total num timesteps 9600/2000000, FPS 67.

incre win rate is 0.0.

 Map 3m Algo r_drbfn Exp drbfn_3m_v2 updates 10/1250 episodes, total num timesteps 17600/2000000, FPS 80.

incre win rate is 0.010178117048346057.

 Map 3m Algo r_drbfn Exp drbfn_3m_v2 updates 15/1250 episodes, total num timesteps 25600/2000000, FPS 86.

incre win rate is 0.12096774193548387.

 Map 3m Algo r_drbfn Exp drbfn_3m_v2 updates 20/1250 episodes, total num timesteps 33600/2000000, FPS 88.

incre win rate is 0.28160919540229884.

 Map 3m Algo r_drbfn Exp drbfn_3m_v2 updates 25/1250 episodes, total num timesteps 41600/2000000, FPS 90.

incre win rate is 0.4046920821114369.
eval win rate is 0.25.

 Map 3m Algo r_drbfn Exp drbfn_3m_v2 updates 30/1250 episodes, total num timesteps 49600/2000000, FPS 90.

incre win rate is 0.4608433734939759.

 Map 3m Algo r_drbfn Exp drbfn_3m_v2 updates 35/1250 episodes, total num timesteps 57600/2000000, FPS 88.

incre win rate is 0.4246153846153846.

 Map 3m Algo r_drbfn Exp drbfn_3m_v2 updates 40/1250 episodes, total num timesteps 65600/2000000, FPS 89.

incre win rate is 0.48059701492537316.

 Map 3m Algo r_drbfn Exp drbfn_3m_v2 updates 45/1250 episodes, total num timesteps 73600/2000000, FPS 89.

incre win rate is 0.5249266862170088.

 Map 3m Algo r_drbfn Exp drbfn_3m_v2 updates 50/1250 episodes, total num timesteps 81600/2000000, FPS 89.

incre win rate is 0.5662650602409639.
eval win rate is 0.53125.

 Map 3m Algo r_drbfn Exp drbfn_3m_v2 updates 55/1250 episodes, total num timesteps 89600/2000000, FPS 89.

incre win rate is 0.5744047619047619.

 Map 3m Algo r_drbfn Exp drbfn_3m_v2 updates 60/1250 episodes, total num timesteps 97600/2000000, FPS 89.

incre win rate is 0.638728323699422.

 Map 3m Algo r_drbfn Exp drbfn_3m_v2 updates 65/1250 episodes, total num timesteps 105600/2000000, FPS 89.

incre win rate is 0.7441860465116279.

 Map 3m Algo r_drbfn Exp drbfn_3m_v2 updates 70/1250 episodes, total num timesteps 113600/2000000, FPS 88.

incre win rate is 0.7346938775510204.

 Map 3m Algo r_drbfn Exp drbfn_3m_v2 updates 75/1250 episodes, total num timesteps 121600/2000000, FPS 88.

incre win rate is 0.7580174927113703.
eval win rate is 0.90625.

 Map 3m Algo r_drbfn Exp drbfn_3m_v2 updates 80/1250 episodes, total num timesteps 129600/2000000, FPS 87.

incre win rate is 0.7652173913043478.

 Map 3m Algo r_drbfn Exp drbfn_3m_v2 updates 85/1250 episodes, total num timesteps 137600/2000000, FPS 87.

incre win rate is 0.7936962750716332.

 Map 3m Algo r_drbfn Exp drbfn_3m_v2 updates 90/1250 episodes, total num timesteps 145600/2000000, FPS 86.

incre win rate is 0.7573099415204678.

 Map 3m Algo r_drbfn Exp drbfn_3m_v2 updates 95/1250 episodes, total num timesteps 153600/2000000, FPS 86.

incre win rate is 0.8333333333333334.

 Map 3m Algo r_drbfn Exp drbfn_3m_v2 updates 100/1250 episodes, total num timesteps 161600/2000000, FPS 87.

incre win rate is 0.8490028490028491.
eval win rate is 1.0.

 Map 3m Algo r_drbfn Exp drbfn_3m_v2 updates 105/1250 episodes, total num timesteps 169600/2000000, FPS 86.

incre win rate is 0.8347826086956521.

 Map 3m Algo r_drbfn Exp drbfn_3m_v2 updates 110/1250 episodes, total num timesteps 177600/2000000, FPS 87.

incre win rate is 0.8535211267605634.

 Map 3m Algo r_drbfn Exp drbfn_3m_v2 updates 115/1250 episodes, total num timesteps 185600/2000000, FPS 87.

incre win rate is 0.8698060941828255.

 Map 3m Algo r_drbfn Exp drbfn_3m_v2 updates 120/1250 episodes, total num timesteps 193600/2000000, FPS 86.

incre win rate is 0.9038461538461539.

 Map 3m Algo r_drbfn Exp drbfn_3m_v2 updates 125/1250 episodes, total num timesteps 201600/2000000, FPS 86.

incre win rate is 0.9155313351498637.
eval win rate is 1.0.

 Map 3m Algo r_drbfn Exp drbfn_3m_v2 updates 130/1250 episodes, total num timesteps 209600/2000000, FPS 86.

incre win rate is 0.9358288770053476.

 Map 3m Algo r_drbfn Exp drbfn_3m_v2 updates 135/1250 episodes, total num timesteps 217600/2000000, FPS 86.

incre win rate is 0.9175531914893617.

 Map 3m Algo r_drbfn Exp drbfn_3m_v2 updates 140/1250 episodes, total num timesteps 225600/2000000, FPS 86.

incre win rate is 0.9274193548387096.

 Map 3m Algo r_drbfn Exp drbfn_3m_v2 updates 145/1250 episodes, total num timesteps 233600/2000000, FPS 86.

incre win rate is 0.9130434782608695.

 Map 3m Algo r_drbfn Exp drbfn_3m_v2 updates 150/1250 episodes, total num timesteps 241600/2000000, FPS 86.

incre win rate is 0.9191374663072777.
eval win rate is 0.96875.

 Map 3m Algo r_drbfn Exp drbfn_3m_v2 updates 155/1250 episodes, total num timesteps 249600/2000000, FPS 85.

incre win rate is 0.8913043478260869.

 Map 3m Algo r_drbfn Exp drbfn_3m_v2 updates 160/1250 episodes, total num timesteps 257600/2000000, FPS 85.

incre win rate is 0.9035812672176309.

 Map 3m Algo r_drbfn Exp drbfn_3m_v2 updates 165/1250 episodes, total num timesteps 265600/2000000, FPS 84.

incre win rate is 0.9289617486338798.

 Map 3m Algo r_drbfn Exp drbfn_3m_v2 updates 170/1250 episodes, total num timesteps 273600/2000000, FPS 84.

incre win rate is 0.9518716577540107.

 Map 3m Algo r_drbfn Exp drbfn_3m_v2 updates 175/1250 episodes, total num timesteps 281600/2000000, FPS 84.

incre win rate is 0.946236559139785.
eval win rate is 1.0.

 Map 3m Algo r_drbfn Exp drbfn_3m_v2 updates 180/1250 episodes, total num timesteps 289600/2000000, FPS 83.

incre win rate is 0.9573333333333334.

 Map 3m Algo r_drbfn Exp drbfn_3m_v2 updates 185/1250 episodes, total num timesteps 297600/2000000, FPS 83.

incre win rate is 0.9736842105263158.

 Map 3m Algo r_drbfn Exp drbfn_3m_v2 updates 190/1250 episodes, total num timesteps 305600/2000000, FPS 83.

incre win rate is 0.9578947368421052.

 Map 3m Algo r_drbfn Exp drbfn_3m_v2 updates 195/1250 episodes, total num timesteps 313600/2000000, FPS 83.

incre win rate is 0.9659685863874345.

 Map 3m Algo r_drbfn Exp drbfn_3m_v2 updates 200/1250 episodes, total num timesteps 321600/2000000, FPS 83.

incre win rate is 0.9738903394255874.
eval win rate is 1.0.

 Map 3m Algo r_drbfn Exp drbfn_3m_v2 updates 205/1250 episodes, total num timesteps 329600/2000000, FPS 82.

incre win rate is 0.9661458333333334.

 Map 3m Algo r_drbfn Exp drbfn_3m_v2 updates 210/1250 episodes, total num timesteps 337600/2000000, FPS 82.

incre win rate is 0.9736147757255936.

 Map 3m Algo r_drbfn Exp drbfn_3m_v2 updates 215/1250 episodes, total num timesteps 345600/2000000, FPS 82.

incre win rate is 0.9574468085106383.

 Map 3m Algo r_drbfn Exp drbfn_3m_v2 updates 220/1250 episodes, total num timesteps 353600/2000000, FPS 82.

incre win rate is 0.967828418230563.

 Map 3m Algo r_drbfn Exp drbfn_3m_v2 updates 225/1250 episodes, total num timesteps 361600/2000000, FPS 82.

incre win rate is 0.974025974025974.
eval win rate is 1.0.

 Map 3m Algo r_drbfn Exp drbfn_3m_v2 updates 230/1250 episodes, total num timesteps 369600/2000000, FPS 82.

incre win rate is 0.9404145077720207.

 Map 3m Algo r_drbfn Exp drbfn_3m_v2 updates 235/1250 episodes, total num timesteps 377600/2000000, FPS 82.

incre win rate is 0.9641025641025641.

 Map 3m Algo r_drbfn Exp drbfn_3m_v2 updates 240/1250 episodes, total num timesteps 385600/2000000, FPS 82.

incre win rate is 0.9556135770234987.

 Map 3m Algo r_drbfn Exp drbfn_3m_v2 updates 245/1250 episodes, total num timesteps 393600/2000000, FPS 82.

incre win rate is 0.9428571428571428.

 Map 3m Algo r_drbfn Exp drbfn_3m_v2 updates 250/1250 episodes, total num timesteps 401600/2000000, FPS 82.

incre win rate is 0.9455958549222798.
eval win rate is 1.0.

 Map 3m Algo r_drbfn Exp drbfn_3m_v2 updates 255/1250 episodes, total num timesteps 409600/2000000, FPS 82.

incre win rate is 0.925531914893617.

 Map 3m Algo r_drbfn Exp drbfn_3m_v2 updates 260/1250 episodes, total num timesteps 417600/2000000, FPS 82.

incre win rate is 0.9289473684210526.

 Map 3m Algo r_drbfn Exp drbfn_3m_v2 updates 265/1250 episodes, total num timesteps 425600/2000000, FPS 82.

incre win rate is 0.9214092140921409.

 Map 3m Algo r_drbfn Exp drbfn_3m_v2 updates 270/1250 episodes, total num timesteps 433600/2000000, FPS 81.

incre win rate is 0.9336870026525199.

 Map 3m Algo r_drbfn Exp drbfn_3m_v2 updates 275/1250 episodes, total num timesteps 441600/2000000, FPS 81.

incre win rate is 0.9429347826086957.
eval win rate is 1.0.

 Map 3m Algo r_drbfn Exp drbfn_3m_v2 updates 280/1250 episodes, total num timesteps 449600/2000000, FPS 81.

incre win rate is 0.9487870619946092.

 Map 3m Algo r_drbfn Exp drbfn_3m_v2 updates 285/1250 episodes, total num timesteps 457600/2000000, FPS 81.

incre win rate is 0.9432432432432433.

 Map 3m Algo r_drbfn Exp drbfn_3m_v2 updates 290/1250 episodes, total num timesteps 465600/2000000, FPS 81.

incre win rate is 0.9373297002724795.

 Map 3m Algo r_drbfn Exp drbfn_3m_v2 updates 295/1250 episodes, total num timesteps 473600/2000000, FPS 81.

incre win rate is 0.9397260273972603.

 Map 3m Algo r_drbfn Exp drbfn_3m_v2 updates 300/1250 episodes, total num timesteps 481600/2000000, FPS 81.

incre win rate is 0.967479674796748.
eval win rate is 1.0.

 Map 3m Algo r_drbfn Exp drbfn_3m_v2 updates 305/1250 episodes, total num timesteps 489600/2000000, FPS 81.

incre win rate is 0.9784366576819407.

 Map 3m Algo r_drbfn Exp drbfn_3m_v2 updates 310/1250 episodes, total num timesteps 497600/2000000, FPS 81.

incre win rate is 0.962059620596206.

 Map 3m Algo r_drbfn Exp drbfn_3m_v2 updates 315/1250 episodes, total num timesteps 505600/2000000, FPS 81.

incre win rate is 0.9590163934426229.

 Map 3m Algo r_drbfn Exp drbfn_3m_v2 updates 320/1250 episodes, total num timesteps 513600/2000000, FPS 81.

incre win rate is 0.9646739130434783.

 Map 3m Algo r_drbfn Exp drbfn_3m_v2 updates 325/1250 episodes, total num timesteps 521600/2000000, FPS 80.

incre win rate is 0.9866666666666667.
eval win rate is 1.0.

 Map 3m Algo r_drbfn Exp drbfn_3m_v2 updates 330/1250 episodes, total num timesteps 529600/2000000, FPS 79.

incre win rate is 0.9788359788359788.

 Map 3m Algo r_drbfn Exp drbfn_3m_v2 updates 335/1250 episodes, total num timesteps 537600/2000000, FPS 79.

incre win rate is 0.9354838709677419.

 Map 3m Algo r_drbfn Exp drbfn_3m_v2 updates 340/1250 episodes, total num timesteps 545600/2000000, FPS 79.

incre win rate is 0.8681318681318682.

 Map 3m Algo r_drbfn Exp drbfn_3m_v2 updates 345/1250 episodes, total num timesteps 553600/2000000, FPS 79.

incre win rate is 0.9318801089918256.

 Map 3m Algo r_drbfn Exp drbfn_3m_v2 updates 350/1250 episodes, total num timesteps 561600/2000000, FPS 79.

incre win rate is 0.9426229508196722.
eval win rate is 0.96875.

 Map 3m Algo r_drbfn Exp drbfn_3m_v2 updates 355/1250 episodes, total num timesteps 569600/2000000, FPS 79.

incre win rate is 0.9013698630136986.

 Map 3m Algo r_drbfn Exp drbfn_3m_v2 updates 360/1250 episodes, total num timesteps 577600/2000000, FPS 79.

incre win rate is 0.94579945799458.

 Map 3m Algo r_drbfn Exp drbfn_3m_v2 updates 365/1250 episodes, total num timesteps 585600/2000000, FPS 79.

incre win rate is 0.962059620596206.

 Map 3m Algo r_drbfn Exp drbfn_3m_v2 updates 370/1250 episodes, total num timesteps 593600/2000000, FPS 79.

incre win rate is 0.9429347826086957.

 Map 3m Algo r_drbfn Exp drbfn_3m_v2 updates 375/1250 episodes, total num timesteps 601600/2000000, FPS 79.

incre win rate is 0.946236559139785.
eval win rate is 1.0.

 Map 3m Algo r_drbfn Exp drbfn_3m_v2 updates 380/1250 episodes, total num timesteps 609600/2000000, FPS 79.

incre win rate is 0.9598930481283422.

 Map 3m Algo r_drbfn Exp drbfn_3m_v2 updates 385/1250 episodes, total num timesteps 617600/2000000, FPS 78.

incre win rate is 0.9841269841269841.

 Map 3m Algo r_drbfn Exp drbfn_3m_v2 updates 390/1250 episodes, total num timesteps 625600/2000000, FPS 78.

incre win rate is 0.9921875.

 Map 3m Algo r_drbfn Exp drbfn_3m_v2 updates 395/1250 episodes, total num timesteps 633600/2000000, FPS 78.

incre win rate is 0.9790575916230366.

 Map 3m Algo r_drbfn Exp drbfn_3m_v2 updates 400/1250 episodes, total num timesteps 641600/2000000, FPS 78.

incre win rate is 0.9869451697127938.
eval win rate is 1.0.

 Map 3m Algo r_drbfn Exp drbfn_3m_v2 updates 405/1250 episodes, total num timesteps 649600/2000000, FPS 78.

incre win rate is 0.9739583333333334.

 Map 3m Algo r_drbfn Exp drbfn_3m_v2 updates 410/1250 episodes, total num timesteps 657600/2000000, FPS 78.

incre win rate is 0.9842931937172775.

 Map 3m Algo r_drbfn Exp drbfn_3m_v2 updates 415/1250 episodes, total num timesteps 665600/2000000, FPS 78.

incre win rate is 0.9470899470899471.

 Map 3m Algo r_drbfn Exp drbfn_3m_v2 updates 420/1250 episodes, total num timesteps 673600/2000000, FPS 78.

incre win rate is 0.9573333333333334.

 Map 3m Algo r_drbfn Exp drbfn_3m_v2 updates 425/1250 episodes, total num timesteps 681600/2000000, FPS 78.

incre win rate is 0.9682539682539683.
eval win rate is 0.96875.

 Map 3m Algo r_drbfn Exp drbfn_3m_v2 updates 430/1250 episodes, total num timesteps 689600/2000000, FPS 78.

incre win rate is 0.9682539682539683.

 Map 3m Algo r_drbfn Exp drbfn_3m_v2 updates 435/1250 episodes, total num timesteps 697600/2000000, FPS 78.

incre win rate is 0.9736842105263158.

 Map 3m Algo r_drbfn Exp drbfn_3m_v2 updates 440/1250 episodes, total num timesteps 705600/2000000, FPS 78.

incre win rate is 0.9869451697127938.

 Map 3m Algo r_drbfn Exp drbfn_3m_v2 updates 445/1250 episodes, total num timesteps 713600/2000000, FPS 78.

incre win rate is 0.9844559585492227.

 Map 3m Algo r_drbfn Exp drbfn_3m_v2 updates 450/1250 episodes, total num timesteps 721600/2000000, FPS 78.

incre win rate is 0.9871794871794872.
eval win rate is 1.0.

 Map 3m Algo r_drbfn Exp drbfn_3m_v2 updates 455/1250 episodes, total num timesteps 729600/2000000, FPS 78.

incre win rate is 0.9870466321243523.

 Map 3m Algo r_drbfn Exp drbfn_3m_v2 updates 460/1250 episodes, total num timesteps 737600/2000000, FPS 78.

incre win rate is 0.9846547314578005.

 Map 3m Algo r_drbfn Exp drbfn_3m_v2 updates 465/1250 episodes, total num timesteps 745600/2000000, FPS 78.

incre win rate is 0.9897435897435898.

 Map 3m Algo r_drbfn Exp drbfn_3m_v2 updates 470/1250 episodes, total num timesteps 753600/2000000, FPS 78.

incre win rate is 0.9924433249370277.

 Map 3m Algo r_drbfn Exp drbfn_3m_v2 updates 475/1250 episodes, total num timesteps 761600/2000000, FPS 78.

incre win rate is 0.9821882951653944.
eval win rate is 1.0.

 Map 3m Algo r_drbfn Exp drbfn_3m_v2 updates 480/1250 episodes, total num timesteps 769600/2000000, FPS 78.

incre win rate is 0.989821882951654.

 Map 3m Algo r_drbfn Exp drbfn_3m_v2 updates 485/1250 episodes, total num timesteps 777600/2000000, FPS 78.

incre win rate is 0.9897435897435898.

 Map 3m Algo r_drbfn Exp drbfn_3m_v2 updates 490/1250 episodes, total num timesteps 785600/2000000, FPS 78.

incre win rate is 0.9664948453608248.

 Map 3m Algo r_drbfn Exp drbfn_3m_v2 updates 495/1250 episodes, total num timesteps 793600/2000000, FPS 78.

incre win rate is 0.9948849104859335.

 Map 3m Algo r_drbfn Exp drbfn_3m_v2 updates 500/1250 episodes, total num timesteps 801600/2000000, FPS 78.

incre win rate is 0.9898734177215189.
eval win rate is 1.0.

 Map 3m Algo r_drbfn Exp drbfn_3m_v2 updates 505/1250 episodes, total num timesteps 809600/2000000, FPS 78.

incre win rate is 0.9949367088607595.

 Map 3m Algo r_drbfn Exp drbfn_3m_v2 updates 510/1250 episodes, total num timesteps 817600/2000000, FPS 78.

incre win rate is 0.9924433249370277.

 Map 3m Algo r_drbfn Exp drbfn_3m_v2 updates 515/1250 episodes, total num timesteps 825600/2000000, FPS 78.

incre win rate is 0.9924242424242424.

 Map 3m Algo r_drbfn Exp drbfn_3m_v2 updates 520/1250 episodes, total num timesteps 833600/2000000, FPS 78.

incre win rate is 0.9874371859296482.

 Map 3m Algo r_drbfn Exp drbfn_3m_v2 updates 525/1250 episodes, total num timesteps 841600/2000000, FPS 78.

incre win rate is 0.9949367088607595.
eval win rate is 1.0.

 Map 3m Algo r_drbfn Exp drbfn_3m_v2 updates 530/1250 episodes, total num timesteps 849600/2000000, FPS 78.

incre win rate is 0.9974874371859297.

 Map 3m Algo r_drbfn Exp drbfn_3m_v2 updates 535/1250 episodes, total num timesteps 857600/2000000, FPS 78.

incre win rate is 0.9949367088607595.

 Map 3m Algo r_drbfn Exp drbfn_3m_v2 updates 540/1250 episodes, total num timesteps 865600/2000000, FPS 78.

incre win rate is 0.9898477157360406.

 Map 3m Algo r_drbfn Exp drbfn_3m_v2 updates 545/1250 episodes, total num timesteps 873600/2000000, FPS 78.

incre win rate is 0.9797979797979798.

 Map 3m Algo r_drbfn Exp drbfn_3m_v2 updates 550/1250 episodes, total num timesteps 881600/2000000, FPS 78.

incre win rate is 0.9694656488549618.
eval win rate is 1.0.

 Map 3m Algo r_drbfn Exp drbfn_3m_v2 updates 555/1250 episodes, total num timesteps 889600/2000000, FPS 78.

incre win rate is 0.9924433249370277.

 Map 3m Algo r_drbfn Exp drbfn_3m_v2 updates 560/1250 episodes, total num timesteps 897600/2000000, FPS 77.

incre win rate is 0.9950124688279302.

 Map 3m Algo r_drbfn Exp drbfn_3m_v2 updates 565/1250 episodes, total num timesteps 905600/2000000, FPS 78.

incre win rate is 0.9974937343358395.

 Map 3m Algo r_drbfn Exp drbfn_3m_v2 updates 570/1250 episodes, total num timesteps 913600/2000000, FPS 78.

incre win rate is 0.9874371859296482.

 Map 3m Algo r_drbfn Exp drbfn_3m_v2 updates 575/1250 episodes, total num timesteps 921600/2000000, FPS 77.

incre win rate is 0.9722222222222222.
eval win rate is 1.0.

 Map 3m Algo r_drbfn Exp drbfn_3m_v2 updates 580/1250 episodes, total num timesteps 929600/2000000, FPS 77.

incre win rate is 0.9974937343358395.

 Map 3m Algo r_drbfn Exp drbfn_3m_v2 updates 585/1250 episodes, total num timesteps 937600/2000000, FPS 77.

incre win rate is 0.9873096446700508.

 Map 3m Algo r_drbfn Exp drbfn_3m_v2 updates 590/1250 episodes, total num timesteps 945600/2000000, FPS 77.

incre win rate is 0.9975.

 Map 3m Algo r_drbfn Exp drbfn_3m_v2 updates 595/1250 episodes, total num timesteps 953600/2000000, FPS 77.

incre win rate is 0.9899497487437185.

 Map 3m Algo r_drbfn Exp drbfn_3m_v2 updates 600/1250 episodes, total num timesteps 961600/2000000, FPS 77.

incre win rate is 0.9950124688279302.
eval win rate is 1.0.

 Map 3m Algo r_drbfn Exp drbfn_3m_v2 updates 605/1250 episodes, total num timesteps 969600/2000000, FPS 77.

incre win rate is 0.9924433249370277.

 Map 3m Algo r_drbfn Exp drbfn_3m_v2 updates 610/1250 episodes, total num timesteps 977600/2000000, FPS 77.

incre win rate is 0.9924242424242424.

 Map 3m Algo r_drbfn Exp drbfn_3m_v2 updates 615/1250 episodes, total num timesteps 985600/2000000, FPS 77.

incre win rate is 0.9873417721518988.

 Map 3m Algo r_drbfn Exp drbfn_3m_v2 updates 620/1250 episodes, total num timesteps 993600/2000000, FPS 77.

incre win rate is 0.9949367088607595.

 Map 3m Algo r_drbfn Exp drbfn_3m_v2 updates 625/1250 episodes, total num timesteps 1001600/2000000, FPS 77.

incre win rate is 0.9924433249370277.
eval win rate is 1.0.

 Map 3m Algo r_drbfn Exp drbfn_3m_v2 updates 630/1250 episodes, total num timesteps 1009600/2000000, FPS 77.

incre win rate is 0.9923469387755102.

 Map 3m Algo r_drbfn Exp drbfn_3m_v2 updates 635/1250 episodes, total num timesteps 1017600/2000000, FPS 77.

incre win rate is 0.9796954314720813.

 Map 3m Algo r_drbfn Exp drbfn_3m_v2 updates 640/1250 episodes, total num timesteps 1025600/2000000, FPS 77.

incre win rate is 0.9949622166246851.

 Map 3m Algo r_drbfn Exp drbfn_3m_v2 updates 645/1250 episodes, total num timesteps 1033600/2000000, FPS 77.

incre win rate is 0.9924812030075187.

 Map 3m Algo r_drbfn Exp drbfn_3m_v2 updates 650/1250 episodes, total num timesteps 1041600/2000000, FPS 77.

incre win rate is 0.9924433249370277.
eval win rate is 0.96875.

 Map 3m Algo r_drbfn Exp drbfn_3m_v2 updates 655/1250 episodes, total num timesteps 1049600/2000000, FPS 77.

incre win rate is 0.9925.

 Map 3m Algo r_drbfn Exp drbfn_3m_v2 updates 660/1250 episodes, total num timesteps 1057600/2000000, FPS 77.

incre win rate is 0.9975062344139651.

 Map 3m Algo r_drbfn Exp drbfn_3m_v2 updates 665/1250 episodes, total num timesteps 1065600/2000000, FPS 77.

incre win rate is 0.9874686716791979.

 Map 3m Algo r_drbfn Exp drbfn_3m_v2 updates 670/1250 episodes, total num timesteps 1073600/2000000, FPS 77.

incre win rate is 0.9950124688279302.

 Map 3m Algo r_drbfn Exp drbfn_3m_v2 updates 675/1250 episodes, total num timesteps 1081600/2000000, FPS 77.

incre win rate is 0.9849624060150376.
eval win rate is 1.0.

 Map 3m Algo r_drbfn Exp drbfn_3m_v2 updates 680/1250 episodes, total num timesteps 1089600/2000000, FPS 78.

incre win rate is 0.9875.

 Map 3m Algo r_drbfn Exp drbfn_3m_v2 updates 685/1250 episodes, total num timesteps 1097600/2000000, FPS 78.

incre win rate is 1.0.

 Map 3m Algo r_drbfn Exp drbfn_3m_v2 updates 690/1250 episodes, total num timesteps 1105600/2000000, FPS 78.

incre win rate is 0.9950738916256158.

 Map 3m Algo r_drbfn Exp drbfn_3m_v2 updates 695/1250 episodes, total num timesteps 1113600/2000000, FPS 78.

incre win rate is 0.99.

 Map 3m Algo r_drbfn Exp drbfn_3m_v2 updates 700/1250 episodes, total num timesteps 1121600/2000000, FPS 78.

incre win rate is 0.995.
eval win rate is 1.0.

 Map 3m Algo r_drbfn Exp drbfn_3m_v2 updates 705/1250 episodes, total num timesteps 1129600/2000000, FPS 78.

incre win rate is 0.9925.

 Map 3m Algo r_drbfn Exp drbfn_3m_v2 updates 710/1250 episodes, total num timesteps 1137600/2000000, FPS 78.

incre win rate is 0.9975124378109452.

 Map 3m Algo r_drbfn Exp drbfn_3m_v2 updates 715/1250 episodes, total num timesteps 1145600/2000000, FPS 78.

incre win rate is 0.995049504950495.

 Map 3m Algo r_drbfn Exp drbfn_3m_v2 updates 720/1250 episodes, total num timesteps 1153600/2000000, FPS 78.

incre win rate is 1.0.

 Map 3m Algo r_drbfn Exp drbfn_3m_v2 updates 725/1250 episodes, total num timesteps 1161600/2000000, FPS 78.

incre win rate is 1.0.
eval win rate is 1.0.

 Map 3m Algo r_drbfn Exp drbfn_3m_v2 updates 730/1250 episodes, total num timesteps 1169600/2000000, FPS 78.

incre win rate is 1.0.

 Map 3m Algo r_drbfn Exp drbfn_3m_v2 updates 735/1250 episodes, total num timesteps 1177600/2000000, FPS 78.

incre win rate is 0.9877149877149877.

 Map 3m Algo r_drbfn Exp drbfn_3m_v2 updates 740/1250 episodes, total num timesteps 1185600/2000000, FPS 78.

incre win rate is 0.9826302729528535.

 Map 3m Algo r_drbfn Exp drbfn_3m_v2 updates 745/1250 episodes, total num timesteps 1193600/2000000, FPS 78.

incre win rate is 0.9876237623762376.

 Map 3m Algo r_drbfn Exp drbfn_3m_v2 updates 750/1250 episodes, total num timesteps 1201600/2000000, FPS 78.

incre win rate is 0.9826302729528535.
eval win rate is 0.96875.

 Map 3m Algo r_drbfn Exp drbfn_3m_v2 updates 755/1250 episodes, total num timesteps 1209600/2000000, FPS 78.

incre win rate is 1.0.

 Map 3m Algo r_drbfn Exp drbfn_3m_v2 updates 760/1250 episodes, total num timesteps 1217600/2000000, FPS 78.

incre win rate is 0.9925187032418953.

 Map 3m Algo r_drbfn Exp drbfn_3m_v2 updates 765/1250 episodes, total num timesteps 1225600/2000000, FPS 78.

incre win rate is 1.0.

 Map 3m Algo r_drbfn Exp drbfn_3m_v2 updates 770/1250 episodes, total num timesteps 1233600/2000000, FPS 78.

incre win rate is 0.9900744416873449.

 Map 3m Algo r_drbfn Exp drbfn_3m_v2 updates 775/1250 episodes, total num timesteps 1241600/2000000, FPS 78.

incre win rate is 0.9975429975429976.WARNING:absl:SC2 isn't running, so bailing early on the websocket connection.
Process Process-2:
Traceback (most recent call last):
  File "c:\users\张英铭\desktop\on-policy\onpolicy\envs\starcraft2\StarCraft2_Env.py", line 484, in step
    self._controller.actions(req_actions)
  File "D:\conda\Lib\site-packages\pysc2\lib\remote_controller.py", line 81, in _skip_status
    return func(self, *args, **kwargs)
           ^^^^^^^^^^^^^^^^^^^^^^^^^^^
  File "D:\conda\Lib\site-packages\pysc2\lib\remote_controller.py", line 92, in _valid_status
    raise protocol.ProtocolError(
pysc2.lib.protocol.ProtocolError: `actions` called while in state: Status.ended, valid: (Status.in_game)

During handling of the above exception, another exception occurred:

Traceback (most recent call last):
  File "D:\conda\Lib\multiprocessing\process.py", line 314, in _bootstrap
    self.run()
  File "D:\conda\Lib\multiprocessing\process.py", line 108, in run
    self._target(*self._args, **self._kwargs)
  File "c:\users\张英铭\desktop\on-policy\onpolicy\envs\env_wrappers.py", line 326, in shareworker
    ob, s_ob, reward, done, info, available_actions = env.step(data)
                                                      ^^^^^^^^^^^^^^
  File "c:\users\张英铭\desktop\on-policy\onpolicy\envs\starcraft2\StarCraft2_Env.py", line 490, in step
    self.full_restart()
  File "c:\users\张英铭\desktop\on-policy\onpolicy\envs\starcraft2\StarCraft2_Env.py", line 452, in full_restart
    self._launch()
  File "c:\users\张英铭\desktop\on-policy\onpolicy\envs\starcraft2\StarCraft2_Env.py", line 338, in _launch
    self._sc2_proc = self._run_config.start(window_size=self.window_size, want_rgb=False)
                     ^^^^^^^^^^^^^^^^^^^^^^^^^^^^^^^^^^^^^^^^^^^^^^^^^^^^^^^^^^^^^^^^^^^^
  File "D:\conda\Lib\site-packages\pysc2\run_configs\platforms.py", line 83, in start
    return sc_process.StarcraftProcess(
           ^^^^^^^^^^^^^^^^^^^^^^^^^^^^
  File "D:\conda\Lib\site-packages\pysc2\lib\sc_process.py", line 137, in __init__
    self._controller = remote_controller.RemoteController(
                       ^^^^^^^^^^^^^^^^^^^^^^^^^^^^^^^^^^^
  File "D:\conda\Lib\site-packages\pysc2\lib\remote_controller.py", line 142, in __init__
    sock = self._connect(host, port, proc, timeout_seconds)
           ^^^^^^^^^^^^^^^^^^^^^^^^^^^^^^^^^^^^^^^^^^^^^^^^
  File "D:\conda\Lib\site-packages\pysc2\lib\stopwatch.py", line 205, in _stopwatch
    return func(*args, **kwargs)
           ^^^^^^^^^^^^^^^^^^^^^
  File "D:\conda\Lib\site-packages\pysc2\lib\remote_controller.py", line 176, in _connect
    raise ConnectError("Failed to connect to the SC2 websocket. Is it up?")
pysc2.lib.remote_controller.ConnectError: Failed to connect to the SC2 websocket. Is it up?

eval win rate is 1.0.

 Map 3m Algo r_drbfn Exp drbfn_3m_v2 updates 780/1250 episodes, total num timesteps 1249600/2000000, FPS 78.

incre win rate is 0.9975429975429976.

 Map 3m Algo r_drbfn Exp drbfn_3m_v2 updates 785/1250 episodes, total num timesteps 1257600/2000000, FPS 78.

incre win rate is 1.0.

 Map 3m Algo r_drbfn Exp drbfn_3m_v2 updates 790/1250 episodes, total num timesteps 1265600/2000000, FPS 78.

incre win rate is 0.9950738916256158.

 Map 3m Algo r_drbfn Exp drbfn_3m_v2 updates 795/1250 episodes, total num timesteps 1273600/2000000, FPS 78.

incre win rate is 0.9950617283950617.

 Map 3m Algo r_drbfn Exp drbfn_3m_v2 updates 800/1250 episodes, total num timesteps 1281600/2000000, FPS 78.

incre win rate is 0.9950617283950617.
eval win rate is 1.0.

 Map 3m Algo r_drbfn Exp drbfn_3m_v2 updates 805/1250 episodes, total num timesteps 1289600/2000000, FPS 78.

incre win rate is 1.0.
Traceback (most recent call last):
  File "D:\conda\Lib\multiprocessing\connection.py", line 317, in _recv_bytes
    ov, err = _winapi.ReadFile(self._handle, bsize,
              ^^^^^^^^^^^^^^^^^^^^^^^^^^^^^^^^^^^^^
BrokenPipeError: [WinError 109] 管道已结束。

During handling of the above exception, another exception occurred:

Traceback (most recent call last):
  File "C:\Users\张英铭\Desktop\on-policy\onpolicy\scripts\train\train_smac.py", line 262, in <module>
    main(sys.argv[1:])
  File "C:\Users\张英铭\Desktop\on-policy\onpolicy\scripts\train\train_smac.py", line 246, in main
    runner.run()
  File "c:\users\张英铭\desktop\on-policy\onpolicy\runner\shared\smac_runner.py", line 34, in run
    obs, share_obs, rewards, dones, infos, available_actions = self.envs.step(actions)
                                                               ^^^^^^^^^^^^^^^^^^^^^^^
  File "c:\users\张英铭\desktop\on-policy\onpolicy\envs\env_wrappers.py", line 107, in step
    return self.step_wait()
           ^^^^^^^^^^^^^^^^
  File "c:\users\张英铭\desktop\on-policy\onpolicy\envs\env_wrappers.py", line 389, in step_wait
    results = [remote.recv() for remote in self.remotes]
               ^^^^^^^^^^^^^
  File "D:\conda\Lib\multiprocessing\connection.py", line 250, in recv
    buf = self._recv_bytes()
          ^^^^^^^^^^^^^^^^^^
  File "D:\conda\Lib\multiprocessing\connection.py", line 337, in _recv_bytes
    raise EOFError
EOFError
