D:\conda\Lib\site-packages\requests\__init__.py:113: RequestsDependencyWarning: urllib3 (2.2.3) or chardet (7.4.3)/charset_normalizer (3.3.2) doesn't match a supported version!
  warnings.warn(
u are choosing to use r_drbfn (DRBFN), keeping use_centralized_V = True
choose to use gpu...
obs_space:  [[124, [4, 17], [6, 5], [1, 4], [1, 22]], [124, [4, 17], [6, 5], [1, 4], [1, 22]], [124, [4, 17], [6, 5], [1, 4], [1, 22]], [124, [4, 17], [6, 5], [1, 4], [1, 22]], [124, [4, 17], [6, 5], [1, 4], [1, 22]]]
share_obs_space:  [[156, [4, 20], [6, 8], [1, 4], [1, 24]], [156, [4, 20], [6, 8], [1, 4], [1, 24]], [156, [4, 20], [6, 8], [1, 4], [1, 24]], [156, [4, 20], [6, 8], [1, 4], [1, 24]], [156, [4, 20], [6, 8], [1, 4], [1, 24]]]
act_space:  [Discrete(12), Discrete(12), Discrete(12), Discrete(12), Discrete(12)]

 Map 5m_vs_6m Algo r_drbfn Exp drbfn_5m_vs_6m updates 0/1250 episodes, total num timesteps 1600/2000000, FPS 83.

incre win rate is 0.0.
eval win rate is 0.0.

 Map 5m_vs_6m Algo r_drbfn Exp drbfn_5m_vs_6m updates 5/1250 episodes, total num timesteps 9600/2000000, FPS 60.

incre win rate is 0.0.

 Map 5m_vs_6m Algo r_drbfn Exp drbfn_5m_vs_6m updates 10/1250 episodes, total num timesteps 17600/2000000, FPS 70.

incre win rate is 0.0.

 Map 5m_vs_6m Algo r_drbfn Exp drbfn_5m_vs_6m updates 15/1250 episodes, total num timesteps 25600/2000000, FPS 76.

incre win rate is 0.0.

 Map 5m_vs_6m Algo r_drbfn Exp drbfn_5m_vs_6m updates 20/1250 episodes, total num timesteps 33600/2000000, FPS 79.

incre win rate is 0.0.

 Map 5m_vs_6m Algo r_drbfn Exp drbfn_5m_vs_6m updates 25/1250 episodes, total num timesteps 41600/2000000, FPS 81.

incre win rate is 0.0.
eval win rate is 0.0.

 Map 5m_vs_6m Algo r_drbfn Exp drbfn_5m_vs_6m updates 30/1250 episodes, total num timesteps 49600/2000000, FPS 81.

incre win rate is 0.0.

 Map 5m_vs_6m Algo r_drbfn Exp drbfn_5m_vs_6m updates 35/1250 episodes, total num timesteps 57600/2000000, FPS 82.

incre win rate is 0.0.

 Map 5m_vs_6m Algo r_drbfn Exp drbfn_5m_vs_6m updates 40/1250 episodes, total num timesteps 65600/2000000, FPS 83.

incre win rate is 0.0.

 Map 5m_vs_6m Algo r_drbfn Exp drbfn_5m_vs_6m updates 45/1250 episodes, total num timesteps 73600/2000000, FPS 84.

incre win rate is 0.0.

 Map 5m_vs_6m Algo r_drbfn Exp drbfn_5m_vs_6m updates 50/1250 episodes, total num timesteps 81600/2000000, FPS 85.

incre win rate is 0.0.
eval win rate is 0.0.

 Map 5m_vs_6m Algo r_drbfn Exp drbfn_5m_vs_6m updates 55/1250 episodes, total num timesteps 89600/2000000, FPS 84.

incre win rate is 0.0.

 Map 5m_vs_6m Algo r_drbfn Exp drbfn_5m_vs_6m updates 60/1250 episodes, total num timesteps 97600/2000000, FPS 86.

incre win rate is 0.0.

 Map 5m_vs_6m Algo r_drbfn Exp drbfn_5m_vs_6m updates 65/1250 episodes, total num timesteps 105600/2000000, FPS 86.

incre win rate is 0.0027624309392265192.

 Map 5m_vs_6m Algo r_drbfn Exp drbfn_5m_vs_6m updates 70/1250 episodes, total num timesteps 113600/2000000, FPS 87.

incre win rate is 0.0027100271002710027.

 Map 5m_vs_6m Algo r_drbfn Exp drbfn_5m_vs_6m updates 75/1250 episodes, total num timesteps 121600/2000000, FPS 89.

incre win rate is 0.011111111111111112.
eval win rate is 0.03125.

 Map 5m_vs_6m Algo r_drbfn Exp drbfn_5m_vs_6m updates 80/1250 episodes, total num timesteps 129600/2000000, FPS 88.

incre win rate is 0.011019283746556474.

 Map 5m_vs_6m Algo r_drbfn Exp drbfn_5m_vs_6m updates 85/1250 episodes, total num timesteps 137600/2000000, FPS 88.

incre win rate is 0.011396011396011397.

 Map 5m_vs_6m Algo r_drbfn Exp drbfn_5m_vs_6m updates 90/1250 episodes, total num timesteps 145600/2000000, FPS 88.

incre win rate is 0.022408963585434174.

 Map 5m_vs_6m Algo r_drbfn Exp drbfn_5m_vs_6m updates 95/1250 episodes, total num timesteps 153600/2000000, FPS 88.

incre win rate is 0.028011204481792718.

 Map 5m_vs_6m Algo r_drbfn Exp drbfn_5m_vs_6m updates 100/1250 episodes, total num timesteps 161600/2000000, FPS 88.

incre win rate is 0.033707865168539325.
eval win rate is 0.1875.

 Map 5m_vs_6m Algo r_drbfn Exp drbfn_5m_vs_6m updates 105/1250 episodes, total num timesteps 169600/2000000, FPS 87.

incre win rate is 0.03735632183908046.

 Map 5m_vs_6m Algo r_drbfn Exp drbfn_5m_vs_6m updates 110/1250 episodes, total num timesteps 177600/2000000, FPS 85.

incre win rate is 0.05172413793103448.

 Map 5m_vs_6m Algo r_drbfn Exp drbfn_5m_vs_6m updates 115/1250 episodes, total num timesteps 185600/2000000, FPS 84.

incre win rate is 0.031791907514450865.

 Map 5m_vs_6m Algo r_drbfn Exp drbfn_5m_vs_6m updates 120/1250 episodes, total num timesteps 193600/2000000, FPS 83.

incre win rate is 0.04985337243401759.

 Map 5m_vs_6m Algo r_drbfn Exp drbfn_5m_vs_6m updates 125/1250 episodes, total num timesteps 201600/2000000, FPS 82.

incre win rate is 0.06567164179104477.
eval win rate is 0.125.

 Map 5m_vs_6m Algo r_drbfn Exp drbfn_5m_vs_6m updates 130/1250 episodes, total num timesteps 209600/2000000, FPS 80.

incre win rate is 0.08484848484848485.

 Map 5m_vs_6m Algo r_drbfn Exp drbfn_5m_vs_6m updates 135/1250 episodes, total num timesteps 217600/2000000, FPS 80.

incre win rate is 0.08928571428571429.

 Map 5m_vs_6m Algo r_drbfn Exp drbfn_5m_vs_6m updates 140/1250 episodes, total num timesteps 225600/2000000, FPS 80.

incre win rate is 0.10089020771513353.

 Map 5m_vs_6m Algo r_drbfn Exp drbfn_5m_vs_6m updates 145/1250 episodes, total num timesteps 233600/2000000, FPS 80.

incre win rate is 0.12576687116564417.

 Map 5m_vs_6m Algo r_drbfn Exp drbfn_5m_vs_6m updates 150/1250 episodes, total num timesteps 241600/2000000, FPS 81.

incre win rate is 0.14153846153846153.
eval win rate is 0.125.

 Map 5m_vs_6m Algo r_drbfn Exp drbfn_5m_vs_6m updates 155/1250 episodes, total num timesteps 249600/2000000, FPS 80.

incre win rate is 0.12307692307692308.

 Map 5m_vs_6m Algo r_drbfn Exp drbfn_5m_vs_6m updates 160/1250 episodes, total num timesteps 257600/2000000, FPS 80.

incre win rate is 0.12693498452012383.

 Map 5m_vs_6m Algo r_drbfn Exp drbfn_5m_vs_6m updates 165/1250 episodes, total num timesteps 265600/2000000, FPS 80.

incre win rate is 0.12269938650306748.

 Map 5m_vs_6m Algo r_drbfn Exp drbfn_5m_vs_6m updates 170/1250 episodes, total num timesteps 273600/2000000, FPS 80.

incre win rate is 0.14939024390243902.

 Map 5m_vs_6m Algo r_drbfn Exp drbfn_5m_vs_6m updates 175/1250 episodes, total num timesteps 281600/2000000, FPS 80.

incre win rate is 0.1165644171779141.
eval win rate is 0.25.

 Map 5m_vs_6m Algo r_drbfn Exp drbfn_5m_vs_6m updates 180/1250 episodes, total num timesteps 289600/2000000, FPS 80.

incre win rate is 0.14759036144578314.

 Map 5m_vs_6m Algo r_drbfn Exp drbfn_5m_vs_6m updates 185/1250 episodes, total num timesteps 297600/2000000, FPS 79.

incre win rate is 0.178125.

 Map 5m_vs_6m Algo r_drbfn Exp drbfn_5m_vs_6m updates 190/1250 episodes, total num timesteps 305600/2000000, FPS 79.

incre win rate is 0.14906832298136646.

 Map 5m_vs_6m Algo r_drbfn Exp drbfn_5m_vs_6m updates 195/1250 episodes, total num timesteps 313600/2000000, FPS 79.

incre win rate is 0.12424242424242424.

 Map 5m_vs_6m Algo r_drbfn Exp drbfn_5m_vs_6m updates 200/1250 episodes, total num timesteps 321600/2000000, FPS 80.

incre win rate is 0.14329268292682926.
eval win rate is 0.21875.

 Map 5m_vs_6m Algo r_drbfn Exp drbfn_5m_vs_6m updates 205/1250 episodes, total num timesteps 329600/2000000, FPS 80.

incre win rate is 0.1303030303030303.

 Map 5m_vs_6m Algo r_drbfn Exp drbfn_5m_vs_6m updates 210/1250 episodes, total num timesteps 337600/2000000, FPS 80.

incre win rate is 0.1798780487804878.

 Map 5m_vs_6m Algo r_drbfn Exp drbfn_5m_vs_6m updates 215/1250 episodes, total num timesteps 345600/2000000, FPS 80.

incre win rate is 0.15963855421686746.

 Map 5m_vs_6m Algo r_drbfn Exp drbfn_5m_vs_6m updates 220/1250 episodes, total num timesteps 353600/2000000, FPS 80.

incre win rate is 0.2392638036809816.

 Map 5m_vs_6m Algo r_drbfn Exp drbfn_5m_vs_6m updates 225/1250 episodes, total num timesteps 361600/2000000, FPS 81.

incre win rate is 0.2246153846153846.
eval win rate is 0.375.

 Map 5m_vs_6m Algo r_drbfn Exp drbfn_5m_vs_6m updates 230/1250 episodes, total num timesteps 369600/2000000, FPS 82.

incre win rate is 0.18461538461538463.

 Map 5m_vs_6m Algo r_drbfn Exp drbfn_5m_vs_6m updates 235/1250 episodes, total num timesteps 377600/2000000, FPS 83.

incre win rate is 0.22085889570552147.

 Map 5m_vs_6m Algo r_drbfn Exp drbfn_5m_vs_6m updates 240/1250 episodes, total num timesteps 385600/2000000, FPS 83.

incre win rate is 0.1826625386996904.

 Map 5m_vs_6m Algo r_drbfn Exp drbfn_5m_vs_6m updates 245/1250 episodes, total num timesteps 393600/2000000, FPS 84.

incre win rate is 0.22530864197530864.

 Map 5m_vs_6m Algo r_drbfn Exp drbfn_5m_vs_6m updates 250/1250 episodes, total num timesteps 401600/2000000, FPS 85.

incre win rate is 0.26791277258566976.
eval win rate is 0.21875.

 Map 5m_vs_6m Algo r_drbfn Exp drbfn_5m_vs_6m updates 255/1250 episodes, total num timesteps 409600/2000000, FPS 86.

incre win rate is 0.2.

 Map 5m_vs_6m Algo r_drbfn Exp drbfn_5m_vs_6m updates 260/1250 episodes, total num timesteps 417600/2000000, FPS 86.

incre win rate is 0.19003115264797507.

 Map 5m_vs_6m Algo r_drbfn Exp drbfn_5m_vs_6m updates 265/1250 episodes, total num timesteps 425600/2000000, FPS 86.

incre win rate is 0.2043343653250774.

 Map 5m_vs_6m Algo r_drbfn Exp drbfn_5m_vs_6m updates 270/1250 episodes, total num timesteps 433600/2000000, FPS 87.

incre win rate is 0.21875.

 Map 5m_vs_6m Algo r_drbfn Exp drbfn_5m_vs_6m updates 275/1250 episodes, total num timesteps 441600/2000000, FPS 87.

incre win rate is 0.2222222222222222.
eval win rate is 0.3125.

 Map 5m_vs_6m Algo r_drbfn Exp drbfn_5m_vs_6m updates 280/1250 episodes, total num timesteps 449600/2000000, FPS 87.

incre win rate is 0.2236024844720497.

 Map 5m_vs_6m Algo r_drbfn Exp drbfn_5m_vs_6m updates 285/1250 episodes, total num timesteps 457600/2000000, FPS 87.

incre win rate is 0.23510971786833856.

 Map 5m_vs_6m Algo r_drbfn Exp drbfn_5m_vs_6m updates 290/1250 episodes, total num timesteps 465600/2000000, FPS 88.

incre win rate is 0.23417721518987342.

 Map 5m_vs_6m Algo r_drbfn Exp drbfn_5m_vs_6m updates 295/1250 episodes, total num timesteps 473600/2000000, FPS 88.

incre win rate is 0.2664576802507837.

 Map 5m_vs_6m Algo r_drbfn Exp drbfn_5m_vs_6m updates 300/1250 episodes, total num timesteps 481600/2000000, FPS 89.

incre win rate is 0.25.
eval win rate is 0.375.

 Map 5m_vs_6m Algo r_drbfn Exp drbfn_5m_vs_6m updates 305/1250 episodes, total num timesteps 489600/2000000, FPS 89.

incre win rate is 0.2802547770700637.

 Map 5m_vs_6m Algo r_drbfn Exp drbfn_5m_vs_6m updates 310/1250 episodes, total num timesteps 497600/2000000, FPS 89.

incre win rate is 0.3396825396825397.

 Map 5m_vs_6m Algo r_drbfn Exp drbfn_5m_vs_6m updates 315/1250 episodes, total num timesteps 505600/2000000, FPS 89.

incre win rate is 0.32075471698113206.

 Map 5m_vs_6m Algo r_drbfn Exp drbfn_5m_vs_6m updates 320/1250 episodes, total num timesteps 513600/2000000, FPS 90.

incre win rate is 0.3510971786833856.

 Map 5m_vs_6m Algo r_drbfn Exp drbfn_5m_vs_6m updates 325/1250 episodes, total num timesteps 521600/2000000, FPS 89.

incre win rate is 0.38412698412698415.
eval win rate is 0.3125.

 Map 5m_vs_6m Algo r_drbfn Exp drbfn_5m_vs_6m updates 330/1250 episodes, total num timesteps 529600/2000000, FPS 89.

incre win rate is 0.33753943217665616.

 Map 5m_vs_6m Algo r_drbfn Exp drbfn_5m_vs_6m updates 335/1250 episodes, total num timesteps 537600/2000000, FPS 90.

incre win rate is 0.34591194968553457.

 Map 5m_vs_6m Algo r_drbfn Exp drbfn_5m_vs_6m updates 340/1250 episodes, total num timesteps 545600/2000000, FPS 90.

incre win rate is 0.31347962382445144.

 Map 5m_vs_6m Algo r_drbfn Exp drbfn_5m_vs_6m updates 345/1250 episodes, total num timesteps 553600/2000000, FPS 90.

incre win rate is 0.3396825396825397.

 Map 5m_vs_6m Algo r_drbfn Exp drbfn_5m_vs_6m updates 350/1250 episodes, total num timesteps 561600/2000000, FPS 90.

incre win rate is 0.3769968051118211.
eval win rate is 0.53125.

 Map 5m_vs_6m Algo r_drbfn Exp drbfn_5m_vs_6m updates 355/1250 episodes, total num timesteps 569600/2000000, FPS 90.

incre win rate is 0.35873015873015873.

 Map 5m_vs_6m Algo r_drbfn Exp drbfn_5m_vs_6m updates 360/1250 episodes, total num timesteps 577600/2000000, FPS 90.

incre win rate is 0.36129032258064514.

 Map 5m_vs_6m Algo r_drbfn Exp drbfn_5m_vs_6m updates 365/1250 episodes, total num timesteps 585600/2000000, FPS 91.

incre win rate is 0.38311688311688313.

 Map 5m_vs_6m Algo r_drbfn Exp drbfn_5m_vs_6m updates 370/1250 episodes, total num timesteps 593600/2000000, FPS 91.

incre win rate is 0.3818770226537217.

 Map 5m_vs_6m Algo r_drbfn Exp drbfn_5m_vs_6m updates 375/1250 episodes, total num timesteps 601600/2000000, FPS 91.

incre win rate is 0.3633440514469453.
eval win rate is 0.59375.

 Map 5m_vs_6m Algo r_drbfn Exp drbfn_5m_vs_6m updates 380/1250 episodes, total num timesteps 609600/2000000, FPS 91.

incre win rate is 0.3279742765273312.

 Map 5m_vs_6m Algo r_drbfn Exp drbfn_5m_vs_6m updates 385/1250 episodes, total num timesteps 617600/2000000, FPS 91.

incre win rate is 0.2984126984126984.

 Map 5m_vs_6m Algo r_drbfn Exp drbfn_5m_vs_6m updates 390/1250 episodes, total num timesteps 625600/2000000, FPS 91.

incre win rate is 0.3333333333333333.

 Map 5m_vs_6m Algo r_drbfn Exp drbfn_5m_vs_6m updates 395/1250 episodes, total num timesteps 633600/2000000, FPS 91.

incre win rate is 0.321875.

 Map 5m_vs_6m Algo r_drbfn Exp drbfn_5m_vs_6m updates 400/1250 episodes, total num timesteps 641600/2000000, FPS 91.

incre win rate is 0.35514018691588783.
eval win rate is 0.6875.

 Map 5m_vs_6m Algo r_drbfn Exp drbfn_5m_vs_6m updates 405/1250 episodes, total num timesteps 649600/2000000, FPS 91.

incre win rate is 0.34076433121019106.

 Map 5m_vs_6m Algo r_drbfn Exp drbfn_5m_vs_6m updates 410/1250 episodes, total num timesteps 657600/2000000, FPS 91.

incre win rate is 0.305993690851735.

 Map 5m_vs_6m Algo r_drbfn Exp drbfn_5m_vs_6m updates 415/1250 episodes, total num timesteps 665600/2000000, FPS 92.

incre win rate is 0.3639240506329114.

 Map 5m_vs_6m Algo r_drbfn Exp drbfn_5m_vs_6m updates 420/1250 episodes, total num timesteps 673600/2000000, FPS 92.

incre win rate is 0.330188679245283.

 Map 5m_vs_6m Algo r_drbfn Exp drbfn_5m_vs_6m updates 425/1250 episodes, total num timesteps 681600/2000000, FPS 92.

incre win rate is 0.3173076923076923.
eval win rate is 0.5625.

 Map 5m_vs_6m Algo r_drbfn Exp drbfn_5m_vs_6m updates 430/1250 episodes, total num timesteps 689600/2000000, FPS 92.

incre win rate is 0.29559748427672955.

 Map 5m_vs_6m Algo r_drbfn Exp drbfn_5m_vs_6m updates 435/1250 episodes, total num timesteps 697600/2000000, FPS 92.

incre win rate is 0.30094043887147337.

 Map 5m_vs_6m Algo r_drbfn Exp drbfn_5m_vs_6m updates 440/1250 episodes, total num timesteps 705600/2000000, FPS 92.

incre win rate is 0.346031746031746.

 Map 5m_vs_6m Algo r_drbfn Exp drbfn_5m_vs_6m updates 445/1250 episodes, total num timesteps 713600/2000000, FPS 92.

incre win rate is 0.3238095238095238.

 Map 5m_vs_6m Algo r_drbfn Exp drbfn_5m_vs_6m updates 450/1250 episodes, total num timesteps 721600/2000000, FPS 92.

incre win rate is 0.31875.
eval win rate is 0.40625.

 Map 5m_vs_6m Algo r_drbfn Exp drbfn_5m_vs_6m updates 455/1250 episodes, total num timesteps 729600/2000000, FPS 92.

incre win rate is 0.3559870550161812.

 Map 5m_vs_6m Algo r_drbfn Exp drbfn_5m_vs_6m updates 460/1250 episodes, total num timesteps 737600/2000000, FPS 92.

incre win rate is 0.43174603174603177.

 Map 5m_vs_6m Algo r_drbfn Exp drbfn_5m_vs_6m updates 465/1250 episodes, total num timesteps 745600/2000000, FPS 92.

incre win rate is 0.3312302839116719.

 Map 5m_vs_6m Algo r_drbfn Exp drbfn_5m_vs_6m updates 470/1250 episodes, total num timesteps 753600/2000000, FPS 92.

incre win rate is 0.3227848101265823.

 Map 5m_vs_6m Algo r_drbfn Exp drbfn_5m_vs_6m updates 475/1250 episodes, total num timesteps 761600/2000000, FPS 93.

incre win rate is 0.3858520900321543.
eval win rate is 0.59375.

 Map 5m_vs_6m Algo r_drbfn Exp drbfn_5m_vs_6m updates 480/1250 episodes, total num timesteps 769600/2000000, FPS 92.

incre win rate is 0.4630225080385852.

 Map 5m_vs_6m Algo r_drbfn Exp drbfn_5m_vs_6m updates 485/1250 episodes, total num timesteps 777600/2000000, FPS 93.

incre win rate is 0.391025641025641.

 Map 5m_vs_6m Algo r_drbfn Exp drbfn_5m_vs_6m updates 490/1250 episodes, total num timesteps 785600/2000000, FPS 92.

incre win rate is 0.3238993710691824.

 Map 5m_vs_6m Algo r_drbfn Exp drbfn_5m_vs_6m updates 495/1250 episodes, total num timesteps 793600/2000000, FPS 92.

incre win rate is 0.39158576051779936.

 Map 5m_vs_6m Algo r_drbfn Exp drbfn_5m_vs_6m updates 500/1250 episodes, total num timesteps 801600/2000000, FPS 92.

incre win rate is 0.3108974358974359.
eval win rate is 0.46875.

 Map 5m_vs_6m Algo r_drbfn Exp drbfn_5m_vs_6m updates 505/1250 episodes, total num timesteps 809600/2000000, FPS 92.

incre win rate is 0.33653846153846156.

 Map 5m_vs_6m Algo r_drbfn Exp drbfn_5m_vs_6m updates 510/1250 episodes, total num timesteps 817600/2000000, FPS 92.

incre win rate is 0.3492063492063492.

 Map 5m_vs_6m Algo r_drbfn Exp drbfn_5m_vs_6m updates 515/1250 episodes, total num timesteps 825600/2000000, FPS 93.

incre win rate is 0.3396825396825397.

 Map 5m_vs_6m Algo r_drbfn Exp drbfn_5m_vs_6m updates 520/1250 episodes, total num timesteps 833600/2000000, FPS 93.

incre win rate is 0.34177215189873417.

 Map 5m_vs_6m Algo r_drbfn Exp drbfn_5m_vs_6m updates 525/1250 episodes, total num timesteps 841600/2000000, FPS 93.

incre win rate is 0.346875.
eval win rate is 0.375.

 Map 5m_vs_6m Algo r_drbfn Exp drbfn_5m_vs_6m updates 530/1250 episodes, total num timesteps 849600/2000000, FPS 93.

incre win rate is 0.32710280373831774.

 Map 5m_vs_6m Algo r_drbfn Exp drbfn_5m_vs_6m updates 535/1250 episodes, total num timesteps 857600/2000000, FPS 93.

incre win rate is 0.3395061728395062.

 Map 5m_vs_6m Algo r_drbfn Exp drbfn_5m_vs_6m updates 540/1250 episodes, total num timesteps 865600/2000000, FPS 93.

incre win rate is 0.3471337579617834.

 Map 5m_vs_6m Algo r_drbfn Exp drbfn_5m_vs_6m updates 545/1250 episodes, total num timesteps 873600/2000000, FPS 93.

incre win rate is 0.37579617834394907.

 Map 5m_vs_6m Algo r_drbfn Exp drbfn_5m_vs_6m updates 550/1250 episodes, total num timesteps 881600/2000000, FPS 93.

incre win rate is 0.3184713375796178.
eval win rate is 0.4375.

 Map 5m_vs_6m Algo r_drbfn Exp drbfn_5m_vs_6m updates 555/1250 episodes, total num timesteps 889600/2000000, FPS 93.

incre win rate is 0.3238993710691824.

 Map 5m_vs_6m Algo r_drbfn Exp drbfn_5m_vs_6m updates 560/1250 episodes, total num timesteps 897600/2000000, FPS 93.

incre win rate is 0.3956386292834891.

 Map 5m_vs_6m Algo r_drbfn Exp drbfn_5m_vs_6m updates 565/1250 episodes, total num timesteps 905600/2000000, FPS 93.

incre win rate is 0.29846153846153844.

 Map 5m_vs_6m Algo r_drbfn Exp drbfn_5m_vs_6m updates 570/1250 episodes, total num timesteps 913600/2000000, FPS 93.

incre win rate is 0.3862928348909657.

 Map 5m_vs_6m Algo r_drbfn Exp drbfn_5m_vs_6m updates 575/1250 episodes, total num timesteps 921600/2000000, FPS 93.

incre win rate is 0.3281733746130031.
eval win rate is 0.46875.

 Map 5m_vs_6m Algo r_drbfn Exp drbfn_5m_vs_6m updates 580/1250 episodes, total num timesteps 929600/2000000, FPS 93.

incre win rate is 0.3375.

 Map 5m_vs_6m Algo r_drbfn Exp drbfn_5m_vs_6m updates 585/1250 episodes, total num timesteps 937600/2000000, FPS 93.

incre win rate is 0.3887147335423197.

 Map 5m_vs_6m Algo r_drbfn Exp drbfn_5m_vs_6m updates 590/1250 episodes, total num timesteps 945600/2000000, FPS 93.

incre win rate is 0.38485804416403785.

 Map 5m_vs_6m Algo r_drbfn Exp drbfn_5m_vs_6m updates 595/1250 episodes, total num timesteps 953600/2000000, FPS 93.

incre win rate is 0.340625.

 Map 5m_vs_6m Algo r_drbfn Exp drbfn_5m_vs_6m updates 600/1250 episodes, total num timesteps 961600/2000000, FPS 93.

incre win rate is 0.4012539184952978.
eval win rate is 0.5.

 Map 5m_vs_6m Algo r_drbfn Exp drbfn_5m_vs_6m updates 605/1250 episodes, total num timesteps 969600/2000000, FPS 93.

incre win rate is 0.4088050314465409.

 Map 5m_vs_6m Algo r_drbfn Exp drbfn_5m_vs_6m updates 610/1250 episodes, total num timesteps 977600/2000000, FPS 93.

incre win rate is 0.45396825396825397.

 Map 5m_vs_6m Algo r_drbfn Exp drbfn_5m_vs_6m updates 615/1250 episodes, total num timesteps 985600/2000000, FPS 93.

incre win rate is 0.36645962732919257.

 Map 5m_vs_6m Algo r_drbfn Exp drbfn_5m_vs_6m updates 620/1250 episodes, total num timesteps 993600/2000000, FPS 94.

incre win rate is 0.4272151898734177.

 Map 5m_vs_6m Algo r_drbfn Exp drbfn_5m_vs_6m updates 625/1250 episodes, total num timesteps 1001600/2000000, FPS 94.

incre win rate is 0.34276729559748426.
eval win rate is 0.4375.

 Map 5m_vs_6m Algo r_drbfn Exp drbfn_5m_vs_6m updates 630/1250 episodes, total num timesteps 1009600/2000000, FPS 93.

incre win rate is 0.34591194968553457.

 Map 5m_vs_6m Algo r_drbfn Exp drbfn_5m_vs_6m updates 635/1250 episodes, total num timesteps 1017600/2000000, FPS 94.

incre win rate is 0.3512658227848101.

 Map 5m_vs_6m Algo r_drbfn Exp drbfn_5m_vs_6m updates 640/1250 episodes, total num timesteps 1025600/2000000, FPS 94.

incre win rate is 0.3610223642172524.

 Map 5m_vs_6m Algo r_drbfn Exp drbfn_5m_vs_6m updates 645/1250 episodes, total num timesteps 1033600/2000000, FPS 94.

incre win rate is 0.37579617834394907.

 Map 5m_vs_6m Algo r_drbfn Exp drbfn_5m_vs_6m updates 650/1250 episodes, total num timesteps 1041600/2000000, FPS 93.

incre win rate is 0.3685897435897436.
eval win rate is 0.4375.

 Map 5m_vs_6m Algo r_drbfn Exp drbfn_5m_vs_6m updates 655/1250 episodes, total num timesteps 1049600/2000000, FPS 93.

incre win rate is 0.4180064308681672.

 Map 5m_vs_6m Algo r_drbfn Exp drbfn_5m_vs_6m updates 660/1250 episodes, total num timesteps 1057600/2000000, FPS 93.

incre win rate is 0.42857142857142855.

 Map 5m_vs_6m Algo r_drbfn Exp drbfn_5m_vs_6m updates 665/1250 episodes, total num timesteps 1065600/2000000, FPS 93.

incre win rate is 0.410828025477707.

 Map 5m_vs_6m Algo r_drbfn Exp drbfn_5m_vs_6m updates 670/1250 episodes, total num timesteps 1073600/2000000, FPS 93.

incre win rate is 0.41823899371069184.

 Map 5m_vs_6m Algo r_drbfn Exp drbfn_5m_vs_6m updates 675/1250 episodes, total num timesteps 1081600/2000000, FPS 93.

incre win rate is 0.4095238095238095.
eval win rate is 0.46875.

 Map 5m_vs_6m Algo r_drbfn Exp drbfn_5m_vs_6m updates 680/1250 episodes, total num timesteps 1089600/2000000, FPS 93.

incre win rate is 0.4177215189873418.

 Map 5m_vs_6m Algo r_drbfn Exp drbfn_5m_vs_6m updates 685/1250 episodes, total num timesteps 1097600/2000000, FPS 93.

incre win rate is 0.41479099678456594.

 Map 5m_vs_6m Algo r_drbfn Exp drbfn_5m_vs_6m updates 690/1250 episodes, total num timesteps 1105600/2000000, FPS 93.

incre win rate is 0.45222929936305734.

 Map 5m_vs_6m Algo r_drbfn Exp drbfn_5m_vs_6m updates 695/1250 episodes, total num timesteps 1113600/2000000, FPS 93.

incre win rate is 0.36741214057507987.

 Map 5m_vs_6m Algo r_drbfn Exp drbfn_5m_vs_6m updates 700/1250 episodes, total num timesteps 1121600/2000000, FPS 94.

incre win rate is 0.4050632911392405.
eval win rate is 0.40625.

 Map 5m_vs_6m Algo r_drbfn Exp drbfn_5m_vs_6m updates 705/1250 episodes, total num timesteps 1129600/2000000, FPS 93.

incre win rate is 0.35646687697160884.

 Map 5m_vs_6m Algo r_drbfn Exp drbfn_5m_vs_6m updates 710/1250 episodes, total num timesteps 1137600/2000000, FPS 94.

incre win rate is 0.35962145110410093.

 Map 5m_vs_6m Algo r_drbfn Exp drbfn_5m_vs_6m updates 715/1250 episodes, total num timesteps 1145600/2000000, FPS 94.

incre win rate is 0.3753943217665615.

 Map 5m_vs_6m Algo r_drbfn Exp drbfn_5m_vs_6m updates 720/1250 episodes, total num timesteps 1153600/2000000, FPS 94.

incre win rate is 0.35403726708074534.

 Map 5m_vs_6m Algo r_drbfn Exp drbfn_5m_vs_6m updates 725/1250 episodes, total num timesteps 1161600/2000000, FPS 94.

incre win rate is 0.45425867507886436.
eval win rate is 0.65625.

 Map 5m_vs_6m Algo r_drbfn Exp drbfn_5m_vs_6m updates 730/1250 episodes, total num timesteps 1169600/2000000, FPS 94.

incre win rate is 0.4339622641509434.

 Map 5m_vs_6m Algo r_drbfn Exp drbfn_5m_vs_6m updates 735/1250 episodes, total num timesteps 1177600/2000000, FPS 94.

incre win rate is 0.43769968051118213.

 Map 5m_vs_6m Algo r_drbfn Exp drbfn_5m_vs_6m updates 740/1250 episodes, total num timesteps 1185600/2000000, FPS 94.

incre win rate is 0.3987138263665595.

 Map 5m_vs_6m Algo r_drbfn Exp drbfn_5m_vs_6m updates 745/1250 episodes, total num timesteps 1193600/2000000, FPS 94.

incre win rate is 0.3738019169329074.

 Map 5m_vs_6m Algo r_drbfn Exp drbfn_5m_vs_6m updates 750/1250 episodes, total num timesteps 1201600/2000000, FPS 94.

incre win rate is 0.3753943217665615.
eval win rate is 0.46875.

 Map 5m_vs_6m Algo r_drbfn Exp drbfn_5m_vs_6m updates 755/1250 episodes, total num timesteps 1209600/2000000, FPS 94.

incre win rate is 0.38095238095238093.

 Map 5m_vs_6m Algo r_drbfn Exp drbfn_5m_vs_6m updates 760/1250 episodes, total num timesteps 1217600/2000000, FPS 94.

incre win rate is 0.33753943217665616.

 Map 5m_vs_6m Algo r_drbfn Exp drbfn_5m_vs_6m updates 765/1250 episodes, total num timesteps 1225600/2000000, FPS 94.

incre win rate is 0.3249211356466877.

 Map 5m_vs_6m Algo r_drbfn Exp drbfn_5m_vs_6m updates 770/1250 episodes, total num timesteps 1233600/2000000, FPS 94.

incre win rate is 0.40634920634920635.

 Map 5m_vs_6m Algo r_drbfn Exp drbfn_5m_vs_6m updates 775/1250 episodes, total num timesteps 1241600/2000000, FPS 94.

incre win rate is 0.31761006289308175.
eval win rate is 0.40625.

 Map 5m_vs_6m Algo r_drbfn Exp drbfn_5m_vs_6m updates 780/1250 episodes, total num timesteps 1249600/2000000, FPS 94.

incre win rate is 0.4525316455696203.

 Map 5m_vs_6m Algo r_drbfn Exp drbfn_5m_vs_6m updates 785/1250 episodes, total num timesteps 1257600/2000000, FPS 94.

incre win rate is 0.3682539682539683.

 Map 5m_vs_6m Algo r_drbfn Exp drbfn_5m_vs_6m updates 790/1250 episodes, total num timesteps 1265600/2000000, FPS 94.

incre win rate is 0.4012738853503185.

 Map 5m_vs_6m Algo r_drbfn Exp drbfn_5m_vs_6m updates 795/1250 episodes, total num timesteps 1273600/2000000, FPS 94.

incre win rate is 0.45425867507886436.

 Map 5m_vs_6m Algo r_drbfn Exp drbfn_5m_vs_6m updates 800/1250 episodes, total num timesteps 1281600/2000000, FPS 94.

incre win rate is 0.44936708860759494.
eval win rate is 0.3125.

 Map 5m_vs_6m Algo r_drbfn Exp drbfn_5m_vs_6m updates 805/1250 episodes, total num timesteps 1289600/2000000, FPS 94.

incre win rate is 0.4025157232704403.

 Map 5m_vs_6m Algo r_drbfn Exp drbfn_5m_vs_6m updates 810/1250 episodes, total num timesteps 1297600/2000000, FPS 93.

incre win rate is 0.37341772151898733.

 Map 5m_vs_6m Algo r_drbfn Exp drbfn_5m_vs_6m updates 815/1250 episodes, total num timesteps 1305600/2000000, FPS 93.

incre win rate is 0.40764331210191085.

 Map 5m_vs_6m Algo r_drbfn Exp drbfn_5m_vs_6m updates 820/1250 episodes, total num timesteps 1313600/2000000, FPS 93.

incre win rate is 0.4240506329113924.

 Map 5m_vs_6m Algo r_drbfn Exp drbfn_5m_vs_6m updates 825/1250 episodes, total num timesteps 1321600/2000000, FPS 94.

incre win rate is 0.3715170278637771.
eval win rate is 0.59375.

 Map 5m_vs_6m Algo r_drbfn Exp drbfn_5m_vs_6m updates 830/1250 episodes, total num timesteps 1329600/2000000, FPS 93.

incre win rate is 0.4169278996865204.

 Map 5m_vs_6m Algo r_drbfn Exp drbfn_5m_vs_6m updates 835/1250 episodes, total num timesteps 1337600/2000000, FPS 93.

incre win rate is 0.40809968847352024.

 Map 5m_vs_6m Algo r_drbfn Exp drbfn_5m_vs_6m updates 840/1250 episodes, total num timesteps 1345600/2000000, FPS 94.

incre win rate is 0.4.

 Map 5m_vs_6m Algo r_drbfn Exp drbfn_5m_vs_6m updates 845/1250 episodes, total num timesteps 1353600/2000000, FPS 94.

incre win rate is 0.3793103448275862.

 Map 5m_vs_6m Algo r_drbfn Exp drbfn_5m_vs_6m updates 850/1250 episodes, total num timesteps 1361600/2000000, FPS 94.

incre win rate is 0.4620253164556962.
eval win rate is 0.5.

 Map 5m_vs_6m Algo r_drbfn Exp drbfn_5m_vs_6m updates 855/1250 episodes, total num timesteps 1369600/2000000, FPS 94.

incre win rate is 0.4416403785488959.

 Map 5m_vs_6m Algo r_drbfn Exp drbfn_5m_vs_6m updates 860/1250 episodes, total num timesteps 1377600/2000000, FPS 94.

incre win rate is 0.41509433962264153.

 Map 5m_vs_6m Algo r_drbfn Exp drbfn_5m_vs_6m updates 865/1250 episodes, total num timesteps 1385600/2000000, FPS 94.

incre win rate is 0.46855345911949686.

 Map 5m_vs_6m Algo r_drbfn Exp drbfn_5m_vs_6m updates 870/1250 episodes, total num timesteps 1393600/2000000, FPS 94.

incre win rate is 0.4670846394984326.

 Map 5m_vs_6m Algo r_drbfn Exp drbfn_5m_vs_6m updates 875/1250 episodes, total num timesteps 1401600/2000000, FPS 94.

incre win rate is 0.4227129337539432.
eval win rate is 0.59375.

 Map 5m_vs_6m Algo r_drbfn Exp drbfn_5m_vs_6m updates 880/1250 episodes, total num timesteps 1409600/2000000, FPS 94.

incre win rate is 0.4588607594936709.

 Map 5m_vs_6m Algo r_drbfn Exp drbfn_5m_vs_6m updates 885/1250 episodes, total num timesteps 1417600/2000000, FPS 94.

incre win rate is 0.44089456869009586.

 Map 5m_vs_6m Algo r_drbfn Exp drbfn_5m_vs_6m updates 890/1250 episodes, total num timesteps 1425600/2000000, FPS 94.

incre win rate is 0.39184952978056425.

 Map 5m_vs_6m Algo r_drbfn Exp drbfn_5m_vs_6m updates 895/1250 episodes, total num timesteps 1433600/2000000, FPS 94.

incre win rate is 0.38390092879256965.

 Map 5m_vs_6m Algo r_drbfn Exp drbfn_5m_vs_6m updates 900/1250 episodes, total num timesteps 1441600/2000000, FPS 94.

incre win rate is 0.47335423197492166.
eval win rate is 0.53125.

 Map 5m_vs_6m Algo r_drbfn Exp drbfn_5m_vs_6m updates 905/1250 episodes, total num timesteps 1449600/2000000, FPS 94.

incre win rate is 0.4634920634920635.

 Map 5m_vs_6m Algo r_drbfn Exp drbfn_5m_vs_6m updates 910/1250 episodes, total num timesteps 1457600/2000000, FPS 94.

incre win rate is 0.5047619047619047.

 Map 5m_vs_6m Algo r_drbfn Exp drbfn_5m_vs_6m updates 915/1250 episodes, total num timesteps 1465600/2000000, FPS 94.

incre win rate is 0.567741935483871.

 Map 5m_vs_6m Algo r_drbfn Exp drbfn_5m_vs_6m updates 920/1250 episodes, total num timesteps 1473600/2000000, FPS 94.

incre win rate is 0.5301587301587302.

 Map 5m_vs_6m Algo r_drbfn Exp drbfn_5m_vs_6m updates 925/1250 episodes, total num timesteps 1481600/2000000, FPS 94.

incre win rate is 0.4263322884012539.
eval win rate is 0.625.

 Map 5m_vs_6m Algo r_drbfn Exp drbfn_5m_vs_6m updates 930/1250 episodes, total num timesteps 1489600/2000000, FPS 94.

incre win rate is 0.4416403785488959.

 Map 5m_vs_6m Algo r_drbfn Exp drbfn_5m_vs_6m updates 935/1250 episodes, total num timesteps 1497600/2000000, FPS 94.

incre win rate is 0.4043887147335423.

 Map 5m_vs_6m Algo r_drbfn Exp drbfn_5m_vs_6m updates 940/1250 episodes, total num timesteps 1505600/2000000, FPS 94.

incre win rate is 0.4043887147335423.

 Map 5m_vs_6m Algo r_drbfn Exp drbfn_5m_vs_6m updates 945/1250 episodes, total num timesteps 1513600/2000000, FPS 94.

incre win rate is 0.40752351097178685.

 Map 5m_vs_6m Algo r_drbfn Exp drbfn_5m_vs_6m updates 950/1250 episodes, total num timesteps 1521600/2000000, FPS 94.

incre win rate is 0.3769968051118211.
eval win rate is 0.5.

 Map 5m_vs_6m Algo r_drbfn Exp drbfn_5m_vs_6m updates 955/1250 episodes, total num timesteps 1529600/2000000, FPS 94.

incre win rate is 0.40186915887850466.

 Map 5m_vs_6m Algo r_drbfn Exp drbfn_5m_vs_6m updates 960/1250 episodes, total num timesteps 1537600/2000000, FPS 94.

incre win rate is 0.43492063492063493.

 Map 5m_vs_6m Algo r_drbfn Exp drbfn_5m_vs_6m updates 965/1250 episodes, total num timesteps 1545600/2000000, FPS 94.

incre win rate is 0.45569620253164556.

 Map 5m_vs_6m Algo r_drbfn Exp drbfn_5m_vs_6m updates 970/1250 episodes, total num timesteps 1553600/2000000, FPS 94.

incre win rate is 0.4125.

 Map 5m_vs_6m Algo r_drbfn Exp drbfn_5m_vs_6m updates 975/1250 episodes, total num timesteps 1561600/2000000, FPS 93.
Process Process-2:
Traceback (most recent call last):
  File "c:\users\张英铭\desktop\on-policy\onpolicy\envs\starcraft2\StarCraft2_Env.py", line 484, in step
    self._controller.actions(req_actions)
  File "D:\conda\Lib\site-packages\pysc2\lib\remote_controller.py", line 81, in _skip_status
    return func(self, *args, **kwargs)
           ^^^^^^^^^^^^^^^^^^^^^^^^^^^
  File "D:\conda\Lib\site-packages\pysc2\lib\remote_controller.py", line 92, in _valid_status
    raise protocol.ProtocolError(
pysc2.lib.protocol.ProtocolError: `actions` called while in state: Status.ended, valid: (Status.in_game)

During handling of the above exception, another exception occurred:

Traceback (most recent call last):
  File "D:\conda\Lib\multiprocessing\process.py", line 314, in _bootstrap
    self.run()
  File "D:\conda\Lib\multiprocessing\process.py", line 108, in run
    self._target(*self._args, **self._kwargs)
  File "c:\users\张英铭\desktop\on-policy\onpolicy\envs\env_wrappers.py", line 326, in shareworker
    ob, s_ob, reward, done, info, available_actions = env.step(data)
                                                      ^^^^^^^^^^^^^^
  File "c:\users\张英铭\desktop\on-policy\onpolicy\envs\starcraft2\StarCraft2_Env.py", line 490, in step
    self.full_restart()
  File "c:\users\张英铭\desktop\on-policy\onpolicy\envs\starcraft2\StarCraft2_Env.py", line 452, in full_restart
    self._launch()
  File "c:\users\张英铭\desktop\on-policy\onpolicy\envs\starcraft2\StarCraft2_Env.py", line 338, in _launch
    self._sc2_proc = self._run_config.start(window_size=self.window_size, want_rgb=False)
                     ^^^^^^^^^^^^^^^^^^^^^^^^^^^^^^^^^^^^^^^^^^^^^^^^^^^^^^^^^^^^^^^^^^^^
  File "D:\conda\Lib\site-packages\pysc2\run_configs\platforms.py", line 83, in start
    return sc_process.StarcraftProcess(
           ^^^^^^^^^^^^^^^^^^^^^^^^^^^^
  File "D:\conda\Lib\site-packages\pysc2\lib\sc_process.py", line 137, in __init__
    self._controller = remote_controller.RemoteController(
                       ^^^^^^^^^^^^^^^^^^^^^^^^^^^^^^^^^^^
  File "D:\conda\Lib\site-packages\pysc2\lib\remote_controller.py", line 142, in __init__
    sock = self._connect(host, port, proc, timeout_seconds)
           ^^^^^^^^^^^^^^^^^^^^^^^^^^^^^^^^^^^^^^^^^^^^^^^^
  File "D:\conda\Lib\site-packages\pysc2\lib\stopwatch.py", line 205, in _stopwatch
    return func(*args, **kwargs)
           ^^^^^^^^^^^^^^^^^^^^^
  File "D:\conda\Lib\site-packages\pysc2\lib\remote_controller.py", line 165, in _connect
    return websocket.create_connection(url, timeout=timeout_seconds)
           ^^^^^^^^^^^^^^^^^^^^^^^^^^^^^^^^^^^^^^^^^^^^^^^^^^^^^^^^^
  File "D:\conda\Lib\site-packages\websocket\_core.py", line 646, in create_connection
    websock.connect(url, **options)
  File "D:\conda\Lib\site-packages\websocket\_core.py", line 261, in connect
    self.handshake_response = handshake(self.sock, url, *addrs, **options)
                              ^^^^^^^^^^^^^^^^^^^^^^^^^^^^^^^^^^^^^^^^^^^^
  File "D:\conda\Lib\site-packages\websocket\_handshake.py", line 65, in handshake
    status, resp = _get_resp_headers(sock)
                   ^^^^^^^^^^^^^^^^^^^^^^^
  File "D:\conda\Lib\site-packages\websocket\_handshake.py", line 141, in _get_resp_headers
    status, resp_headers, status_message = read_headers(sock)
                                           ^^^^^^^^^^^^^^^^^^
  File "D:\conda\Lib\site-packages\websocket\_http.py", line 358, in read_headers
    status = int(status_info[1])
             ^^^^^^^^^^^^^^^^^^^
ValueError: invalid literal for int() with base 10: '/sc2api'

incre win rate is 0.45625.
eval win rate is 0.46875.

 Map 5m_vs_6m Algo r_drbfn Exp drbfn_5m_vs_6m updates 980/1250 episodes, total num timesteps 1569600/2000000, FPS 93.

incre win rate is 0.4353312302839117.

 Map 5m_vs_6m Algo r_drbfn Exp drbfn_5m_vs_6m updates 985/1250 episodes, total num timesteps 1577600/2000000, FPS 93.

incre win rate is 0.5360501567398119.

 Map 5m_vs_6m Algo r_drbfn Exp drbfn_5m_vs_6m updates 990/1250 episodes, total num timesteps 1585600/2000000, FPS 93.

incre win rate is 0.44375.

 Map 5m_vs_6m Algo r_drbfn Exp drbfn_5m_vs_6m updates 995/1250 episodes, total num timesteps 1593600/2000000, FPS 93.

incre win rate is 0.4339622641509434.

 Map 5m_vs_6m Algo r_drbfn Exp drbfn_5m_vs_6m updates 1000/1250 episodes, total num timesteps 1601600/2000000, FPS 93.

incre win rate is 0.46984126984126984.
eval win rate is 0.625.

 Map 5m_vs_6m Algo r_drbfn Exp drbfn_5m_vs_6m updates 1005/1250 episodes, total num timesteps 1609600/2000000, FPS 93.

incre win rate is 0.5445859872611465.

 Map 5m_vs_6m Algo r_drbfn Exp drbfn_5m_vs_6m updates 1010/1250 episodes, total num timesteps 1617600/2000000, FPS 93.

incre win rate is 0.43174603174603177.

 Map 5m_vs_6m Algo r_drbfn Exp drbfn_5m_vs_6m updates 1015/1250 episodes, total num timesteps 1625600/2000000, FPS 93.

incre win rate is 0.410828025477707.

 Map 5m_vs_6m Algo r_drbfn Exp drbfn_5m_vs_6m updates 1020/1250 episodes, total num timesteps 1633600/2000000, FPS 93.

incre win rate is 0.4694533762057878.

 Map 5m_vs_6m Algo r_drbfn Exp drbfn_5m_vs_6m updates 1025/1250 episodes, total num timesteps 1641600/2000000, FPS 93.

incre win rate is 0.4249201277955272.
eval win rate is 0.53125.

 Map 5m_vs_6m Algo r_drbfn Exp drbfn_5m_vs_6m updates 1030/1250 episodes, total num timesteps 1649600/2000000, FPS 93.

incre win rate is 0.49517684887459806.

 Map 5m_vs_6m Algo r_drbfn Exp drbfn_5m_vs_6m updates 1035/1250 episodes, total num timesteps 1657600/2000000, FPS 93.

incre win rate is 0.4272151898734177.

 Map 5m_vs_6m Algo r_drbfn Exp drbfn_5m_vs_6m updates 1040/1250 episodes, total num timesteps 1665600/2000000, FPS 93.

incre win rate is 0.4637223974763407.

 Map 5m_vs_6m Algo r_drbfn Exp drbfn_5m_vs_6m updates 1045/1250 episodes, total num timesteps 1673600/2000000, FPS 93.

incre win rate is 0.43769968051118213.

 Map 5m_vs_6m Algo r_drbfn Exp drbfn_5m_vs_6m updates 1050/1250 episodes, total num timesteps 1681600/2000000, FPS 93.

incre win rate is 0.44904458598726116.
eval win rate is 0.5.

 Map 5m_vs_6m Algo r_drbfn Exp drbfn_5m_vs_6m updates 1055/1250 episodes, total num timesteps 1689600/2000000, FPS 93.

incre win rate is 0.38782051282051283.

 Map 5m_vs_6m Algo r_drbfn Exp drbfn_5m_vs_6m updates 1060/1250 episodes, total num timesteps 1697600/2000000, FPS 93.

incre win rate is 0.4230769230769231.

 Map 5m_vs_6m Algo r_drbfn Exp drbfn_5m_vs_6m updates 1065/1250 episodes, total num timesteps 1705600/2000000, FPS 93.

incre win rate is 0.4411764705882353.

 Map 5m_vs_6m Algo r_drbfn Exp drbfn_5m_vs_6m updates 1070/1250 episodes, total num timesteps 1713600/2000000, FPS 93.

incre win rate is 0.4662379421221865.

 Map 5m_vs_6m Algo r_drbfn Exp drbfn_5m_vs_6m updates 1075/1250 episodes, total num timesteps 1721600/2000000, FPS 93.

incre win rate is 0.4838709677419355.
eval win rate is 0.5.

 Map 5m_vs_6m Algo r_drbfn Exp drbfn_5m_vs_6m updates 1080/1250 episodes, total num timesteps 1729600/2000000, FPS 93.

incre win rate is 0.4696485623003195.

 Map 5m_vs_6m Algo r_drbfn Exp drbfn_5m_vs_6m updates 1085/1250 episodes, total num timesteps 1737600/2000000, FPS 93.

incre win rate is 0.42628205128205127.

 Map 5m_vs_6m Algo r_drbfn Exp drbfn_5m_vs_6m updates 1090/1250 episodes, total num timesteps 1745600/2000000, FPS 93.

incre win rate is 0.4318181818181818.

 Map 5m_vs_6m Algo r_drbfn Exp drbfn_5m_vs_6m updates 1095/1250 episodes, total num timesteps 1753600/2000000, FPS 93.

incre win rate is 0.4161290322580645.

 Map 5m_vs_6m Algo r_drbfn Exp drbfn_5m_vs_6m updates 1100/1250 episodes, total num timesteps 1761600/2000000, FPS 93.

incre win rate is 0.4394904458598726.
eval win rate is 0.5625.

 Map 5m_vs_6m Algo r_drbfn Exp drbfn_5m_vs_6m updates 1105/1250 episodes, total num timesteps 1769600/2000000, FPS 93.

incre win rate is 0.4437299035369775.

 Map 5m_vs_6m Algo r_drbfn Exp drbfn_5m_vs_6m updates 1110/1250 episodes, total num timesteps 1777600/2000000, FPS 93.

incre win rate is 0.4634920634920635.

 Map 5m_vs_6m Algo r_drbfn Exp drbfn_5m_vs_6m updates 1115/1250 episodes, total num timesteps 1785600/2000000, FPS 93.

incre win rate is 0.43354430379746833.

 Map 5m_vs_6m Algo r_drbfn Exp drbfn_5m_vs_6m updates 1120/1250 episodes, total num timesteps 1793600/2000000, FPS 93.

incre win rate is 0.41455696202531644.

 Map 5m_vs_6m Algo r_drbfn Exp drbfn_5m_vs_6m updates 1125/1250 episodes, total num timesteps 1801600/2000000, FPS 94.

incre win rate is 0.4231974921630094.
eval win rate is 0.5.

 Map 5m_vs_6m Algo r_drbfn Exp drbfn_5m_vs_6m updates 1130/1250 episodes, total num timesteps 1809600/2000000, FPS 93.

incre win rate is 0.415625.
Traceback (most recent call last):
  File "D:\conda\Lib\multiprocessing\connection.py", line 328, in _recv_bytes
    nread, err = ov.GetOverlappedResult(True)
                 ^^^^^^^^^^^^^^^^^^^^^^^^^^^^
BrokenPipeError: [WinError 109] 管道已结束。

During handling of the above exception, another exception occurred:

Traceback (most recent call last):
  File "C:\Users\张英铭\Desktop\on-policy\onpolicy\scripts\train\train_smac.py", line 262, in <module>
    main(sys.argv[1:])
  File "C:\Users\张英铭\Desktop\on-policy\onpolicy\scripts\train\train_smac.py", line 246, in main
    runner.run()
  File "c:\users\张英铭\desktop\on-policy\onpolicy\runner\shared\smac_runner.py", line 34, in run
    obs, share_obs, rewards, dones, infos, available_actions = self.envs.step(actions)
                                                               ^^^^^^^^^^^^^^^^^^^^^^^
  File "c:\users\张英铭\desktop\on-policy\onpolicy\envs\env_wrappers.py", line 107, in step
    return self.step_wait()
           ^^^^^^^^^^^^^^^^
  File "c:\users\张英铭\desktop\on-policy\onpolicy\envs\env_wrappers.py", line 389, in step_wait
    results = [remote.recv() for remote in self.remotes]
               ^^^^^^^^^^^^^
  File "D:\conda\Lib\multiprocessing\connection.py", line 250, in recv
    buf = self._recv_bytes()
          ^^^^^^^^^^^^^^^^^^
  File "D:\conda\Lib\multiprocessing\connection.py", line 337, in _recv_bytes
    raise EOFError
EOFError
