u are choosing to use r_drbfn_v2 (generative DRBFN), keeping use_centralized_V = True
choose to use gpu...
D:\conda\Lib\site-packages\requests\__init__.py:113: RequestsDependencyWarning: urllib3 (2.2.3) or chardet (7.4.3)/charset_normalizer (3.3.2) doesn't match a supported version!
  warnings.warn(
obs_space:  [[64, [2, 14], [3, 5], [1, 4], [1, 17]], [64, [2, 14], [3, 5], [1, 4], [1, 17]], [64, [2, 14], [3, 5], [1, 4], [1, 17]]]
share_obs_space:  [[81, [2, 17], [3, 8], [1, 4], [1, 19]], [81, [2, 17], [3, 8], [1, 4], [1, 19]], [81, [2, 17], [3, 8], [1, 4], [1, 19]]]
act_space:  [Discrete(9), Discrete(9), Discrete(9)]
WARNING:absl:SC2 isn't running, so bailing early on the websocket connection.
WARNING:absl:SC2 isn't running, so bailing early on the websocket connection.
Process Process-2:
Process Process-1:
Traceback (most recent call last):
Traceback (most recent call last):
  File "D:\conda\Lib\multiprocessing\process.py", line 314, in _bootstrap
    self.run()
  File "D:\conda\Lib\multiprocessing\process.py", line 108, in run
    self._target(*self._args, **self._kwargs)
  File "c:\users\张英铭\desktop\on-policy\onpolicy\envs\env_wrappers.py", line 336, in shareworker
    ob, s_ob, available_actions = env.reset()
                                  ^^^^^^^^^^^
  File "c:\users\张英铭\desktop\on-policy\onpolicy\envs\starcraft2\StarCraft2_Env.py", line 388, in reset
    self._launch()
  File "c:\users\张英铭\desktop\on-policy\onpolicy\envs\starcraft2\StarCraft2_Env.py", line 338, in _launch
    self._sc2_proc = self._run_config.start(window_size=self.window_size, want_rgb=False)
                     ^^^^^^^^^^^^^^^^^^^^^^^^^^^^^^^^^^^^^^^^^^^^^^^^^^^^^^^^^^^^^^^^^^^^
  File "D:\conda\Lib\site-packages\pysc2\run_configs\platforms.py", line 83, in start
    return sc_process.StarcraftProcess(
           ^^^^^^^^^^^^^^^^^^^^^^^^^^^^
  File "D:\conda\Lib\site-packages\pysc2\lib\sc_process.py", line 137, in __init__
    self._controller = remote_controller.RemoteController(
                       ^^^^^^^^^^^^^^^^^^^^^^^^^^^^^^^^^^^
  File "D:\conda\Lib\multiprocessing\process.py", line 314, in _bootstrap
    self.run()
  File "D:\conda\Lib\multiprocessing\process.py", line 108, in run
    self._target(*self._args, **self._kwargs)
  File "c:\users\张英铭\desktop\on-policy\onpolicy\envs\env_wrappers.py", line 336, in shareworker
    ob, s_ob, available_actions = env.reset()
                                  ^^^^^^^^^^^
  File "c:\users\张英铭\desktop\on-policy\onpolicy\envs\starcraft2\StarCraft2_Env.py", line 388, in reset
    self._launch()
  File "c:\users\张英铭\desktop\on-policy\onpolicy\envs\starcraft2\StarCraft2_Env.py", line 338, in _launch
    self._sc2_proc = self._run_config.start(window_size=self.window_size, want_rgb=False)
                     ^^^^^^^^^^^^^^^^^^^^^^^^^^^^^^^^^^^^^^^^^^^^^^^^^^^^^^^^^^^^^^^^^^^^
  File "D:\conda\Lib\site-packages\pysc2\run_configs\platforms.py", line 83, in start
    return sc_process.StarcraftProcess(
           ^^^^^^^^^^^^^^^^^^^^^^^^^^^^
  File "D:\conda\Lib\site-packages\pysc2\lib\sc_process.py", line 137, in __init__
    self._controller = remote_controller.RemoteController(
                       ^^^^^^^^^^^^^^^^^^^^^^^^^^^^^^^^^^^
  File "D:\conda\Lib\site-packages\pysc2\lib\remote_controller.py", line 142, in __init__
    sock = self._connect(host, port, proc, timeout_seconds)
           ^^^^^^^^^^^^^^^^^^^^^^^^^^^^^^^^^^^^^^^^^^^^^^^^
  File "D:\conda\Lib\site-packages\pysc2\lib\stopwatch.py", line 205, in _stopwatch
    return func(*args, **kwargs)
           ^^^^^^^^^^^^^^^^^^^^^
  File "D:\conda\Lib\site-packages\pysc2\lib\remote_controller.py", line 176, in _connect
    raise ConnectError("Failed to connect to the SC2 websocket. Is it up?")
pysc2.lib.remote_controller.ConnectError: Failed to connect to the SC2 websocket. Is it up?
  File "D:\conda\Lib\site-packages\pysc2\lib\remote_controller.py", line 142, in __init__
    sock = self._connect(host, port, proc, timeout_seconds)
           ^^^^^^^^^^^^^^^^^^^^^^^^^^^^^^^^^^^^^^^^^^^^^^^^
  File "D:\conda\Lib\site-packages\pysc2\lib\stopwatch.py", line 205, in _stopwatch
    return func(*args, **kwargs)
           ^^^^^^^^^^^^^^^^^^^^^
  File "D:\conda\Lib\site-packages\pysc2\lib\remote_controller.py", line 176, in _connect
    raise ConnectError("Failed to connect to the SC2 websocket. Is it up?")
pysc2.lib.remote_controller.ConnectError: Failed to connect to the SC2 websocket. Is it up?
Traceback (most recent call last):
  File "D:\conda\Lib\multiprocessing\connection.py", line 328, in _recv_bytes
    nread, err = ov.GetOverlappedResult(True)
                 ^^^^^^^^^^^^^^^^^^^^^^^^^^^^
BrokenPipeError: [WinError 109] 管道已结束。

During handling of the above exception, another exception occurred:

Traceback (most recent call last):
  File "C:\Users\张英铭\Desktop\on-policy\onpolicy\scripts\train\train_smac.py", line 264, in <module>
    main(sys.argv[1:])
  File "C:\Users\张英铭\Desktop\on-policy\onpolicy\scripts\train\train_smac.py", line 248, in main
    runner.run()
  File "c:\users\张英铭\desktop\on-policy\onpolicy\runner\shared\smac_runner.py", line 17, in run
    self.warmup()   
    ^^^^^^^^^^^^^
  File "c:\users\张英铭\desktop\on-policy\onpolicy\runner\shared\smac_runner.py", line 100, in warmup
    obs, share_obs, available_actions = self.envs.reset()
                                        ^^^^^^^^^^^^^^^^^
  File "c:\users\张英铭\desktop\on-policy\onpolicy\envs\env_wrappers.py", line 397, in reset
    results = [remote.recv() for remote in self.remotes]
               ^^^^^^^^^^^^^
  File "D:\conda\Lib\multiprocessing\connection.py", line 250, in recv
    buf = self._recv_bytes()
          ^^^^^^^^^^^^^^^^^^
  File "D:\conda\Lib\multiprocessing\connection.py", line 337, in _recv_bytes
    raise EOFError
EOFError
