u are choosing to use r_drbfn_v2 (generative DRBFN), keeping use_centralized_V = True
choose to use gpu...
D:\conda\Lib\site-packages\requests\__init__.py:113: RequestsDependencyWarning: urllib3 (2.2.3) or chardet (7.4.3)/charset_normalizer (3.3.2) doesn't match a supported version!
  warnings.warn(
obs_space:  [[370, [9, 26], [12, 8], [1, 4], [1, 36]], [370, [9, 26], [12, 8], [1, 4], [1, 36]], [370, [9, 26], [12, 8], [1, 4], [1, 36]], [370, [9, 26], [12, 8], [1, 4], [1, 36]], [370, [9, 26], [12, 8], [1, 4], [1, 36]], [370, [9, 26], [12, 8], [1, 4], [1, 36]], [370, [9, 26], [12, 8], [1, 4], [1, 36]], [370, [9, 26], [12, 8], [1, 4], [1, 36]], [370, [9, 26], [12, 8], [1, 4], [1, 36]], [370, [9, 26], [12, 8], [1, 4], [1, 36]]]
share_obs_space:  [[435, [9, 29], [12, 11], [1, 4], [1, 38]], [435, [9, 29], [12, 11], [1, 4], [1, 38]], [435, [9, 29], [12, 11], [1, 4], [1, 38]], [435, [9, 29], [12, 11], [1, 4], [1, 38]], [435, [9, 29], [12, 11], [1, 4], [1, 38]], [435, [9, 29], [12, 11], [1, 4], [1, 38]], [435, [9, 29], [12, 11], [1, 4], [1, 38]], [435, [9, 29], [12, 11], [1, 4], [1, 38]], [435, [9, 29], [12, 11], [1, 4], [1, 38]], [435, [9, 29], [12, 11], [1, 4], [1, 38]]]
act_space:  [Discrete(18), Discrete(18), Discrete(18), Discrete(18), Discrete(18), Discrete(18), Discrete(18), Discrete(18), Discrete(18), Discrete(18)]

 Map MMM2 Algo r_drbfn_v2 Exp v2_shaping_MMM2_5M updates 0/3125 episodes, total num timesteps 1600/5000000, FPS 73.

incre win rate is 0.0.
eval win rate is 0.0.

 Map MMM2 Algo r_drbfn_v2 Exp v2_shaping_MMM2_5M updates 5/3125 episodes, total num timesteps 9600/5000000, FPS 59.

incre win rate is 0.0.

 Map MMM2 Algo r_drbfn_v2 Exp v2_shaping_MMM2_5M updates 10/3125 episodes, total num timesteps 17600/5000000, FPS 65.

incre win rate is 0.0.

 Map MMM2 Algo r_drbfn_v2 Exp v2_shaping_MMM2_5M updates 15/3125 episodes, total num timesteps 25600/5000000, FPS 68.

incre win rate is 0.0.

 Map MMM2 Algo r_drbfn_v2 Exp v2_shaping_MMM2_5M updates 20/3125 episodes, total num timesteps 33600/5000000, FPS 70.

incre win rate is 0.0.

 Map MMM2 Algo r_drbfn_v2 Exp v2_shaping_MMM2_5M updates 25/3125 episodes, total num timesteps 41600/5000000, FPS 72.

incre win rate is 0.0.
eval win rate is 0.0.

 Map MMM2 Algo r_drbfn_v2 Exp v2_shaping_MMM2_5M updates 30/3125 episodes, total num timesteps 49600/5000000, FPS 68.

incre win rate is 0.0.

 Map MMM2 Algo r_drbfn_v2 Exp v2_shaping_MMM2_5M updates 35/3125 episodes, total num timesteps 57600/5000000, FPS 70.

incre win rate is 0.0.
[v2-shape step=40] R_mean=0.0462 | r_mean(mean,min,max)=(0.0239,-0.1143,0.1857) | r_var_mean=0.000453 | shaping_abs=0.0545 | alpha=1.0
[v2-qdbg step=40] Q_tot(factual) sample: mean=0.0271, min=0.0119, max=0.0553 | counterfactual_r(cur step) mean=0.0046, min=0.0000, max=0.0745 | drbfn_loss=0.0098, qtot_loss=0.0048

 Map MMM2 Algo r_drbfn_v2 Exp v2_shaping_MMM2_5M updates 40/3125 episodes, total num timesteps 65600/5000000, FPS 71.

incre win rate is 0.0.

 Map MMM2 Algo r_drbfn_v2 Exp v2_shaping_MMM2_5M updates 45/3125 episodes, total num timesteps 73600/5000000, FPS 73.

incre win rate is 0.0.
[v2-shape step=50] R_mean=0.0633 | r_mean(mean,min,max)=(0.0226,-0.1009,0.1637) | r_var_mean=0.000450 | shaping_abs=0.0470 | alpha=1.0
[v2-qdbg step=50] Q_tot(factual) sample: mean=0.0241, min=0.0182, max=0.0297 | counterfactual_r(cur step) mean=0.0063, min=0.0000, max=0.1048 | drbfn_loss=0.0084, qtot_loss=0.0078

 Map MMM2 Algo r_drbfn_v2 Exp v2_shaping_MMM2_5M updates 50/3125 episodes, total num timesteps 81600/5000000, FPS 74.

incre win rate is 0.0.
eval win rate is 0.0.

 Map MMM2 Algo r_drbfn_v2 Exp v2_shaping_MMM2_5M updates 55/3125 episodes, total num timesteps 89600/5000000, FPS 71.

incre win rate is 0.0.
[v2-shape step=60] R_mean=0.0519 | r_mean(mean,min,max)=(0.0217,-0.0831,0.1496) | r_var_mean=0.000467 | shaping_abs=0.0402 | alpha=1.0
[v2-qdbg step=60] Q_tot(factual) sample: mean=0.0244, min=0.0221, max=0.0328 | counterfactual_r(cur step) mean=0.0052, min=0.0000, max=0.0800 | drbfn_loss=0.0072, qtot_loss=0.0046

 Map MMM2 Algo r_drbfn_v2 Exp v2_shaping_MMM2_5M updates 60/3125 episodes, total num timesteps 97600/5000000, FPS 72.

incre win rate is 0.0.

 Map MMM2 Algo r_drbfn_v2 Exp v2_shaping_MMM2_5M updates 65/3125 episodes, total num timesteps 105600/5000000, FPS 73.

incre win rate is 0.0.
[v2-shape step=70] R_mean=0.0539 | r_mean(mean,min,max)=(0.0203,-0.0845,0.1338) | r_var_mean=0.000472 | shaping_abs=0.0333 | alpha=1.0
[v2-qdbg step=70] Q_tot(factual) sample: mean=0.0263, min=0.0173, max=0.0433 | counterfactual_r(cur step) mean=0.0054, min=0.0000, max=0.0929 | drbfn_loss=0.0063, qtot_loss=0.0050

 Map MMM2 Algo r_drbfn_v2 Exp v2_shaping_MMM2_5M updates 70/3125 episodes, total num timesteps 113600/5000000, FPS 74.

incre win rate is 0.0.

 Map MMM2 Algo r_drbfn_v2 Exp v2_shaping_MMM2_5M updates 75/3125 episodes, total num timesteps 121600/5000000, FPS 75.

incre win rate is 0.0.
eval win rate is 0.0.
[v2-shape step=80] R_mean=0.0579 | r_mean(mean,min,max)=(0.0188,-0.0558,0.1152) | r_var_mean=0.000472 | shaping_abs=0.0274 | alpha=1.0
[v2-qdbg step=80] Q_tot(factual) sample: mean=0.0257, min=0.0167, max=0.0359 | counterfactual_r(cur step) mean=0.0058, min=0.0000, max=0.0895 | drbfn_loss=0.0051, qtot_loss=0.0052

 Map MMM2 Algo r_drbfn_v2 Exp v2_shaping_MMM2_5M updates 80/3125 episodes, total num timesteps 129600/5000000, FPS 72.

incre win rate is 0.0.

 Map MMM2 Algo r_drbfn_v2 Exp v2_shaping_MMM2_5M updates 85/3125 episodes, total num timesteps 137600/5000000, FPS 73.

incre win rate is 0.0.
[v2-shape step=90] R_mean=0.0533 | r_mean(mean,min,max)=(0.0165,-0.0521,0.1166) | r_var_mean=0.000477 | shaping_abs=0.0240 | alpha=1.0
[v2-qdbg step=90] Q_tot(factual) sample: mean=0.0406, min=0.0239, max=0.0867 | counterfactual_r(cur step) mean=0.0053, min=0.0000, max=0.0829 | drbfn_loss=0.0041, qtot_loss=0.0043

 Map MMM2 Algo r_drbfn_v2 Exp v2_shaping_MMM2_5M updates 90/3125 episodes, total num timesteps 145600/5000000, FPS 74.

incre win rate is 0.0.

 Map MMM2 Algo r_drbfn_v2 Exp v2_shaping_MMM2_5M updates 95/3125 episodes, total num timesteps 153600/5000000, FPS 74.

incre win rate is 0.0.
[v2-shape step=100] R_mean=0.0599 | r_mean(mean,min,max)=(0.0133,-0.0611,0.0885) | r_var_mean=0.000473 | shaping_abs=0.0230 | alpha=1.0
[v2-qdbg step=100] Q_tot(factual) sample: mean=0.0442, min=0.0221, max=0.0992 | counterfactual_r(cur step) mean=0.0060, min=0.0000, max=0.1000 | drbfn_loss=0.0032, qtot_loss=0.0048

 Map MMM2 Algo r_drbfn_v2 Exp v2_shaping_MMM2_5M updates 100/3125 episodes, total num timesteps 161600/5000000, FPS 75.

incre win rate is 0.0.
eval win rate is 0.0.

 Map MMM2 Algo r_drbfn_v2 Exp v2_shaping_MMM2_5M updates 105/3125 episodes, total num timesteps 169600/5000000, FPS 73.

incre win rate is 0.0.
[v2-shape step=110] R_mean=0.0548 | r_mean(mean,min,max)=(0.0098,-0.0674,0.0770) | r_var_mean=0.000485 | shaping_abs=0.0242 | alpha=1.0
[v2-qdbg step=110] Q_tot(factual) sample: mean=0.0277, min=0.0217, max=0.0344 | counterfactual_r(cur step) mean=0.0055, min=0.0000, max=0.0926 | drbfn_loss=0.0022, qtot_loss=0.0047

 Map MMM2 Algo r_drbfn_v2 Exp v2_shaping_MMM2_5M updates 110/3125 episodes, total num timesteps 177600/5000000, FPS 74.

incre win rate is 0.0.

 Map MMM2 Algo r_drbfn_v2 Exp v2_shaping_MMM2_5M updates 115/3125 episodes, total num timesteps 185600/5000000, FPS 74.

incre win rate is 0.0.
[v2-shape step=120] R_mean=0.0423 | r_mean(mean,min,max)=(0.0058,-0.0869,0.0877) | r_var_mean=0.000493 | shaping_abs=0.0259 | alpha=1.0
[v2-qdbg step=120] Q_tot(factual) sample: mean=0.0284, min=0.0223, max=0.0367 | counterfactual_r(cur step) mean=0.0042, min=0.0000, max=0.0994 | drbfn_loss=0.0015, qtot_loss=0.0034

 Map MMM2 Algo r_drbfn_v2 Exp v2_shaping_MMM2_5M updates 120/3125 episodes, total num timesteps 193600/5000000, FPS 75.

incre win rate is 0.0.

 Map MMM2 Algo r_drbfn_v2 Exp v2_shaping_MMM2_5M updates 125/3125 episodes, total num timesteps 201600/5000000, FPS 76.

incre win rate is 0.0.
eval win rate is 0.0.
[v2-shape step=130] R_mean=0.0551 | r_mean(mean,min,max)=(0.0023,-0.0954,0.0840) | r_var_mean=0.000471 | shaping_abs=0.0261 | alpha=1.0
[v2-qdbg step=130] Q_tot(factual) sample: mean=0.0704, min=0.0215, max=0.1330 | counterfactual_r(cur step) mean=0.0055, min=0.0000, max=0.0842 | drbfn_loss=0.0016, qtot_loss=0.0037

 Map MMM2 Algo r_drbfn_v2 Exp v2_shaping_MMM2_5M updates 130/3125 episodes, total num timesteps 209600/5000000, FPS 74.

incre win rate is 0.0.

 Map MMM2 Algo r_drbfn_v2 Exp v2_shaping_MMM2_5M updates 135/3125 episodes, total num timesteps 217600/5000000, FPS 75.

incre win rate is 0.0.
[v2-shape step=140] R_mean=0.0477 | r_mean(mean,min,max)=(-0.0003,-0.0997,0.1017) | r_var_mean=0.000467 | shaping_abs=0.0250 | alpha=1.0
[v2-qdbg step=140] Q_tot(factual) sample: mean=0.0323, min=0.0278, max=0.0442 | counterfactual_r(cur step) mean=0.0048, min=0.0000, max=0.0851 | drbfn_loss=0.0017, qtot_loss=0.0039

 Map MMM2 Algo r_drbfn_v2 Exp v2_shaping_MMM2_5M updates 140/3125 episodes, total num timesteps 225600/5000000, FPS 75.

incre win rate is 0.0.

 Map MMM2 Algo r_drbfn_v2 Exp v2_shaping_MMM2_5M updates 145/3125 episodes, total num timesteps 233600/5000000, FPS 75.

incre win rate is 0.0.
[v2-shape step=150] R_mean=0.0556 | r_mean(mean,min,max)=(-0.0016,-0.0951,0.0816) | r_var_mean=0.000436 | shaping_abs=0.0222 | alpha=1.0
[v2-qdbg step=150] Q_tot(factual) sample: mean=0.0931, min=0.0290, max=0.1599 | counterfactual_r(cur step) mean=0.0056, min=0.0000, max=0.0851 | drbfn_loss=0.0020, qtot_loss=0.0048

 Map MMM2 Algo r_drbfn_v2 Exp v2_shaping_MMM2_5M updates 150/3125 episodes, total num timesteps 241600/5000000, FPS 76.

incre win rate is 0.0.
eval win rate is 0.0.

 Map MMM2 Algo r_drbfn_v2 Exp v2_shaping_MMM2_5M updates 155/3125 episodes, total num timesteps 249600/5000000, FPS 75.

incre win rate is 0.0.
[v2-shape step=160] R_mean=0.0601 | r_mean(mean,min,max)=(-0.0020,-0.0874,0.0837) | r_var_mean=0.000403 | shaping_abs=0.0196 | alpha=1.0
[v2-qdbg step=160] Q_tot(factual) sample: mean=0.0330, min=0.0234, max=0.0432 | counterfactual_r(cur step) mean=0.0060, min=0.0000, max=0.1034 | drbfn_loss=0.0022, qtot_loss=0.0055

 Map MMM2 Algo r_drbfn_v2 Exp v2_shaping_MMM2_5M updates 160/3125 episodes, total num timesteps 257600/5000000, FPS 75.

incre win rate is 0.0.

 Map MMM2 Algo r_drbfn_v2 Exp v2_shaping_MMM2_5M updates 165/3125 episodes, total num timesteps 265600/5000000, FPS 75.

incre win rate is 0.0.
[v2-shape step=170] R_mean=0.0431 | r_mean(mean,min,max)=(-0.0020,-0.0818,0.0686) | r_var_mean=0.000371 | shaping_abs=0.0166 | alpha=1.0
[v2-qdbg step=170] Q_tot(factual) sample: mean=0.0318, min=0.0240, max=0.0449 | counterfactual_r(cur step) mean=0.0043, min=0.0000, max=0.0943 | drbfn_loss=0.0013, qtot_loss=0.0031

 Map MMM2 Algo r_drbfn_v2 Exp v2_shaping_MMM2_5M updates 170/3125 episodes, total num timesteps 273600/5000000, FPS 75.

incre win rate is 0.0.

 Map MMM2 Algo r_drbfn_v2 Exp v2_shaping_MMM2_5M updates 175/3125 episodes, total num timesteps 281600/5000000, FPS 75.

incre win rate is 0.0.
eval win rate is 0.0.
[v2-shape step=180] R_mean=0.0615 | r_mean(mean,min,max)=(-0.0016,-0.0707,0.0639) | r_var_mean=0.000344 | shaping_abs=0.0139 | alpha=1.0
[v2-qdbg step=180] Q_tot(factual) sample: mean=0.0354, min=0.0228, max=0.0490 | counterfactual_r(cur step) mean=0.0061, min=0.0000, max=0.1004 | drbfn_loss=0.0020, qtot_loss=0.0046

 Map MMM2 Algo r_drbfn_v2 Exp v2_shaping_MMM2_5M updates 180/3125 episodes, total num timesteps 289600/5000000, FPS 74.

incre win rate is 0.0.

 Map MMM2 Algo r_drbfn_v2 Exp v2_shaping_MMM2_5M updates 185/3125 episodes, total num timesteps 297600/5000000, FPS 74.

incre win rate is 0.0.
[v2-shape step=190] R_mean=0.0406 | r_mean(mean,min,max)=(-0.0012,-0.0682,0.0614) | r_var_mean=0.000331 | shaping_abs=0.0120 | alpha=1.0
[v2-qdbg step=190] Q_tot(factual) sample: mean=0.0712, min=0.0302, max=0.2152 | counterfactual_r(cur step) mean=0.0041, min=0.0000, max=0.0942 | drbfn_loss=0.0012, qtot_loss=0.0031

 Map MMM2 Algo r_drbfn_v2 Exp v2_shaping_MMM2_5M updates 190/3125 episodes, total num timesteps 305600/5000000, FPS 74.

incre win rate is 0.0.

 Map MMM2 Algo r_drbfn_v2 Exp v2_shaping_MMM2_5M updates 195/3125 episodes, total num timesteps 313600/5000000, FPS 75.

incre win rate is 0.0.
[v2-shape step=200] R_mean=0.0520 | r_mean(mean,min,max)=(-0.0008,-0.0497,0.0597) | r_var_mean=0.000304 | shaping_abs=0.0105 | alpha=1.0
[v2-qdbg step=200] Q_tot(factual) sample: mean=0.0655, min=0.0117, max=0.2768 | counterfactual_r(cur step) mean=0.0052, min=0.0000, max=0.0898 | drbfn_loss=0.0015, qtot_loss=0.0038

 Map MMM2 Algo r_drbfn_v2 Exp v2_shaping_MMM2_5M updates 200/3125 episodes, total num timesteps 321600/5000000, FPS 75.

incre win rate is 0.0.
eval win rate is 0.0.

 Map MMM2 Algo r_drbfn_v2 Exp v2_shaping_MMM2_5M updates 205/3125 episodes, total num timesteps 329600/5000000, FPS 74.

incre win rate is 0.0.
[v2-shape step=210] R_mean=0.0650 | r_mean(mean,min,max)=(-0.0005,-0.0506,0.0540) | r_var_mean=0.000292 | shaping_abs=0.0101 | alpha=1.0
[v2-qdbg step=210] Q_tot(factual) sample: mean=0.0632, min=0.0328, max=0.1468 | counterfactual_r(cur step) mean=0.0065, min=0.0000, max=0.0878 | drbfn_loss=0.0020, qtot_loss=0.0047

 Map MMM2 Algo r_drbfn_v2 Exp v2_shaping_MMM2_5M updates 210/3125 episodes, total num timesteps 337600/5000000, FPS 74.

incre win rate is 0.0.

 Map MMM2 Algo r_drbfn_v2 Exp v2_shaping_MMM2_5M updates 215/3125 episodes, total num timesteps 345600/5000000, FPS 75.

incre win rate is 0.0.
[v2-shape step=220] R_mean=0.0703 | r_mean(mean,min,max)=(-0.0003,-0.0498,0.0523) | r_var_mean=0.000288 | shaping_abs=0.0101 | alpha=1.0
[v2-qdbg step=220] Q_tot(factual) sample: mean=0.0420, min=0.0357, max=0.0521 | counterfactual_r(cur step) mean=0.0070, min=0.0000, max=0.1163 | drbfn_loss=0.0021, qtot_loss=0.0053

 Map MMM2 Algo r_drbfn_v2 Exp v2_shaping_MMM2_5M updates 220/3125 episodes, total num timesteps 353600/5000000, FPS 75.

incre win rate is 0.0.

 Map MMM2 Algo r_drbfn_v2 Exp v2_shaping_MMM2_5M updates 225/3125 episodes, total num timesteps 361600/5000000, FPS 75.

incre win rate is 0.0.
eval win rate is 0.0.
[v2-shape step=230] R_mean=0.0783 | r_mean(mean,min,max)=(0.0001,-0.0516,0.0574) | r_var_mean=0.000279 | shaping_abs=0.0103 | alpha=1.0
[v2-qdbg step=230] Q_tot(factual) sample: mean=0.0847, min=0.0347, max=0.3008 | counterfactual_r(cur step) mean=0.0078, min=0.0000, max=0.1132 | drbfn_loss=0.0025, qtot_loss=0.0061

 Map MMM2 Algo r_drbfn_v2 Exp v2_shaping_MMM2_5M updates 230/3125 episodes, total num timesteps 369600/5000000, FPS 75.

incre win rate is 0.0.

 Map MMM2 Algo r_drbfn_v2 Exp v2_shaping_MMM2_5M updates 235/3125 episodes, total num timesteps 377600/5000000, FPS 75.

incre win rate is 0.0.
[v2-shape step=240] R_mean=0.0737 | r_mean(mean,min,max)=(0.0010,-0.0580,0.0718) | r_var_mean=0.000269 | shaping_abs=0.0110 | alpha=1.0
[v2-qdbg step=240] Q_tot(factual) sample: mean=0.0834, min=0.0378, max=0.3086 | counterfactual_r(cur step) mean=0.0074, min=0.0000, max=0.1037 | drbfn_loss=0.0019, qtot_loss=0.0051

 Map MMM2 Algo r_drbfn_v2 Exp v2_shaping_MMM2_5M updates 240/3125 episodes, total num timesteps 385600/5000000, FPS 75.

incre win rate is 0.0.

 Map MMM2 Algo r_drbfn_v2 Exp v2_shaping_MMM2_5M updates 245/3125 episodes, total num timesteps 393600/5000000, FPS 75.

incre win rate is 0.0.
[v2-shape step=250] R_mean=0.0557 | r_mean(mean,min,max)=(0.0018,-0.0546,0.0590) | r_var_mean=0.000262 | shaping_abs=0.0120 | alpha=1.0
[v2-qdbg step=250] Q_tot(factual) sample: mean=0.0420, min=-0.0068, max=0.1418 | counterfactual_r(cur step) mean=0.0056, min=0.0000, max=0.1198 | drbfn_loss=0.0013, qtot_loss=0.0039

 Map MMM2 Algo r_drbfn_v2 Exp v2_shaping_MMM2_5M updates 250/3125 episodes, total num timesteps 401600/5000000, FPS 76.

incre win rate is 0.0.
eval win rate is 0.0.

 Map MMM2 Algo r_drbfn_v2 Exp v2_shaping_MMM2_5M updates 255/3125 episodes, total num timesteps 409600/5000000, FPS 75.

incre win rate is 0.0.
[v2-shape step=260] R_mean=0.0535 | r_mean(mean,min,max)=(0.0027,-0.0545,0.0565) | r_var_mean=0.000259 | shaping_abs=0.0129 | alpha=1.0
[v2-qdbg step=260] Q_tot(factual) sample: mean=0.0553, min=0.0332, max=0.1716 | counterfactual_r(cur step) mean=0.0053, min=0.0000, max=0.0984 | drbfn_loss=0.0013, qtot_loss=0.0043

 Map MMM2 Algo r_drbfn_v2 Exp v2_shaping_MMM2_5M updates 260/3125 episodes, total num timesteps 417600/5000000, FPS 75.

incre win rate is 0.0.

 Map MMM2 Algo r_drbfn_v2 Exp v2_shaping_MMM2_5M updates 265/3125 episodes, total num timesteps 425600/5000000, FPS 75.

incre win rate is 0.0.
[v2-shape step=270] R_mean=0.0603 | r_mean(mean,min,max)=(0.0029,-0.0605,0.0763) | r_var_mean=0.000253 | shaping_abs=0.0134 | alpha=1.0
[v2-qdbg step=270] Q_tot(factual) sample: mean=0.0793, min=0.0260, max=0.3708 | counterfactual_r(cur step) mean=0.0060, min=0.0000, max=0.0977 | drbfn_loss=0.0015, qtot_loss=0.0051

 Map MMM2 Algo r_drbfn_v2 Exp v2_shaping_MMM2_5M updates 270/3125 episodes, total num timesteps 433600/5000000, FPS 75.

incre win rate is 0.0.

 Map MMM2 Algo r_drbfn_v2 Exp v2_shaping_MMM2_5M updates 275/3125 episodes, total num timesteps 441600/5000000, FPS 76.

incre win rate is 0.0.
eval win rate is 0.0.
[v2-shape step=280] R_mean=0.0652 | r_mean(mean,min,max)=(0.0034,-0.0544,0.0657) | r_var_mean=0.000239 | shaping_abs=0.0139 | alpha=1.0
[v2-qdbg step=280] Q_tot(factual) sample: mean=0.1085, min=0.0089, max=0.2413 | counterfactual_r(cur step) mean=0.0065, min=0.0000, max=0.0925 | drbfn_loss=0.0014, qtot_loss=0.0048

 Map MMM2 Algo r_drbfn_v2 Exp v2_shaping_MMM2_5M updates 280/3125 episodes, total num timesteps 449600/5000000, FPS 75.

incre win rate is 0.0.

 Map MMM2 Algo r_drbfn_v2 Exp v2_shaping_MMM2_5M updates 285/3125 episodes, total num timesteps 457600/5000000, FPS 75.

incre win rate is 0.0.
[v2-shape step=290] R_mean=0.0538 | r_mean(mean,min,max)=(0.0029,-0.0577,0.0618) | r_var_mean=0.000237 | shaping_abs=0.0137 | alpha=1.0
[v2-qdbg step=290] Q_tot(factual) sample: mean=0.1856, min=0.0365, max=0.3953 | counterfactual_r(cur step) mean=0.0054, min=0.0000, max=0.1001 | drbfn_loss=0.0012, qtot_loss=0.0039

 Map MMM2 Algo r_drbfn_v2 Exp v2_shaping_MMM2_5M updates 290/3125 episodes, total num timesteps 465600/5000000, FPS 75.

incre win rate is 0.0.

 Map MMM2 Algo r_drbfn_v2 Exp v2_shaping_MMM2_5M updates 295/3125 episodes, total num timesteps 473600/5000000, FPS 76.

incre win rate is 0.0.
[v2-shape step=300] R_mean=0.0621 | r_mean(mean,min,max)=(0.0035,-0.0532,0.0677) | r_var_mean=0.000232 | shaping_abs=0.0136 | alpha=1.0
[v2-qdbg step=300] Q_tot(factual) sample: mean=0.0449, min=0.0347, max=0.0544 | counterfactual_r(cur step) mean=0.0062, min=0.0000, max=0.1112 | drbfn_loss=0.0012, qtot_loss=0.0044

 Map MMM2 Algo r_drbfn_v2 Exp v2_shaping_MMM2_5M updates 300/3125 episodes, total num timesteps 481600/5000000, FPS 76.

incre win rate is 0.0.
eval win rate is 0.0.

 Map MMM2 Algo r_drbfn_v2 Exp v2_shaping_MMM2_5M updates 305/3125 episodes, total num timesteps 489600/5000000, FPS 75.

incre win rate is 0.0.
[v2-shape step=310] R_mean=0.0715 | r_mean(mean,min,max)=(0.0037,-0.0542,0.0666) | r_var_mean=0.000223 | shaping_abs=0.0133 | alpha=1.0
[v2-qdbg step=310] Q_tot(factual) sample: mean=0.0894, min=0.0354, max=0.4332 | counterfactual_r(cur step) mean=0.0072, min=0.0000, max=0.1312 | drbfn_loss=0.0017, qtot_loss=0.0058

 Map MMM2 Algo r_drbfn_v2 Exp v2_shaping_MMM2_5M updates 310/3125 episodes, total num timesteps 497600/5000000, FPS 75.

incre win rate is 0.0.

 Map MMM2 Algo r_drbfn_v2 Exp v2_shaping_MMM2_5M updates 315/3125 episodes, total num timesteps 505600/5000000, FPS 75.

incre win rate is 0.0.
[v2-shape step=320] R_mean=0.0510 | r_mean(mean,min,max)=(0.0027,-0.0521,0.0590) | r_var_mean=0.000218 | shaping_abs=0.0125 | alpha=1.0
[v2-qdbg step=320] Q_tot(factual) sample: mean=0.0441, min=0.0374, max=0.0478 | counterfactual_r(cur step) mean=0.0051, min=0.0000, max=0.0971 | drbfn_loss=0.0011, qtot_loss=0.0037

 Map MMM2 Algo r_drbfn_v2 Exp v2_shaping_MMM2_5M updates 320/3125 episodes, total num timesteps 513600/5000000, FPS 76.

incre win rate is 0.0.

 Map MMM2 Algo r_drbfn_v2 Exp v2_shaping_MMM2_5M updates 325/3125 episodes, total num timesteps 521600/5000000, FPS 76.

incre win rate is 0.0.
eval win rate is 0.0.
[v2-shape step=330] R_mean=0.0667 | r_mean(mean,min,max)=(0.0030,-0.0576,0.0756) | r_var_mean=0.000213 | shaping_abs=0.0123 | alpha=1.0
[v2-qdbg step=330] Q_tot(factual) sample: mean=0.1184, min=0.0164, max=0.4037 | counterfactual_r(cur step) mean=0.0067, min=0.0000, max=0.1282 | drbfn_loss=0.0015, qtot_loss=0.0050

 Map MMM2 Algo r_drbfn_v2 Exp v2_shaping_MMM2_5M updates 330/3125 episodes, total num timesteps 529600/5000000, FPS 75.

incre win rate is 0.0.

 Map MMM2 Algo r_drbfn_v2 Exp v2_shaping_MMM2_5M updates 335/3125 episodes, total num timesteps 537600/5000000, FPS 75.

incre win rate is 0.0.
[v2-shape step=340] R_mean=0.0655 | r_mean(mean,min,max)=(0.0030,-0.0505,0.0701) | r_var_mean=0.000214 | shaping_abs=0.0122 | alpha=1.0
[v2-qdbg step=340] Q_tot(factual) sample: mean=0.0488, min=0.0389, max=0.0547 | counterfactual_r(cur step) mean=0.0066, min=0.0000, max=0.1093 | drbfn_loss=0.0014, qtot_loss=0.0046

 Map MMM2 Algo r_drbfn_v2 Exp v2_shaping_MMM2_5M updates 340/3125 episodes, total num timesteps 545600/5000000, FPS 76.

incre win rate is 0.0.

 Map MMM2 Algo r_drbfn_v2 Exp v2_shaping_MMM2_5M updates 345/3125 episodes, total num timesteps 553600/5000000, FPS 76.

incre win rate is 0.0.
[v2-shape step=350] R_mean=0.0564 | r_mean(mean,min,max)=(0.0028,-0.0572,0.0655) | r_var_mean=0.000206 | shaping_abs=0.0119 | alpha=1.0
[v2-qdbg step=350] Q_tot(factual) sample: mean=0.0588, min=0.0482, max=0.1496 | counterfactual_r(cur step) mean=0.0056, min=0.0000, max=0.0917 | drbfn_loss=0.0010, qtot_loss=0.0042

 Map MMM2 Algo r_drbfn_v2 Exp v2_shaping_MMM2_5M updates 350/3125 episodes, total num timesteps 561600/5000000, FPS 76.

incre win rate is 0.0.
eval win rate is 0.0.

 Map MMM2 Algo r_drbfn_v2 Exp v2_shaping_MMM2_5M updates 355/3125 episodes, total num timesteps 569600/5000000, FPS 76.

incre win rate is 0.0.
[v2-shape step=360] R_mean=0.0623 | r_mean(mean,min,max)=(0.0032,-0.0517,0.0671) | r_var_mean=0.000205 | shaping_abs=0.0121 | alpha=1.0
[v2-qdbg step=360] Q_tot(factual) sample: mean=0.1048, min=0.0407, max=0.4081 | counterfactual_r(cur step) mean=0.0062, min=0.0000, max=0.1093 | drbfn_loss=0.0011, qtot_loss=0.0044

 Map MMM2 Algo r_drbfn_v2 Exp v2_shaping_MMM2_5M updates 360/3125 episodes, total num timesteps 577600/5000000, FPS 76.

incre win rate is 0.0.

 Map MMM2 Algo r_drbfn_v2 Exp v2_shaping_MMM2_5M updates 365/3125 episodes, total num timesteps 585600/5000000, FPS 77.

incre win rate is 0.0.
[v2-shape step=370] R_mean=0.0683 | r_mean(mean,min,max)=(0.0043,-0.0527,0.0774) | r_var_mean=0.000201 | shaping_abs=0.0125 | alpha=1.0
[v2-qdbg step=370] Q_tot(factual) sample: mean=0.0481, min=0.0395, max=0.0589 | counterfactual_r(cur step) mean=0.0068, min=0.0000, max=0.1005 | drbfn_loss=0.0012, qtot_loss=0.0050

 Map MMM2 Algo r_drbfn_v2 Exp v2_shaping_MMM2_5M updates 370/3125 episodes, total num timesteps 593600/5000000, FPS 77.

incre win rate is 0.0.

 Map MMM2 Algo r_drbfn_v2 Exp v2_shaping_MMM2_5M updates 375/3125 episodes, total num timesteps 601600/5000000, FPS 78.

incre win rate is 0.0.
eval win rate is 0.0.
[v2-shape step=380] R_mean=0.0602 | r_mean(mean,min,max)=(0.0035,-0.0593,0.0712) | r_var_mean=0.000194 | shaping_abs=0.0123 | alpha=1.0
[v2-qdbg step=380] Q_tot(factual) sample: mean=0.1684, min=0.0470, max=0.5928 | counterfactual_r(cur step) mean=0.0060, min=0.0000, max=0.1077 | drbfn_loss=0.0009, qtot_loss=0.0042

 Map MMM2 Algo r_drbfn_v2 Exp v2_shaping_MMM2_5M updates 380/3125 episodes, total num timesteps 609600/5000000, FPS 77.

incre win rate is 0.0.

 Map MMM2 Algo r_drbfn_v2 Exp v2_shaping_MMM2_5M updates 385/3125 episodes, total num timesteps 617600/5000000, FPS 77.

incre win rate is 0.0.
[v2-shape step=390] R_mean=0.0825 | r_mean(mean,min,max)=(0.0057,-0.0445,0.0908) | r_var_mean=0.000187 | shaping_abs=0.0132 | alpha=1.0
[v2-qdbg step=390] Q_tot(factual) sample: mean=0.0519, min=0.0432, max=0.0655 | counterfactual_r(cur step) mean=0.0083, min=0.0000, max=0.1290 | drbfn_loss=0.0014, qtot_loss=0.0060

 Map MMM2 Algo r_drbfn_v2 Exp v2_shaping_MMM2_5M updates 390/3125 episodes, total num timesteps 625600/5000000, FPS 78.

incre win rate is 0.0.

 Map MMM2 Algo r_drbfn_v2 Exp v2_shaping_MMM2_5M updates 395/3125 episodes, total num timesteps 633600/5000000, FPS 78.

incre win rate is 0.0.
[v2-shape step=400] R_mean=0.0750 | r_mean(mean,min,max)=(0.0038,-0.0444,0.0742) | r_var_mean=0.000186 | shaping_abs=0.0127 | alpha=1.0
[v2-qdbg step=400] Q_tot(factual) sample: mean=0.1089, min=0.0459, max=0.4559 | counterfactual_r(cur step) mean=0.0075, min=0.0000, max=0.1235 | drbfn_loss=0.0014, qtot_loss=0.0062

 Map MMM2 Algo r_drbfn_v2 Exp v2_shaping_MMM2_5M updates 400/3125 episodes, total num timesteps 641600/5000000, FPS 78.

incre win rate is 0.0.
eval win rate is 0.0.

 Map MMM2 Algo r_drbfn_v2 Exp v2_shaping_MMM2_5M updates 405/3125 episodes, total num timesteps 649600/5000000, FPS 77.

incre win rate is 0.0.
[v2-shape step=410] R_mean=0.0513 | r_mean(mean,min,max)=(0.0025,-0.0465,0.0661) | r_var_mean=0.000185 | shaping_abs=0.0121 | alpha=1.0
[v2-qdbg step=410] Q_tot(factual) sample: mean=0.0789, min=0.0511, max=0.1864 | counterfactual_r(cur step) mean=0.0051, min=0.0000, max=0.1035 | drbfn_loss=0.0008, qtot_loss=0.0042

 Map MMM2 Algo r_drbfn_v2 Exp v2_shaping_MMM2_5M updates 410/3125 episodes, total num timesteps 657600/5000000, FPS 78.

incre win rate is 0.0.

 Map MMM2 Algo r_drbfn_v2 Exp v2_shaping_MMM2_5M updates 415/3125 episodes, total num timesteps 665600/5000000, FPS 78.

incre win rate is 0.0.
[v2-shape step=420] R_mean=0.0710 | r_mean(mean,min,max)=(0.0032,-0.0517,0.0774) | r_var_mean=0.000177 | shaping_abs=0.0124 | alpha=1.0
[v2-qdbg step=420] Q_tot(factual) sample: mean=0.0617, min=0.0516, max=0.1008 | counterfactual_r(cur step) mean=0.0071, min=0.0000, max=0.1000 | drbfn_loss=0.0010, qtot_loss=0.0053

 Map MMM2 Algo r_drbfn_v2 Exp v2_shaping_MMM2_5M updates 420/3125 episodes, total num timesteps 673600/5000000, FPS 78.

incre win rate is 0.0.

 Map MMM2 Algo r_drbfn_v2 Exp v2_shaping_MMM2_5M updates 425/3125 episodes, total num timesteps 681600/5000000, FPS 78.

incre win rate is 0.0.
eval win rate is 0.0.
[v2-shape step=430] R_mean=0.0713 | r_mean(mean,min,max)=(0.0036,-0.0445,0.0717) | r_var_mean=0.000174 | shaping_abs=0.0124 | alpha=1.0
[v2-qdbg step=430] Q_tot(factual) sample: mean=0.0718, min=0.0456, max=0.2427 | counterfactual_r(cur step) mean=0.0071, min=0.0000, max=0.1186 | drbfn_loss=0.0010, qtot_loss=0.0066

 Map MMM2 Algo r_drbfn_v2 Exp v2_shaping_MMM2_5M updates 430/3125 episodes, total num timesteps 689600/5000000, FPS 78.

incre win rate is 0.0.

 Map MMM2 Algo r_drbfn_v2 Exp v2_shaping_MMM2_5M updates 435/3125 episodes, total num timesteps 697600/5000000, FPS 78.

incre win rate is 0.0.
[v2-shape step=440] R_mean=0.0794 | r_mean(mean,min,max)=(0.0045,-0.0491,0.0807) | r_var_mean=0.000169 | shaping_abs=0.0125 | alpha=1.0
[v2-qdbg step=440] Q_tot(factual) sample: mean=0.0414, min=-0.0224, max=0.0815 | counterfactual_r(cur step) mean=0.0079, min=0.0000, max=0.1201 | drbfn_loss=0.0010, qtot_loss=0.0058

 Map MMM2 Algo r_drbfn_v2 Exp v2_shaping_MMM2_5M updates 440/3125 episodes, total num timesteps 705600/5000000, FPS 78.

incre win rate is 0.0.

 Map MMM2 Algo r_drbfn_v2 Exp v2_shaping_MMM2_5M updates 445/3125 episodes, total num timesteps 713600/5000000, FPS 78.

incre win rate is 0.0.
[v2-shape step=450] R_mean=0.0630 | r_mean(mean,min,max)=(0.0034,-0.0418,0.0718) | r_var_mean=0.000168 | shaping_abs=0.0118 | alpha=1.0
[v2-qdbg step=450] Q_tot(factual) sample: mean=0.2685, min=-0.0178, max=0.7794 | counterfactual_r(cur step) mean=0.0063, min=0.0000, max=0.1172 | drbfn_loss=0.0011, qtot_loss=0.0056

 Map MMM2 Algo r_drbfn_v2 Exp v2_shaping_MMM2_5M updates 450/3125 episodes, total num timesteps 721600/5000000, FPS 78.

incre win rate is 0.0.
eval win rate is 0.0.

 Map MMM2 Algo r_drbfn_v2 Exp v2_shaping_MMM2_5M updates 455/3125 episodes, total num timesteps 729600/5000000, FPS 78.

incre win rate is 0.0.
[v2-shape step=460] R_mean=0.0730 | r_mean(mean,min,max)=(0.0037,-0.0396,0.0787) | r_var_mean=0.000164 | shaping_abs=0.0118 | alpha=1.0
[v2-qdbg step=460] Q_tot(factual) sample: mean=0.0536, min=0.0485, max=0.0563 | counterfactual_r(cur step) mean=0.0073, min=0.0000, max=0.1040 | drbfn_loss=0.0009, qtot_loss=0.0056

 Map MMM2 Algo r_drbfn_v2 Exp v2_shaping_MMM2_5M updates 460/3125 episodes, total num timesteps 737600/5000000, FPS 78.

incre win rate is 0.0.

 Map MMM2 Algo r_drbfn_v2 Exp v2_shaping_MMM2_5M updates 465/3125 episodes, total num timesteps 745600/5000000, FPS 78.

incre win rate is 0.0.
[v2-shape step=470] R_mean=0.0698 | r_mean(mean,min,max)=(0.0039,-0.0388,0.0756) | r_var_mean=0.000156 | shaping_abs=0.0118 | alpha=1.0
[v2-qdbg step=470] Q_tot(factual) sample: mean=0.0375, min=-0.0112, max=0.0758 | counterfactual_r(cur step) mean=0.0070, min=0.0000, max=0.1363 | drbfn_loss=0.0010, qtot_loss=0.0052

 Map MMM2 Algo r_drbfn_v2 Exp v2_shaping_MMM2_5M updates 470/3125 episodes, total num timesteps 753600/5000000, FPS 78.

incre win rate is 0.0.

 Map MMM2 Algo r_drbfn_v2 Exp v2_shaping_MMM2_5M updates 475/3125 episodes, total num timesteps 761600/5000000, FPS 78.

incre win rate is 0.0.
eval win rate is 0.0.
[v2-shape step=480] R_mean=0.0668 | r_mean(mean,min,max)=(0.0039,-0.0467,0.0776) | r_var_mean=0.000154 | shaping_abs=0.0116 | alpha=1.0
[v2-qdbg step=480] Q_tot(factual) sample: mean=0.0564, min=0.0515, max=0.0677 | counterfactual_r(cur step) mean=0.0067, min=0.0000, max=0.1131 | drbfn_loss=0.0009, qtot_loss=0.0056

 Map MMM2 Algo r_drbfn_v2 Exp v2_shaping_MMM2_5M updates 480/3125 episodes, total num timesteps 769600/5000000, FPS 78.

incre win rate is 0.0.
WARNING:absl:SC2 isn't running, so bailing early on the websocket connection.
Process Process-4:
Traceback (most recent call last):
  File "D:\conda\Lib\site-packages\websocket\_socket.py", line 118, in recv
    bytes_ = _recv()
             ^^^^^^^
  File "D:\conda\Lib\site-packages\websocket\_socket.py", line 97, in _recv
    return sock.recv(bufsize)
           ^^^^^^^^^^^^^^^^^^
TimeoutError: timed out

During handling of the above exception, another exception occurred:

Traceback (most recent call last):
  File "D:\conda\Lib\site-packages\pysc2\lib\protocol.py", line 62, in catch_websocket_connection_errors
    yield
  File "D:\conda\Lib\site-packages\pysc2\lib\protocol.py", line 179, in _read
    response_str = self._sock.recv()
                   ^^^^^^^^^^^^^^^^^
  File "D:\conda\Lib\site-packages\websocket\_core.py", line 388, in recv
    opcode, data = self.recv_data()
                   ^^^^^^^^^^^^^^^^
  File "D:\conda\Lib\site-packages\websocket\_core.py", line 416, in recv_data
    opcode, frame = self.recv_data_frame(control_frame)
                    ^^^^^^^^^^^^^^^^^^^^^^^^^^^^^^^^^^^
  File "D:\conda\Lib\site-packages\websocket\_core.py", line 437, in recv_data_frame
    frame = self.recv_frame()
            ^^^^^^^^^^^^^^^^^
  File "D:\conda\Lib\site-packages\websocket\_core.py", line 478, in recv_frame
    return self.frame_buffer.recv_frame()
           ^^^^^^^^^^^^^^^^^^^^^^^^^^^^^^
  File "D:\conda\Lib\site-packages\websocket\_abnf.py", line 363, in recv_frame
    self.recv_header()
  File "D:\conda\Lib\site-packages\websocket\_abnf.py", line 319, in recv_header
    header = self.recv_strict(2)
             ^^^^^^^^^^^^^^^^^^^
  File "D:\conda\Lib\site-packages\websocket\_abnf.py", line 398, in recv_strict
    bytes_ = self.recv(min(16384, shortage))
             ^^^^^^^^^^^^^^^^^^^^^^^^^^^^^^^
  File "D:\conda\Lib\site-packages\websocket\_core.py", line 563, in _recv
    return recv(self.sock, bufsize)
           ^^^^^^^^^^^^^^^^^^^^^^^^
  File "D:\conda\Lib\site-packages\websocket\_socket.py", line 120, in recv
    raise WebSocketTimeoutException("Connection timed out")
websocket._exceptions.WebSocketTimeoutException: Connection timed out

During handling of the above exception, another exception occurred:

Traceback (most recent call last):
  File "D:\conda\Lib\site-packages\pysc2\lib\protocol.py", line 147, in send
    res = self.send_req(req)
          ^^^^^^^^^^^^^^^^^^
  File "D:\conda\Lib\site-packages\pysc2\lib\protocol.py", line 127, in send_req
    return self.read()
           ^^^^^^^^^^^
  File "D:\conda\Lib\site-packages\pysc2\lib\stopwatch.py", line 205, in _stopwatch
    return func(*args, **kwargs)
           ^^^^^^^^^^^^^^^^^^^^^
  File "D:\conda\Lib\site-packages\pysc2\lib\protocol.py", line 98, in read
    response = self._read()
               ^^^^^^^^^^^^
  File "D:\conda\Lib\site-packages\pysc2\lib\protocol.py", line 178, in _read
    with catch_websocket_connection_errors():
         ^^^^^^^^^^^^^^^^^^^^^^^^^^^^^^^^^^^
  File "D:\conda\Lib\contextlib.py", line 158, in __exit__
    self.gen.throw(value)
  File "D:\conda\Lib\site-packages\pysc2\lib\protocol.py", line 67, in catch_websocket_connection_errors
    raise ConnectionError("Websocket timed out.")
pysc2.lib.protocol.ConnectionError: Websocket timed out.

During handling of the above exception, another exception occurred:

Traceback (most recent call last):
  File "c:\users\张英铭\desktop\on-policy\onpolicy\envs\starcraft2\StarCraft2_Env.py", line 488, in step
    self._obs = self._controller.observe()
                ^^^^^^^^^^^^^^^^^^^^^^^^^^
  File "D:\conda\Lib\site-packages\pysc2\lib\remote_controller.py", line 95, in _valid_status
    return func(self, *args, **kwargs)
           ^^^^^^^^^^^^^^^^^^^^^^^^^^^
  File "D:\conda\Lib\site-packages\pysc2\lib\stopwatch.py", line 205, in _stopwatch
    return func(*args, **kwargs)
           ^^^^^^^^^^^^^^^^^^^^^
  File "D:\conda\Lib\site-packages\pysc2\lib\remote_controller.py", line 244, in observe
    obs = self._client.send(observation=sc_pb.RequestObservation(
          ^^^^^^^^^^^^^^^^^^^^^^^^^^^^^^^^^^^^^^^^^^^^^^^^^^^^^^^
  File "D:\conda\Lib\site-packages\pysc2\lib\protocol.py", line 149, in send
    raise ConnectionError("Error during %s: %s" % (name, e))
pysc2.lib.protocol.ConnectionError: Error during observation: Websocket timed out.

During handling of the above exception, another exception occurred:

Traceback (most recent call last):
  File "D:\conda\Lib\multiprocessing\process.py", line 314, in _bootstrap
    self.run()
  File "D:\conda\Lib\multiprocessing\process.py", line 108, in run
    self._target(*self._args, **self._kwargs)
  File "c:\users\张英铭\desktop\on-policy\onpolicy\envs\env_wrappers.py", line 326, in shareworker
    ob, s_ob, reward, done, info, available_actions = env.step(data)
                                                      ^^^^^^^^^^^^^^
  File "c:\users\张英铭\desktop\on-policy\onpolicy\envs\starcraft2\StarCraft2_Env.py", line 490, in step
    self.full_restart()
  File "c:\users\张英铭\desktop\on-policy\onpolicy\envs\starcraft2\StarCraft2_Env.py", line 452, in full_restart
    self._launch()
  File "c:\users\张英铭\desktop\on-policy\onpolicy\envs\starcraft2\StarCraft2_Env.py", line 338, in _launch
    self._sc2_proc = self._run_config.start(window_size=self.window_size, want_rgb=False)
                     ^^^^^^^^^^^^^^^^^^^^^^^^^^^^^^^^^^^^^^^^^^^^^^^^^^^^^^^^^^^^^^^^^^^^
  File "D:\conda\Lib\site-packages\pysc2\run_configs\platforms.py", line 83, in start
    return sc_process.StarcraftProcess(
           ^^^^^^^^^^^^^^^^^^^^^^^^^^^^
  File "D:\conda\Lib\site-packages\pysc2\lib\sc_process.py", line 137, in __init__
    self._controller = remote_controller.RemoteController(
                       ^^^^^^^^^^^^^^^^^^^^^^^^^^^^^^^^^^^
  File "D:\conda\Lib\site-packages\pysc2\lib\remote_controller.py", line 142, in __init__
    sock = self._connect(host, port, proc, timeout_seconds)
           ^^^^^^^^^^^^^^^^^^^^^^^^^^^^^^^^^^^^^^^^^^^^^^^^
  File "D:\conda\Lib\site-packages\pysc2\lib\stopwatch.py", line 205, in _stopwatch
    return func(*args, **kwargs)
           ^^^^^^^^^^^^^^^^^^^^^
  File "D:\conda\Lib\site-packages\pysc2\lib\remote_controller.py", line 176, in _connect
    raise ConnectError("Failed to connect to the SC2 websocket. Is it up?")
pysc2.lib.remote_controller.ConnectError: Failed to connect to the SC2 websocket. Is it up?
Traceback (most recent call last):
  File "D:\conda\Lib\multiprocessing\connection.py", line 328, in _recv_bytes
    nread, err = ov.GetOverlappedResult(True)
                 ^^^^^^^^^^^^^^^^^^^^^^^^^^^^
BrokenPipeError: [WinError 109] 管道已结束。

During handling of the above exception, another exception occurred:

Traceback (most recent call last):
  File "C:\Users\张英铭\Desktop\on-policy\onpolicy\scripts\train\train_smac.py", line 264, in <module>
    main(sys.argv[1:])
  File "C:\Users\张英铭\Desktop\on-policy\onpolicy\scripts\train\train_smac.py", line 248, in main
    runner.run()
  File "c:\users\张英铭\desktop\on-policy\onpolicy\runner\shared\smac_runner.py", line 34, in run
    obs, share_obs, rewards, dones, infos, available_actions = self.envs.step(actions)
                                                               ^^^^^^^^^^^^^^^^^^^^^^^
  File "c:\users\张英铭\desktop\on-policy\onpolicy\envs\env_wrappers.py", line 107, in step
    return self.step_wait()
           ^^^^^^^^^^^^^^^^
  File "c:\users\张英铭\desktop\on-policy\onpolicy\envs\env_wrappers.py", line 389, in step_wait
    results = [remote.recv() for remote in self.remotes]
               ^^^^^^^^^^^^^
  File "D:\conda\Lib\multiprocessing\connection.py", line 250, in recv
    buf = self._recv_bytes()
          ^^^^^^^^^^^^^^^^^^
  File "D:\conda\Lib\multiprocessing\connection.py", line 337, in _recv_bytes
    raise EOFError
EOFError
