D:\conda\Lib\site-packages\requests\__init__.py:113: RequestsDependencyWarning: urllib3 (2.2.3) or chardet (7.4.3)/charset_normalizer (3.3.2) doesn't match a supported version!
  warnings.warn(
u are choosing to use r_drbfn (DRBFN), keeping use_centralized_V = True
choose to use gpu...
obs_space:  [[370, [9, 26], [12, 8], [1, 4], [1, 36]], [370, [9, 26], [12, 8], [1, 4], [1, 36]], [370, [9, 26], [12, 8], [1, 4], [1, 36]], [370, [9, 26], [12, 8], [1, 4], [1, 36]], [370, [9, 26], [12, 8], [1, 4], [1, 36]], [370, [9, 26], [12, 8], [1, 4], [1, 36]], [370, [9, 26], [12, 8], [1, 4], [1, 36]], [370, [9, 26], [12, 8], [1, 4], [1, 36]], [370, [9, 26], [12, 8], [1, 4], [1, 36]], [370, [9, 26], [12, 8], [1, 4], [1, 36]]]
share_obs_space:  [[435, [9, 29], [12, 11], [1, 4], [1, 38]], [435, [9, 29], [12, 11], [1, 4], [1, 38]], [435, [9, 29], [12, 11], [1, 4], [1, 38]], [435, [9, 29], [12, 11], [1, 4], [1, 38]], [435, [9, 29], [12, 11], [1, 4], [1, 38]], [435, [9, 29], [12, 11], [1, 4], [1, 38]], [435, [9, 29], [12, 11], [1, 4], [1, 38]], [435, [9, 29], [12, 11], [1, 4], [1, 38]], [435, [9, 29], [12, 11], [1, 4], [1, 38]], [435, [9, 29], [12, 11], [1, 4], [1, 38]]]
act_space:  [Discrete(18), Discrete(18), Discrete(18), Discrete(18), Discrete(18), Discrete(18), Discrete(18), Discrete(18), Discrete(18), Discrete(18)]

 Map MMM2 Algo r_drbfn Exp drbfn_mmm2 updates 0/3125 episodes, total num timesteps 1600/5000000, FPS 54.

incre win rate is 0.0.
eval win rate is 0.0.

 Map MMM2 Algo r_drbfn Exp drbfn_mmm2 updates 5/3125 episodes, total num timesteps 9600/5000000, FPS 55.

incre win rate is 0.0.

 Map MMM2 Algo r_drbfn Exp drbfn_mmm2 updates 10/3125 episodes, total num timesteps 17600/5000000, FPS 67.

incre win rate is 0.0.

 Map MMM2 Algo r_drbfn Exp drbfn_mmm2 updates 15/3125 episodes, total num timesteps 25600/5000000, FPS 73.

incre win rate is 0.0.

 Map MMM2 Algo r_drbfn Exp drbfn_mmm2 updates 20/3125 episodes, total num timesteps 33600/5000000, FPS 78.

incre win rate is 0.0.

 Map MMM2 Algo r_drbfn Exp drbfn_mmm2 updates 25/3125 episodes, total num timesteps 41600/5000000, FPS 81.

incre win rate is 0.0.
eval win rate is 0.0.

 Map MMM2 Algo r_drbfn Exp drbfn_mmm2 updates 30/3125 episodes, total num timesteps 49600/5000000, FPS 75.

incre win rate is 0.0.

 Map MMM2 Algo r_drbfn Exp drbfn_mmm2 updates 35/3125 episodes, total num timesteps 57600/5000000, FPS 77.

incre win rate is 0.0.

 Map MMM2 Algo r_drbfn Exp drbfn_mmm2 updates 40/3125 episodes, total num timesteps 65600/5000000, FPS 78.

incre win rate is 0.0.

 Map MMM2 Algo r_drbfn Exp drbfn_mmm2 updates 45/3125 episodes, total num timesteps 73600/5000000, FPS 79.

incre win rate is 0.0.

 Map MMM2 Algo r_drbfn Exp drbfn_mmm2 updates 50/3125 episodes, total num timesteps 81600/5000000, FPS 80.

incre win rate is 0.0.
eval win rate is 0.0.

 Map MMM2 Algo r_drbfn Exp drbfn_mmm2 updates 55/3125 episodes, total num timesteps 89600/5000000, FPS 78.

incre win rate is 0.0.

 Map MMM2 Algo r_drbfn Exp drbfn_mmm2 updates 60/3125 episodes, total num timesteps 97600/5000000, FPS 76.

incre win rate is 0.0.

 Map MMM2 Algo r_drbfn Exp drbfn_mmm2 updates 65/3125 episodes, total num timesteps 105600/5000000, FPS 77.

incre win rate is 0.0.

 Map MMM2 Algo r_drbfn Exp drbfn_mmm2 updates 70/3125 episodes, total num timesteps 113600/5000000, FPS 77.

incre win rate is 0.0.

 Map MMM2 Algo r_drbfn Exp drbfn_mmm2 updates 75/3125 episodes, total num timesteps 121600/5000000, FPS 77.

incre win rate is 0.0.
eval win rate is 0.0.

 Map MMM2 Algo r_drbfn Exp drbfn_mmm2 updates 80/3125 episodes, total num timesteps 129600/5000000, FPS 75.

incre win rate is 0.0.

 Map MMM2 Algo r_drbfn Exp drbfn_mmm2 updates 85/3125 episodes, total num timesteps 137600/5000000, FPS 75.

incre win rate is 0.0.

 Map MMM2 Algo r_drbfn Exp drbfn_mmm2 updates 90/3125 episodes, total num timesteps 145600/5000000, FPS 75.

incre win rate is 0.0.

 Map MMM2 Algo r_drbfn Exp drbfn_mmm2 updates 95/3125 episodes, total num timesteps 153600/5000000, FPS 75.

incre win rate is 0.0.

 Map MMM2 Algo r_drbfn Exp drbfn_mmm2 updates 100/3125 episodes, total num timesteps 161600/5000000, FPS 75.

incre win rate is 0.0.
eval win rate is 0.0.

 Map MMM2 Algo r_drbfn Exp drbfn_mmm2 updates 105/3125 episodes, total num timesteps 169600/5000000, FPS 74.

incre win rate is 0.0.

 Map MMM2 Algo r_drbfn Exp drbfn_mmm2 updates 110/3125 episodes, total num timesteps 177600/5000000, FPS 74.

incre win rate is 0.0.

 Map MMM2 Algo r_drbfn Exp drbfn_mmm2 updates 115/3125 episodes, total num timesteps 185600/5000000, FPS 75.

incre win rate is 0.0.

 Map MMM2 Algo r_drbfn Exp drbfn_mmm2 updates 120/3125 episodes, total num timesteps 193600/5000000, FPS 75.

incre win rate is 0.0.

 Map MMM2 Algo r_drbfn Exp drbfn_mmm2 updates 125/3125 episodes, total num timesteps 201600/5000000, FPS 75.

incre win rate is 0.0.
eval win rate is 0.0.

 Map MMM2 Algo r_drbfn Exp drbfn_mmm2 updates 130/3125 episodes, total num timesteps 209600/5000000, FPS 73.

incre win rate is 0.0.

 Map MMM2 Algo r_drbfn Exp drbfn_mmm2 updates 135/3125 episodes, total num timesteps 217600/5000000, FPS 73.

incre win rate is 0.0.

 Map MMM2 Algo r_drbfn Exp drbfn_mmm2 updates 140/3125 episodes, total num timesteps 225600/5000000, FPS 73.

incre win rate is 0.0.

 Map MMM2 Algo r_drbfn Exp drbfn_mmm2 updates 145/3125 episodes, total num timesteps 233600/5000000, FPS 73.

incre win rate is 0.0.

 Map MMM2 Algo r_drbfn Exp drbfn_mmm2 updates 150/3125 episodes, total num timesteps 241600/5000000, FPS 73.

incre win rate is 0.0.
eval win rate is 0.0.

 Map MMM2 Algo r_drbfn Exp drbfn_mmm2 updates 155/3125 episodes, total num timesteps 249600/5000000, FPS 71.

incre win rate is 0.0.

 Map MMM2 Algo r_drbfn Exp drbfn_mmm2 updates 160/3125 episodes, total num timesteps 257600/5000000, FPS 72.

incre win rate is 0.0.

 Map MMM2 Algo r_drbfn Exp drbfn_mmm2 updates 165/3125 episodes, total num timesteps 265600/5000000, FPS 71.

incre win rate is 0.0.

 Map MMM2 Algo r_drbfn Exp drbfn_mmm2 updates 170/3125 episodes, total num timesteps 273600/5000000, FPS 71.

incre win rate is 0.0.

 Map MMM2 Algo r_drbfn Exp drbfn_mmm2 updates 175/3125 episodes, total num timesteps 281600/5000000, FPS 71.

incre win rate is 0.0.
eval win rate is 0.0.

 Map MMM2 Algo r_drbfn Exp drbfn_mmm2 updates 180/3125 episodes, total num timesteps 289600/5000000, FPS 70.

incre win rate is 0.0.

 Map MMM2 Algo r_drbfn Exp drbfn_mmm2 updates 185/3125 episodes, total num timesteps 297600/5000000, FPS 70.

incre win rate is 0.0.

 Map MMM2 Algo r_drbfn Exp drbfn_mmm2 updates 190/3125 episodes, total num timesteps 305600/5000000, FPS 70.

incre win rate is 0.0.

 Map MMM2 Algo r_drbfn Exp drbfn_mmm2 updates 195/3125 episodes, total num timesteps 313600/5000000, FPS 70.

incre win rate is 0.0.

 Map MMM2 Algo r_drbfn Exp drbfn_mmm2 updates 200/3125 episodes, total num timesteps 321600/5000000, FPS 70.

incre win rate is 0.0.
eval win rate is 0.0.

 Map MMM2 Algo r_drbfn Exp drbfn_mmm2 updates 205/3125 episodes, total num timesteps 329600/5000000, FPS 68.

incre win rate is 0.0.

 Map MMM2 Algo r_drbfn Exp drbfn_mmm2 updates 210/3125 episodes, total num timesteps 337600/5000000, FPS 69.

incre win rate is 0.0.

 Map MMM2 Algo r_drbfn Exp drbfn_mmm2 updates 215/3125 episodes, total num timesteps 345600/5000000, FPS 69.

incre win rate is 0.0.

 Map MMM2 Algo r_drbfn Exp drbfn_mmm2 updates 220/3125 episodes, total num timesteps 353600/5000000, FPS 69.

incre win rate is 0.0.

 Map MMM2 Algo r_drbfn Exp drbfn_mmm2 updates 225/3125 episodes, total num timesteps 361600/5000000, FPS 69.

incre win rate is 0.0.
eval win rate is 0.0.

 Map MMM2 Algo r_drbfn Exp drbfn_mmm2 updates 230/3125 episodes, total num timesteps 369600/5000000, FPS 68.

incre win rate is 0.0.

 Map MMM2 Algo r_drbfn Exp drbfn_mmm2 updates 235/3125 episodes, total num timesteps 377600/5000000, FPS 68.

incre win rate is 0.0.

 Map MMM2 Algo r_drbfn Exp drbfn_mmm2 updates 240/3125 episodes, total num timesteps 385600/5000000, FPS 68.

incre win rate is 0.0.

 Map MMM2 Algo r_drbfn Exp drbfn_mmm2 updates 245/3125 episodes, total num timesteps 393600/5000000, FPS 68.

incre win rate is 0.0.

 Map MMM2 Algo r_drbfn Exp drbfn_mmm2 updates 250/3125 episodes, total num timesteps 401600/5000000, FPS 68.

incre win rate is 0.0.
eval win rate is 0.0.

 Map MMM2 Algo r_drbfn Exp drbfn_mmm2 updates 255/3125 episodes, total num timesteps 409600/5000000, FPS 67.

incre win rate is 0.0.

 Map MMM2 Algo r_drbfn Exp drbfn_mmm2 updates 260/3125 episodes, total num timesteps 417600/5000000, FPS 67.

incre win rate is 0.0.

 Map MMM2 Algo r_drbfn Exp drbfn_mmm2 updates 265/3125 episodes, total num timesteps 425600/5000000, FPS 67.

incre win rate is 0.0.

 Map MMM2 Algo r_drbfn Exp drbfn_mmm2 updates 270/3125 episodes, total num timesteps 433600/5000000, FPS 67.

incre win rate is 0.0.

 Map MMM2 Algo r_drbfn Exp drbfn_mmm2 updates 275/3125 episodes, total num timesteps 441600/5000000, FPS 67.

incre win rate is 0.0.
eval win rate is 0.0.

 Map MMM2 Algo r_drbfn Exp drbfn_mmm2 updates 280/3125 episodes, total num timesteps 449600/5000000, FPS 67.

incre win rate is 0.0.

 Map MMM2 Algo r_drbfn Exp drbfn_mmm2 updates 285/3125 episodes, total num timesteps 457600/5000000, FPS 67.

incre win rate is 0.0.

 Map MMM2 Algo r_drbfn Exp drbfn_mmm2 updates 290/3125 episodes, total num timesteps 465600/5000000, FPS 67.

incre win rate is 0.0.

 Map MMM2 Algo r_drbfn Exp drbfn_mmm2 updates 295/3125 episodes, total num timesteps 473600/5000000, FPS 67.

incre win rate is 0.0.

 Map MMM2 Algo r_drbfn Exp drbfn_mmm2 updates 300/3125 episodes, total num timesteps 481600/5000000, FPS 67.

incre win rate is 0.0.
eval win rate is 0.0.

 Map MMM2 Algo r_drbfn Exp drbfn_mmm2 updates 305/3125 episodes, total num timesteps 489600/5000000, FPS 66.

incre win rate is 0.0.

 Map MMM2 Algo r_drbfn Exp drbfn_mmm2 updates 310/3125 episodes, total num timesteps 497600/5000000, FPS 67.

incre win rate is 0.0.

 Map MMM2 Algo r_drbfn Exp drbfn_mmm2 updates 315/3125 episodes, total num timesteps 505600/5000000, FPS 67.

incre win rate is 0.0.

 Map MMM2 Algo r_drbfn Exp drbfn_mmm2 updates 320/3125 episodes, total num timesteps 513600/5000000, FPS 67.

incre win rate is 0.0.

 Map MMM2 Algo r_drbfn Exp drbfn_mmm2 updates 325/3125 episodes, total num timesteps 521600/5000000, FPS 67.

incre win rate is 0.0.
eval win rate is 0.0.

 Map MMM2 Algo r_drbfn Exp drbfn_mmm2 updates 330/3125 episodes, total num timesteps 529600/5000000, FPS 66.

incre win rate is 0.0.

 Map MMM2 Algo r_drbfn Exp drbfn_mmm2 updates 335/3125 episodes, total num timesteps 537600/5000000, FPS 66.

incre win rate is 0.0.

 Map MMM2 Algo r_drbfn Exp drbfn_mmm2 updates 340/3125 episodes, total num timesteps 545600/5000000, FPS 66.

incre win rate is 0.0.

 Map MMM2 Algo r_drbfn Exp drbfn_mmm2 updates 345/3125 episodes, total num timesteps 553600/5000000, FPS 66.

incre win rate is 0.0.

 Map MMM2 Algo r_drbfn Exp drbfn_mmm2 updates 350/3125 episodes, total num timesteps 561600/5000000, FPS 66.

incre win rate is 0.0.
eval win rate is 0.0.

 Map MMM2 Algo r_drbfn Exp drbfn_mmm2 updates 355/3125 episodes, total num timesteps 569600/5000000, FPS 66.

incre win rate is 0.0.

 Map MMM2 Algo r_drbfn Exp drbfn_mmm2 updates 360/3125 episodes, total num timesteps 577600/5000000, FPS 66.

incre win rate is 0.0.

 Map MMM2 Algo r_drbfn Exp drbfn_mmm2 updates 365/3125 episodes, total num timesteps 585600/5000000, FPS 66.

incre win rate is 0.0.

 Map MMM2 Algo r_drbfn Exp drbfn_mmm2 updates 370/3125 episodes, total num timesteps 593600/5000000, FPS 66.

incre win rate is 0.0.

 Map MMM2 Algo r_drbfn Exp drbfn_mmm2 updates 375/3125 episodes, total num timesteps 601600/5000000, FPS 66.

incre win rate is 0.0.
eval win rate is 0.0.

 Map MMM2 Algo r_drbfn Exp drbfn_mmm2 updates 380/3125 episodes, total num timesteps 609600/5000000, FPS 66.

incre win rate is 0.0.

 Map MMM2 Algo r_drbfn Exp drbfn_mmm2 updates 385/3125 episodes, total num timesteps 617600/5000000, FPS 66.

incre win rate is 0.0.

 Map MMM2 Algo r_drbfn Exp drbfn_mmm2 updates 390/3125 episodes, total num timesteps 625600/5000000, FPS 66.

incre win rate is 0.0.

 Map MMM2 Algo r_drbfn Exp drbfn_mmm2 updates 395/3125 episodes, total num timesteps 633600/5000000, FPS 66.

incre win rate is 0.0.

 Map MMM2 Algo r_drbfn Exp drbfn_mmm2 updates 400/3125 episodes, total num timesteps 641600/5000000, FPS 66.

incre win rate is 0.0.
eval win rate is 0.0.

 Map MMM2 Algo r_drbfn Exp drbfn_mmm2 updates 405/3125 episodes, total num timesteps 649600/5000000, FPS 66.

incre win rate is 0.0.

 Map MMM2 Algo r_drbfn Exp drbfn_mmm2 updates 410/3125 episodes, total num timesteps 657600/5000000, FPS 66.

incre win rate is 0.0.

 Map MMM2 Algo r_drbfn Exp drbfn_mmm2 updates 415/3125 episodes, total num timesteps 665600/5000000, FPS 66.

incre win rate is 0.0.

 Map MMM2 Algo r_drbfn Exp drbfn_mmm2 updates 420/3125 episodes, total num timesteps 673600/5000000, FPS 66.

incre win rate is 0.0.

 Map MMM2 Algo r_drbfn Exp drbfn_mmm2 updates 425/3125 episodes, total num timesteps 681600/5000000, FPS 66.

incre win rate is 0.0.
eval win rate is 0.0.

 Map MMM2 Algo r_drbfn Exp drbfn_mmm2 updates 430/3125 episodes, total num timesteps 689600/5000000, FPS 66.

incre win rate is 0.0.

 Map MMM2 Algo r_drbfn Exp drbfn_mmm2 updates 435/3125 episodes, total num timesteps 697600/5000000, FPS 66.

incre win rate is 0.0.

 Map MMM2 Algo r_drbfn Exp drbfn_mmm2 updates 440/3125 episodes, total num timesteps 705600/5000000, FPS 66.

incre win rate is 0.0.

 Map MMM2 Algo r_drbfn Exp drbfn_mmm2 updates 445/3125 episodes, total num timesteps 713600/5000000, FPS 66.

incre win rate is 0.0.

 Map MMM2 Algo r_drbfn Exp drbfn_mmm2 updates 450/3125 episodes, total num timesteps 721600/5000000, FPS 66.

incre win rate is 0.0.
eval win rate is 0.0.

 Map MMM2 Algo r_drbfn Exp drbfn_mmm2 updates 455/3125 episodes, total num timesteps 729600/5000000, FPS 66.

incre win rate is 0.0.

 Map MMM2 Algo r_drbfn Exp drbfn_mmm2 updates 460/3125 episodes, total num timesteps 737600/5000000, FPS 66.

incre win rate is 0.0.

 Map MMM2 Algo r_drbfn Exp drbfn_mmm2 updates 465/3125 episodes, total num timesteps 745600/5000000, FPS 66.

incre win rate is 0.0.

 Map MMM2 Algo r_drbfn Exp drbfn_mmm2 updates 470/3125 episodes, total num timesteps 753600/5000000, FPS 66.

incre win rate is 0.0.

 Map MMM2 Algo r_drbfn Exp drbfn_mmm2 updates 475/3125 episodes, total num timesteps 761600/5000000, FPS 66.

incre win rate is 0.0.
eval win rate is 0.0.

 Map MMM2 Algo r_drbfn Exp drbfn_mmm2 updates 480/3125 episodes, total num timesteps 769600/5000000, FPS 66.

incre win rate is 0.0.

 Map MMM2 Algo r_drbfn Exp drbfn_mmm2 updates 485/3125 episodes, total num timesteps 777600/5000000, FPS 66.

incre win rate is 0.0.

 Map MMM2 Algo r_drbfn Exp drbfn_mmm2 updates 490/3125 episodes, total num timesteps 785600/5000000, FPS 66.

incre win rate is 0.0.

 Map MMM2 Algo r_drbfn Exp drbfn_mmm2 updates 495/3125 episodes, total num timesteps 793600/5000000, FPS 66.

incre win rate is 0.0.

 Map MMM2 Algo r_drbfn Exp drbfn_mmm2 updates 500/3125 episodes, total num timesteps 801600/5000000, FPS 66.

incre win rate is 0.0.
eval win rate is 0.0.

 Map MMM2 Algo r_drbfn Exp drbfn_mmm2 updates 505/3125 episodes, total num timesteps 809600/5000000, FPS 66.

incre win rate is 0.0.

 Map MMM2 Algo r_drbfn Exp drbfn_mmm2 updates 510/3125 episodes, total num timesteps 817600/5000000, FPS 66.

incre win rate is 0.0.

 Map MMM2 Algo r_drbfn Exp drbfn_mmm2 updates 515/3125 episodes, total num timesteps 825600/5000000, FPS 66.

incre win rate is 0.0.

 Map MMM2 Algo r_drbfn Exp drbfn_mmm2 updates 520/3125 episodes, total num timesteps 833600/5000000, FPS 66.

incre win rate is 0.0.

 Map MMM2 Algo r_drbfn Exp drbfn_mmm2 updates 525/3125 episodes, total num timesteps 841600/5000000, FPS 66.

incre win rate is 0.0.
eval win rate is 0.0.

 Map MMM2 Algo r_drbfn Exp drbfn_mmm2 updates 530/3125 episodes, total num timesteps 849600/5000000, FPS 66.

incre win rate is 0.0.

 Map MMM2 Algo r_drbfn Exp drbfn_mmm2 updates 535/3125 episodes, total num timesteps 857600/5000000, FPS 66.

incre win rate is 0.0.

 Map MMM2 Algo r_drbfn Exp drbfn_mmm2 updates 540/3125 episodes, total num timesteps 865600/5000000, FPS 66.

incre win rate is 0.0.

 Map MMM2 Algo r_drbfn Exp drbfn_mmm2 updates 545/3125 episodes, total num timesteps 873600/5000000, FPS 66.

incre win rate is 0.0.

 Map MMM2 Algo r_drbfn Exp drbfn_mmm2 updates 550/3125 episodes, total num timesteps 881600/5000000, FPS 66.

incre win rate is 0.0.
eval win rate is 0.0.

 Map MMM2 Algo r_drbfn Exp drbfn_mmm2 updates 555/3125 episodes, total num timesteps 889600/5000000, FPS 66.

incre win rate is 0.0.

 Map MMM2 Algo r_drbfn Exp drbfn_mmm2 updates 560/3125 episodes, total num timesteps 897600/5000000, FPS 66.

incre win rate is 0.0.

 Map MMM2 Algo r_drbfn Exp drbfn_mmm2 updates 565/3125 episodes, total num timesteps 905600/5000000, FPS 66.

incre win rate is 0.0.

 Map MMM2 Algo r_drbfn Exp drbfn_mmm2 updates 570/3125 episodes, total num timesteps 913600/5000000, FPS 67.

incre win rate is 0.0.

 Map MMM2 Algo r_drbfn Exp drbfn_mmm2 updates 575/3125 episodes, total num timesteps 921600/5000000, FPS 67.

incre win rate is 0.0.
eval win rate is 0.0.

 Map MMM2 Algo r_drbfn Exp drbfn_mmm2 updates 580/3125 episodes, total num timesteps 929600/5000000, FPS 66.

incre win rate is 0.0.

 Map MMM2 Algo r_drbfn Exp drbfn_mmm2 updates 585/3125 episodes, total num timesteps 937600/5000000, FPS 66.

incre win rate is 0.0.

 Map MMM2 Algo r_drbfn Exp drbfn_mmm2 updates 590/3125 episodes, total num timesteps 945600/5000000, FPS 66.

incre win rate is 0.0.

 Map MMM2 Algo r_drbfn Exp drbfn_mmm2 updates 595/3125 episodes, total num timesteps 953600/5000000, FPS 67.

incre win rate is 0.0.

 Map MMM2 Algo r_drbfn Exp drbfn_mmm2 updates 600/3125 episodes, total num timesteps 961600/5000000, FPS 67.

incre win rate is 0.0.
eval win rate is 0.0.

 Map MMM2 Algo r_drbfn Exp drbfn_mmm2 updates 605/3125 episodes, total num timesteps 969600/5000000, FPS 66.

incre win rate is 0.0.

 Map MMM2 Algo r_drbfn Exp drbfn_mmm2 updates 610/3125 episodes, total num timesteps 977600/5000000, FPS 66.

incre win rate is 0.0.

 Map MMM2 Algo r_drbfn Exp drbfn_mmm2 updates 615/3125 episodes, total num timesteps 985600/5000000, FPS 67.

incre win rate is 0.0.

 Map MMM2 Algo r_drbfn Exp drbfn_mmm2 updates 620/3125 episodes, total num timesteps 993600/5000000, FPS 67.

incre win rate is 0.0.

 Map MMM2 Algo r_drbfn Exp drbfn_mmm2 updates 625/3125 episodes, total num timesteps 1001600/5000000, FPS 67.

incre win rate is 0.0.
eval win rate is 0.0.

 Map MMM2 Algo r_drbfn Exp drbfn_mmm2 updates 630/3125 episodes, total num timesteps 1009600/5000000, FPS 66.

incre win rate is 0.0.

 Map MMM2 Algo r_drbfn Exp drbfn_mmm2 updates 635/3125 episodes, total num timesteps 1017600/5000000, FPS 67.

incre win rate is 0.0.

 Map MMM2 Algo r_drbfn Exp drbfn_mmm2 updates 640/3125 episodes, total num timesteps 1025600/5000000, FPS 67.

incre win rate is 0.0.

 Map MMM2 Algo r_drbfn Exp drbfn_mmm2 updates 645/3125 episodes, total num timesteps 1033600/5000000, FPS 67.

incre win rate is 0.0.

 Map MMM2 Algo r_drbfn Exp drbfn_mmm2 updates 650/3125 episodes, total num timesteps 1041600/5000000, FPS 67.

incre win rate is 0.0.
eval win rate is 0.0.

 Map MMM2 Algo r_drbfn Exp drbfn_mmm2 updates 655/3125 episodes, total num timesteps 1049600/5000000, FPS 66.

incre win rate is 0.0.

 Map MMM2 Algo r_drbfn Exp drbfn_mmm2 updates 660/3125 episodes, total num timesteps 1057600/5000000, FPS 66.

incre win rate is 0.0.

 Map MMM2 Algo r_drbfn Exp drbfn_mmm2 updates 665/3125 episodes, total num timesteps 1065600/5000000, FPS 66.

incre win rate is 0.0.

 Map MMM2 Algo r_drbfn Exp drbfn_mmm2 updates 670/3125 episodes, total num timesteps 1073600/5000000, FPS 66.

incre win rate is 0.0.

 Map MMM2 Algo r_drbfn Exp drbfn_mmm2 updates 675/3125 episodes, total num timesteps 1081600/5000000, FPS 67.

incre win rate is 0.0.
eval win rate is 0.0.

 Map MMM2 Algo r_drbfn Exp drbfn_mmm2 updates 680/3125 episodes, total num timesteps 1089600/5000000, FPS 66.

incre win rate is 0.0.

 Map MMM2 Algo r_drbfn Exp drbfn_mmm2 updates 685/3125 episodes, total num timesteps 1097600/5000000, FPS 66.

incre win rate is 0.0.

 Map MMM2 Algo r_drbfn Exp drbfn_mmm2 updates 690/3125 episodes, total num timesteps 1105600/5000000, FPS 66.

incre win rate is 0.0.

 Map MMM2 Algo r_drbfn Exp drbfn_mmm2 updates 695/3125 episodes, total num timesteps 1113600/5000000, FPS 66.

incre win rate is 0.0.

 Map MMM2 Algo r_drbfn Exp drbfn_mmm2 updates 700/3125 episodes, total num timesteps 1121600/5000000, FPS 66.

incre win rate is 0.0.
eval win rate is 0.0.

 Map MMM2 Algo r_drbfn Exp drbfn_mmm2 updates 705/3125 episodes, total num timesteps 1129600/5000000, FPS 66.

incre win rate is 0.0.

 Map MMM2 Algo r_drbfn Exp drbfn_mmm2 updates 710/3125 episodes, total num timesteps 1137600/5000000, FPS 66.

incre win rate is 0.0.

 Map MMM2 Algo r_drbfn Exp drbfn_mmm2 updates 715/3125 episodes, total num timesteps 1145600/5000000, FPS 66.

incre win rate is 0.0.

 Map MMM2 Algo r_drbfn Exp drbfn_mmm2 updates 720/3125 episodes, total num timesteps 1153600/5000000, FPS 66.

incre win rate is 0.0.

 Map MMM2 Algo r_drbfn Exp drbfn_mmm2 updates 725/3125 episodes, total num timesteps 1161600/5000000, FPS 66.

incre win rate is 0.0.
eval win rate is 0.0.

 Map MMM2 Algo r_drbfn Exp drbfn_mmm2 updates 730/3125 episodes, total num timesteps 1169600/5000000, FPS 66.

incre win rate is 0.0.

 Map MMM2 Algo r_drbfn Exp drbfn_mmm2 updates 735/3125 episodes, total num timesteps 1177600/5000000, FPS 66.

incre win rate is 0.0.

 Map MMM2 Algo r_drbfn Exp drbfn_mmm2 updates 740/3125 episodes, total num timesteps 1185600/5000000, FPS 66.

incre win rate is 0.0.

 Map MMM2 Algo r_drbfn Exp drbfn_mmm2 updates 745/3125 episodes, total num timesteps 1193600/5000000, FPS 67.

incre win rate is 0.0.

 Map MMM2 Algo r_drbfn Exp drbfn_mmm2 updates 750/3125 episodes, total num timesteps 1201600/5000000, FPS 67.

incre win rate is 0.0.
eval win rate is 0.0.

 Map MMM2 Algo r_drbfn Exp drbfn_mmm2 updates 755/3125 episodes, total num timesteps 1209600/5000000, FPS 66.

incre win rate is 0.0.

 Map MMM2 Algo r_drbfn Exp drbfn_mmm2 updates 760/3125 episodes, total num timesteps 1217600/5000000, FPS 67.

incre win rate is 0.0.

 Map MMM2 Algo r_drbfn Exp drbfn_mmm2 updates 765/3125 episodes, total num timesteps 1225600/5000000, FPS 67.

incre win rate is 0.0.

 Map MMM2 Algo r_drbfn Exp drbfn_mmm2 updates 770/3125 episodes, total num timesteps 1233600/5000000, FPS 67.

incre win rate is 0.0.

 Map MMM2 Algo r_drbfn Exp drbfn_mmm2 updates 775/3125 episodes, total num timesteps 1241600/5000000, FPS 67.

incre win rate is 0.0.
eval win rate is 0.0.

 Map MMM2 Algo r_drbfn Exp drbfn_mmm2 updates 780/3125 episodes, total num timesteps 1249600/5000000, FPS 67.

incre win rate is 0.0.

 Map MMM2 Algo r_drbfn Exp drbfn_mmm2 updates 785/3125 episodes, total num timesteps 1257600/5000000, FPS 67.

incre win rate is 0.0.

 Map MMM2 Algo r_drbfn Exp drbfn_mmm2 updates 790/3125 episodes, total num timesteps 1265600/5000000, FPS 67.

incre win rate is 0.0.

 Map MMM2 Algo r_drbfn Exp drbfn_mmm2 updates 795/3125 episodes, total num timesteps 1273600/5000000, FPS 67.

incre win rate is 0.0.

 Map MMM2 Algo r_drbfn Exp drbfn_mmm2 updates 800/3125 episodes, total num timesteps 1281600/5000000, FPS 67.

incre win rate is 0.0.
eval win rate is 0.0.

 Map MMM2 Algo r_drbfn Exp drbfn_mmm2 updates 805/3125 episodes, total num timesteps 1289600/5000000, FPS 67.

incre win rate is 0.0.

 Map MMM2 Algo r_drbfn Exp drbfn_mmm2 updates 810/3125 episodes, total num timesteps 1297600/5000000, FPS 67.

incre win rate is 0.0.

 Map MMM2 Algo r_drbfn Exp drbfn_mmm2 updates 815/3125 episodes, total num timesteps 1305600/5000000, FPS 67.

incre win rate is 0.0.

 Map MMM2 Algo r_drbfn Exp drbfn_mmm2 updates 820/3125 episodes, total num timesteps 1313600/5000000, FPS 67.

incre win rate is 0.0.

 Map MMM2 Algo r_drbfn Exp drbfn_mmm2 updates 825/3125 episodes, total num timesteps 1321600/5000000, FPS 67.

incre win rate is 0.0.
eval win rate is 0.0.

 Map MMM2 Algo r_drbfn Exp drbfn_mmm2 updates 830/3125 episodes, total num timesteps 1329600/5000000, FPS 67.

incre win rate is 0.0.

 Map MMM2 Algo r_drbfn Exp drbfn_mmm2 updates 835/3125 episodes, total num timesteps 1337600/5000000, FPS 67.

incre win rate is 0.0.

 Map MMM2 Algo r_drbfn Exp drbfn_mmm2 updates 840/3125 episodes, total num timesteps 1345600/5000000, FPS 67.

incre win rate is 0.0.

 Map MMM2 Algo r_drbfn Exp drbfn_mmm2 updates 845/3125 episodes, total num timesteps 1353600/5000000, FPS 67.

incre win rate is 0.0.

 Map MMM2 Algo r_drbfn Exp drbfn_mmm2 updates 850/3125 episodes, total num timesteps 1361600/5000000, FPS 67.

incre win rate is 0.0.
eval win rate is 0.0.

 Map MMM2 Algo r_drbfn Exp drbfn_mmm2 updates 855/3125 episodes, total num timesteps 1369600/5000000, FPS 67.

incre win rate is 0.0.

 Map MMM2 Algo r_drbfn Exp drbfn_mmm2 updates 860/3125 episodes, total num timesteps 1377600/5000000, FPS 67.

incre win rate is 0.0.

 Map MMM2 Algo r_drbfn Exp drbfn_mmm2 updates 865/3125 episodes, total num timesteps 1385600/5000000, FPS 67.

incre win rate is 0.0.

 Map MMM2 Algo r_drbfn Exp drbfn_mmm2 updates 870/3125 episodes, total num timesteps 1393600/5000000, FPS 67.

incre win rate is 0.0.

 Map MMM2 Algo r_drbfn Exp drbfn_mmm2 updates 875/3125 episodes, total num timesteps 1401600/5000000, FPS 67.

incre win rate is 0.0.
eval win rate is 0.0.

 Map MMM2 Algo r_drbfn Exp drbfn_mmm2 updates 880/3125 episodes, total num timesteps 1409600/5000000, FPS 67.

incre win rate is 0.0.

 Map MMM2 Algo r_drbfn Exp drbfn_mmm2 updates 885/3125 episodes, total num timesteps 1417600/5000000, FPS 67.

incre win rate is 0.0.

 Map MMM2 Algo r_drbfn Exp drbfn_mmm2 updates 890/3125 episodes, total num timesteps 1425600/5000000, FPS 67.

incre win rate is 0.0.

 Map MMM2 Algo r_drbfn Exp drbfn_mmm2 updates 895/3125 episodes, total num timesteps 1433600/5000000, FPS 67.

incre win rate is 0.0.

 Map MMM2 Algo r_drbfn Exp drbfn_mmm2 updates 900/3125 episodes, total num timesteps 1441600/5000000, FPS 67.

incre win rate is 0.0.
eval win rate is 0.0.

 Map MMM2 Algo r_drbfn Exp drbfn_mmm2 updates 905/3125 episodes, total num timesteps 1449600/5000000, FPS 67.

incre win rate is 0.0.

 Map MMM2 Algo r_drbfn Exp drbfn_mmm2 updates 910/3125 episodes, total num timesteps 1457600/5000000, FPS 67.

incre win rate is 0.0.

 Map MMM2 Algo r_drbfn Exp drbfn_mmm2 updates 915/3125 episodes, total num timesteps 1465600/5000000, FPS 67.

incre win rate is 0.0.

 Map MMM2 Algo r_drbfn Exp drbfn_mmm2 updates 920/3125 episodes, total num timesteps 1473600/5000000, FPS 67.

incre win rate is 0.0.

 Map MMM2 Algo r_drbfn Exp drbfn_mmm2 updates 925/3125 episodes, total num timesteps 1481600/5000000, FPS 67.

incre win rate is 0.0.
eval win rate is 0.0.

 Map MMM2 Algo r_drbfn Exp drbfn_mmm2 updates 930/3125 episodes, total num timesteps 1489600/5000000, FPS 67.

incre win rate is 0.0.

 Map MMM2 Algo r_drbfn Exp drbfn_mmm2 updates 935/3125 episodes, total num timesteps 1497600/5000000, FPS 67.

incre win rate is 0.0.

 Map MMM2 Algo r_drbfn Exp drbfn_mmm2 updates 940/3125 episodes, total num timesteps 1505600/5000000, FPS 67.

incre win rate is 0.0.

 Map MMM2 Algo r_drbfn Exp drbfn_mmm2 updates 945/3125 episodes, total num timesteps 1513600/5000000, FPS 67.

incre win rate is 0.0.

 Map MMM2 Algo r_drbfn Exp drbfn_mmm2 updates 950/3125 episodes, total num timesteps 1521600/5000000, FPS 67.

incre win rate is 0.0.
eval win rate is 0.0.

 Map MMM2 Algo r_drbfn Exp drbfn_mmm2 updates 955/3125 episodes, total num timesteps 1529600/5000000, FPS 67.

incre win rate is 0.0.

 Map MMM2 Algo r_drbfn Exp drbfn_mmm2 updates 960/3125 episodes, total num timesteps 1537600/5000000, FPS 68.

incre win rate is 0.0.

 Map MMM2 Algo r_drbfn Exp drbfn_mmm2 updates 965/3125 episodes, total num timesteps 1545600/5000000, FPS 68.

incre win rate is 0.0.

 Map MMM2 Algo r_drbfn Exp drbfn_mmm2 updates 970/3125 episodes, total num timesteps 1553600/5000000, FPS 68.

incre win rate is 0.0.

 Map MMM2 Algo r_drbfn Exp drbfn_mmm2 updates 975/3125 episodes, total num timesteps 1561600/5000000, FPS 68.

incre win rate is 0.0.
eval win rate is 0.0.

 Map MMM2 Algo r_drbfn Exp drbfn_mmm2 updates 980/3125 episodes, total num timesteps 1569600/5000000, FPS 68.

incre win rate is 0.0.

 Map MMM2 Algo r_drbfn Exp drbfn_mmm2 updates 985/3125 episodes, total num timesteps 1577600/5000000, FPS 68.

incre win rate is 0.0.

 Map MMM2 Algo r_drbfn Exp drbfn_mmm2 updates 990/3125 episodes, total num timesteps 1585600/5000000, FPS 68.

incre win rate is 0.0.

 Map MMM2 Algo r_drbfn Exp drbfn_mmm2 updates 995/3125 episodes, total num timesteps 1593600/5000000, FPS 68.

incre win rate is 0.0.

 Map MMM2 Algo r_drbfn Exp drbfn_mmm2 updates 1000/3125 episodes, total num timesteps 1601600/5000000, FPS 68.

incre win rate is 0.0.
eval win rate is 0.0.

 Map MMM2 Algo r_drbfn Exp drbfn_mmm2 updates 1005/3125 episodes, total num timesteps 1609600/5000000, FPS 68.

incre win rate is 0.0.

 Map MMM2 Algo r_drbfn Exp drbfn_mmm2 updates 1010/3125 episodes, total num timesteps 1617600/5000000, FPS 68.

incre win rate is 0.0.

 Map MMM2 Algo r_drbfn Exp drbfn_mmm2 updates 1015/3125 episodes, total num timesteps 1625600/5000000, FPS 68.

incre win rate is 0.0.

 Map MMM2 Algo r_drbfn Exp drbfn_mmm2 updates 1020/3125 episodes, total num timesteps 1633600/5000000, FPS 68.

incre win rate is 0.0.

 Map MMM2 Algo r_drbfn Exp drbfn_mmm2 updates 1025/3125 episodes, total num timesteps 1641600/5000000, FPS 68.

incre win rate is 0.0.
eval win rate is 0.0.

 Map MMM2 Algo r_drbfn Exp drbfn_mmm2 updates 1030/3125 episodes, total num timesteps 1649600/5000000, FPS 68.

incre win rate is 0.0.

 Map MMM2 Algo r_drbfn Exp drbfn_mmm2 updates 1035/3125 episodes, total num timesteps 1657600/5000000, FPS 68.

incre win rate is 0.0.

 Map MMM2 Algo r_drbfn Exp drbfn_mmm2 updates 1040/3125 episodes, total num timesteps 1665600/5000000, FPS 68.

incre win rate is 0.0.

 Map MMM2 Algo r_drbfn Exp drbfn_mmm2 updates 1045/3125 episodes, total num timesteps 1673600/5000000, FPS 68.

incre win rate is 0.0.

 Map MMM2 Algo r_drbfn Exp drbfn_mmm2 updates 1050/3125 episodes, total num timesteps 1681600/5000000, FPS 68.

incre win rate is 0.0.
eval win rate is 0.0.

 Map MMM2 Algo r_drbfn Exp drbfn_mmm2 updates 1055/3125 episodes, total num timesteps 1689600/5000000, FPS 68.

incre win rate is 0.0.

 Map MMM2 Algo r_drbfn Exp drbfn_mmm2 updates 1060/3125 episodes, total num timesteps 1697600/5000000, FPS 68.

incre win rate is 0.0.

 Map MMM2 Algo r_drbfn Exp drbfn_mmm2 updates 1065/3125 episodes, total num timesteps 1705600/5000000, FPS 68.

incre win rate is 0.0.

 Map MMM2 Algo r_drbfn Exp drbfn_mmm2 updates 1070/3125 episodes, total num timesteps 1713600/5000000, FPS 69.

incre win rate is 0.0.

 Map MMM2 Algo r_drbfn Exp drbfn_mmm2 updates 1075/3125 episodes, total num timesteps 1721600/5000000, FPS 69.

incre win rate is 0.0.
eval win rate is 0.0.

 Map MMM2 Algo r_drbfn Exp drbfn_mmm2 updates 1080/3125 episodes, total num timesteps 1729600/5000000, FPS 69.

incre win rate is 0.0.

 Map MMM2 Algo r_drbfn Exp drbfn_mmm2 updates 1085/3125 episodes, total num timesteps 1737600/5000000, FPS 69.

incre win rate is 0.0.

 Map MMM2 Algo r_drbfn Exp drbfn_mmm2 updates 1090/3125 episodes, total num timesteps 1745600/5000000, FPS 69.

incre win rate is 0.0.

 Map MMM2 Algo r_drbfn Exp drbfn_mmm2 updates 1095/3125 episodes, total num timesteps 1753600/5000000, FPS 69.

incre win rate is 0.0.

 Map MMM2 Algo r_drbfn Exp drbfn_mmm2 updates 1100/3125 episodes, total num timesteps 1761600/5000000, FPS 69.

incre win rate is 0.0.
eval win rate is 0.0.

 Map MMM2 Algo r_drbfn Exp drbfn_mmm2 updates 1105/3125 episodes, total num timesteps 1769600/5000000, FPS 69.

incre win rate is 0.0.

 Map MMM2 Algo r_drbfn Exp drbfn_mmm2 updates 1110/3125 episodes, total num timesteps 1777600/5000000, FPS 69.

incre win rate is 0.0.

 Map MMM2 Algo r_drbfn Exp drbfn_mmm2 updates 1115/3125 episodes, total num timesteps 1785600/5000000, FPS 69.

incre win rate is 0.0.

 Map MMM2 Algo r_drbfn Exp drbfn_mmm2 updates 1120/3125 episodes, total num timesteps 1793600/5000000, FPS 69.

incre win rate is 0.0.

 Map MMM2 Algo r_drbfn Exp drbfn_mmm2 updates 1125/3125 episodes, total num timesteps 1801600/5000000, FPS 69.

incre win rate is 0.0.
eval win rate is 0.0.

 Map MMM2 Algo r_drbfn Exp drbfn_mmm2 updates 1130/3125 episodes, total num timesteps 1809600/5000000, FPS 69.

incre win rate is 0.0.

 Map MMM2 Algo r_drbfn Exp drbfn_mmm2 updates 1135/3125 episodes, total num timesteps 1817600/5000000, FPS 69.

incre win rate is 0.0.

 Map MMM2 Algo r_drbfn Exp drbfn_mmm2 updates 1140/3125 episodes, total num timesteps 1825600/5000000, FPS 70.

incre win rate is 0.0.

 Map MMM2 Algo r_drbfn Exp drbfn_mmm2 updates 1145/3125 episodes, total num timesteps 1833600/5000000, FPS 70.

incre win rate is 0.0.

 Map MMM2 Algo r_drbfn Exp drbfn_mmm2 updates 1150/3125 episodes, total num timesteps 1841600/5000000, FPS 70.

incre win rate is 0.0.
eval win rate is 0.0.

 Map MMM2 Algo r_drbfn Exp drbfn_mmm2 updates 1155/3125 episodes, total num timesteps 1849600/5000000, FPS 70.

incre win rate is 0.0.

 Map MMM2 Algo r_drbfn Exp drbfn_mmm2 updates 1160/3125 episodes, total num timesteps 1857600/5000000, FPS 70.

incre win rate is 0.0.

 Map MMM2 Algo r_drbfn Exp drbfn_mmm2 updates 1165/3125 episodes, total num timesteps 1865600/5000000, FPS 70.

incre win rate is 0.0.

 Map MMM2 Algo r_drbfn Exp drbfn_mmm2 updates 1170/3125 episodes, total num timesteps 1873600/5000000, FPS 70.

incre win rate is 0.0.

 Map MMM2 Algo r_drbfn Exp drbfn_mmm2 updates 1175/3125 episodes, total num timesteps 1881600/5000000, FPS 70.

incre win rate is 0.0.
eval win rate is 0.0.

 Map MMM2 Algo r_drbfn Exp drbfn_mmm2 updates 1180/3125 episodes, total num timesteps 1889600/5000000, FPS 70.

incre win rate is 0.0.

 Map MMM2 Algo r_drbfn Exp drbfn_mmm2 updates 1185/3125 episodes, total num timesteps 1897600/5000000, FPS 70.

incre win rate is 0.0.

 Map MMM2 Algo r_drbfn Exp drbfn_mmm2 updates 1190/3125 episodes, total num timesteps 1905600/5000000, FPS 70.

incre win rate is 0.0.

 Map MMM2 Algo r_drbfn Exp drbfn_mmm2 updates 1195/3125 episodes, total num timesteps 1913600/5000000, FPS 70.

incre win rate is 0.0.

 Map MMM2 Algo r_drbfn Exp drbfn_mmm2 updates 1200/3125 episodes, total num timesteps 1921600/5000000, FPS 70.

incre win rate is 0.0.
eval win rate is 0.0.

 Map MMM2 Algo r_drbfn Exp drbfn_mmm2 updates 1205/3125 episodes, total num timesteps 1929600/5000000, FPS 69.

incre win rate is 0.0.

 Map MMM2 Algo r_drbfn Exp drbfn_mmm2 updates 1210/3125 episodes, total num timesteps 1937600/5000000, FPS 69.

incre win rate is 0.0.

 Map MMM2 Algo r_drbfn Exp drbfn_mmm2 updates 1215/3125 episodes, total num timesteps 1945600/5000000, FPS 69.

incre win rate is 0.0.

 Map MMM2 Algo r_drbfn Exp drbfn_mmm2 updates 1220/3125 episodes, total num timesteps 1953600/5000000, FPS 69.

incre win rate is 0.0.

 Map MMM2 Algo r_drbfn Exp drbfn_mmm2 updates 1225/3125 episodes, total num timesteps 1961600/5000000, FPS 69.

incre win rate is 0.0.
eval win rate is 0.0.

 Map MMM2 Algo r_drbfn Exp drbfn_mmm2 updates 1230/3125 episodes, total num timesteps 1969600/5000000, FPS 69.

incre win rate is 0.0.

 Map MMM2 Algo r_drbfn Exp drbfn_mmm2 updates 1235/3125 episodes, total num timesteps 1977600/5000000, FPS 69.

incre win rate is 0.0.

 Map MMM2 Algo r_drbfn Exp drbfn_mmm2 updates 1240/3125 episodes, total num timesteps 1985600/5000000, FPS 69.

incre win rate is 0.0.

 Map MMM2 Algo r_drbfn Exp drbfn_mmm2 updates 1245/3125 episodes, total num timesteps 1993600/5000000, FPS 69.

incre win rate is 0.0.

 Map MMM2 Algo r_drbfn Exp drbfn_mmm2 updates 1250/3125 episodes, total num timesteps 2001600/5000000, FPS 69.

incre win rate is 0.0.
eval win rate is 0.0.

 Map MMM2 Algo r_drbfn Exp drbfn_mmm2 updates 1255/3125 episodes, total num timesteps 2009600/5000000, FPS 69.

incre win rate is 0.0.

 Map MMM2 Algo r_drbfn Exp drbfn_mmm2 updates 1260/3125 episodes, total num timesteps 2017600/5000000, FPS 69.

incre win rate is 0.0.

 Map MMM2 Algo r_drbfn Exp drbfn_mmm2 updates 1265/3125 episodes, total num timesteps 2025600/5000000, FPS 69.

incre win rate is 0.0.

 Map MMM2 Algo r_drbfn Exp drbfn_mmm2 updates 1270/3125 episodes, total num timesteps 2033600/5000000, FPS 69.

incre win rate is 0.0.

 Map MMM2 Algo r_drbfn Exp drbfn_mmm2 updates 1275/3125 episodes, total num timesteps 2041600/5000000, FPS 69.

incre win rate is 0.0.
eval win rate is 0.0.

 Map MMM2 Algo r_drbfn Exp drbfn_mmm2 updates 1280/3125 episodes, total num timesteps 2049600/5000000, FPS 69.

incre win rate is 0.0.

 Map MMM2 Algo r_drbfn Exp drbfn_mmm2 updates 1285/3125 episodes, total num timesteps 2057600/5000000, FPS 69.

incre win rate is 0.0.

 Map MMM2 Algo r_drbfn Exp drbfn_mmm2 updates 1290/3125 episodes, total num timesteps 2065600/5000000, FPS 69.

incre win rate is 0.0.

 Map MMM2 Algo r_drbfn Exp drbfn_mmm2 updates 1295/3125 episodes, total num timesteps 2073600/5000000, FPS 69.

incre win rate is 0.0.

 Map MMM2 Algo r_drbfn Exp drbfn_mmm2 updates 1300/3125 episodes, total num timesteps 2081600/5000000, FPS 69.

incre win rate is 0.0.
eval win rate is 0.0.

 Map MMM2 Algo r_drbfn Exp drbfn_mmm2 updates 1305/3125 episodes, total num timesteps 2089600/5000000, FPS 68.

incre win rate is 0.0.

 Map MMM2 Algo r_drbfn Exp drbfn_mmm2 updates 1310/3125 episodes, total num timesteps 2097600/5000000, FPS 68.

incre win rate is 0.0.

 Map MMM2 Algo r_drbfn Exp drbfn_mmm2 updates 1315/3125 episodes, total num timesteps 2105600/5000000, FPS 68.

incre win rate is 0.0.

 Map MMM2 Algo r_drbfn Exp drbfn_mmm2 updates 1320/3125 episodes, total num timesteps 2113600/5000000, FPS 68.

incre win rate is 0.0.

 Map MMM2 Algo r_drbfn Exp drbfn_mmm2 updates 1325/3125 episodes, total num timesteps 2121600/5000000, FPS 68.

incre win rate is 0.0.
eval win rate is 0.0.

 Map MMM2 Algo r_drbfn Exp drbfn_mmm2 updates 1330/3125 episodes, total num timesteps 2129600/5000000, FPS 68.

incre win rate is 0.0.

 Map MMM2 Algo r_drbfn Exp drbfn_mmm2 updates 1335/3125 episodes, total num timesteps 2137600/5000000, FPS 68.

incre win rate is 0.0.

 Map MMM2 Algo r_drbfn Exp drbfn_mmm2 updates 1340/3125 episodes, total num timesteps 2145600/5000000, FPS 68.

incre win rate is 0.0.

 Map MMM2 Algo r_drbfn Exp drbfn_mmm2 updates 1345/3125 episodes, total num timesteps 2153600/5000000, FPS 68.

incre win rate is 0.0.

 Map MMM2 Algo r_drbfn Exp drbfn_mmm2 updates 1350/3125 episodes, total num timesteps 2161600/5000000, FPS 68.

incre win rate is 0.0.
eval win rate is 0.0.

 Map MMM2 Algo r_drbfn Exp drbfn_mmm2 updates 1355/3125 episodes, total num timesteps 2169600/5000000, FPS 68.

incre win rate is 0.0.

 Map MMM2 Algo r_drbfn Exp drbfn_mmm2 updates 1360/3125 episodes, total num timesteps 2177600/5000000, FPS 68.

incre win rate is 0.0.

 Map MMM2 Algo r_drbfn Exp drbfn_mmm2 updates 1365/3125 episodes, total num timesteps 2185600/5000000, FPS 68.

incre win rate is 0.0.

 Map MMM2 Algo r_drbfn Exp drbfn_mmm2 updates 1370/3125 episodes, total num timesteps 2193600/5000000, FPS 68.

incre win rate is 0.0.

 Map MMM2 Algo r_drbfn Exp drbfn_mmm2 updates 1375/3125 episodes, total num timesteps 2201600/5000000, FPS 68.

incre win rate is 0.0.
eval win rate is 0.0.

 Map MMM2 Algo r_drbfn Exp drbfn_mmm2 updates 1380/3125 episodes, total num timesteps 2209600/5000000, FPS 68.

incre win rate is 0.0.

 Map MMM2 Algo r_drbfn Exp drbfn_mmm2 updates 1385/3125 episodes, total num timesteps 2217600/5000000, FPS 68.

incre win rate is 0.0.

 Map MMM2 Algo r_drbfn Exp drbfn_mmm2 updates 1390/3125 episodes, total num timesteps 2225600/5000000, FPS 68.

incre win rate is 0.0.

 Map MMM2 Algo r_drbfn Exp drbfn_mmm2 updates 1395/3125 episodes, total num timesteps 2233600/5000000, FPS 68.

incre win rate is 0.0.

 Map MMM2 Algo r_drbfn Exp drbfn_mmm2 updates 1400/3125 episodes, total num timesteps 2241600/5000000, FPS 68.

incre win rate is 0.0.
eval win rate is 0.0.

 Map MMM2 Algo r_drbfn Exp drbfn_mmm2 updates 1405/3125 episodes, total num timesteps 2249600/5000000, FPS 68.

incre win rate is 0.0.

 Map MMM2 Algo r_drbfn Exp drbfn_mmm2 updates 1410/3125 episodes, total num timesteps 2257600/5000000, FPS 68.

incre win rate is 0.0.

 Map MMM2 Algo r_drbfn Exp drbfn_mmm2 updates 1415/3125 episodes, total num timesteps 2265600/5000000, FPS 68.

incre win rate is 0.0.

 Map MMM2 Algo r_drbfn Exp drbfn_mmm2 updates 1420/3125 episodes, total num timesteps 2273600/5000000, FPS 68.

incre win rate is 0.0.

 Map MMM2 Algo r_drbfn Exp drbfn_mmm2 updates 1425/3125 episodes, total num timesteps 2281600/5000000, FPS 68.

incre win rate is 0.0.
eval win rate is 0.0.

 Map MMM2 Algo r_drbfn Exp drbfn_mmm2 updates 1430/3125 episodes, total num timesteps 2289600/5000000, FPS 68.

incre win rate is 0.0.

 Map MMM2 Algo r_drbfn Exp drbfn_mmm2 updates 1435/3125 episodes, total num timesteps 2297600/5000000, FPS 68.

incre win rate is 0.0.

 Map MMM2 Algo r_drbfn Exp drbfn_mmm2 updates 1440/3125 episodes, total num timesteps 2305600/5000000, FPS 68.

incre win rate is 0.0.

 Map MMM2 Algo r_drbfn Exp drbfn_mmm2 updates 1445/3125 episodes, total num timesteps 2313600/5000000, FPS 68.

incre win rate is 0.0.

 Map MMM2 Algo r_drbfn Exp drbfn_mmm2 updates 1450/3125 episodes, total num timesteps 2321600/5000000, FPS 68.

incre win rate is 0.0.
eval win rate is 0.0.

 Map MMM2 Algo r_drbfn Exp drbfn_mmm2 updates 1455/3125 episodes, total num timesteps 2329600/5000000, FPS 67.

incre win rate is 0.0.

 Map MMM2 Algo r_drbfn Exp drbfn_mmm2 updates 1460/3125 episodes, total num timesteps 2337600/5000000, FPS 67.

incre win rate is 0.0.

 Map MMM2 Algo r_drbfn Exp drbfn_mmm2 updates 1465/3125 episodes, total num timesteps 2345600/5000000, FPS 67.

incre win rate is 0.0.

 Map MMM2 Algo r_drbfn Exp drbfn_mmm2 updates 1470/3125 episodes, total num timesteps 2353600/5000000, FPS 67.

incre win rate is 0.0.

 Map MMM2 Algo r_drbfn Exp drbfn_mmm2 updates 1475/3125 episodes, total num timesteps 2361600/5000000, FPS 67.

incre win rate is 0.0.
eval win rate is 0.0.

 Map MMM2 Algo r_drbfn Exp drbfn_mmm2 updates 1480/3125 episodes, total num timesteps 2369600/5000000, FPS 67.

incre win rate is 0.0.

 Map MMM2 Algo r_drbfn Exp drbfn_mmm2 updates 1485/3125 episodes, total num timesteps 2377600/5000000, FPS 67.

incre win rate is 0.0.

 Map MMM2 Algo r_drbfn Exp drbfn_mmm2 updates 1490/3125 episodes, total num timesteps 2385600/5000000, FPS 67.

incre win rate is 0.0.

 Map MMM2 Algo r_drbfn Exp drbfn_mmm2 updates 1495/3125 episodes, total num timesteps 2393600/5000000, FPS 67.

incre win rate is 0.0.

 Map MMM2 Algo r_drbfn Exp drbfn_mmm2 updates 1500/3125 episodes, total num timesteps 2401600/5000000, FPS 67.

incre win rate is 0.0.
eval win rate is 0.0.

 Map MMM2 Algo r_drbfn Exp drbfn_mmm2 updates 1505/3125 episodes, total num timesteps 2409600/5000000, FPS 67.

incre win rate is 0.0.

 Map MMM2 Algo r_drbfn Exp drbfn_mmm2 updates 1510/3125 episodes, total num timesteps 2417600/5000000, FPS 67.

incre win rate is 0.0.

 Map MMM2 Algo r_drbfn Exp drbfn_mmm2 updates 1515/3125 episodes, total num timesteps 2425600/5000000, FPS 67.

incre win rate is 0.0.

 Map MMM2 Algo r_drbfn Exp drbfn_mmm2 updates 1520/3125 episodes, total num timesteps 2433600/5000000, FPS 67.

incre win rate is 0.0.

 Map MMM2 Algo r_drbfn Exp drbfn_mmm2 updates 1525/3125 episodes, total num timesteps 2441600/5000000, FPS 67.

incre win rate is 0.0.
eval win rate is 0.0.

 Map MMM2 Algo r_drbfn Exp drbfn_mmm2 updates 1530/3125 episodes, total num timesteps 2449600/5000000, FPS 67.

incre win rate is 0.0.

 Map MMM2 Algo r_drbfn Exp drbfn_mmm2 updates 1535/3125 episodes, total num timesteps 2457600/5000000, FPS 67.

incre win rate is 0.0.

 Map MMM2 Algo r_drbfn Exp drbfn_mmm2 updates 1540/3125 episodes, total num timesteps 2465600/5000000, FPS 67.

incre win rate is 0.0.

 Map MMM2 Algo r_drbfn Exp drbfn_mmm2 updates 1545/3125 episodes, total num timesteps 2473600/5000000, FPS 67.

incre win rate is 0.0.

 Map MMM2 Algo r_drbfn Exp drbfn_mmm2 updates 1550/3125 episodes, total num timesteps 2481600/5000000, FPS 67.

incre win rate is 0.0.
eval win rate is 0.0.

 Map MMM2 Algo r_drbfn Exp drbfn_mmm2 updates 1555/3125 episodes, total num timesteps 2489600/5000000, FPS 67.

incre win rate is 0.0.

 Map MMM2 Algo r_drbfn Exp drbfn_mmm2 updates 1560/3125 episodes, total num timesteps 2497600/5000000, FPS 67.

incre win rate is 0.0.

 Map MMM2 Algo r_drbfn Exp drbfn_mmm2 updates 1565/3125 episodes, total num timesteps 2505600/5000000, FPS 67.

incre win rate is 0.0.

 Map MMM2 Algo r_drbfn Exp drbfn_mmm2 updates 1570/3125 episodes, total num timesteps 2513600/5000000, FPS 67.

incre win rate is 0.0.

 Map MMM2 Algo r_drbfn Exp drbfn_mmm2 updates 1575/3125 episodes, total num timesteps 2521600/5000000, FPS 67.

incre win rate is 0.0.
eval win rate is 0.0.

 Map MMM2 Algo r_drbfn Exp drbfn_mmm2 updates 1580/3125 episodes, total num timesteps 2529600/5000000, FPS 67.

incre win rate is 0.0.

 Map MMM2 Algo r_drbfn Exp drbfn_mmm2 updates 1585/3125 episodes, total num timesteps 2537600/5000000, FPS 67.

incre win rate is 0.0.

 Map MMM2 Algo r_drbfn Exp drbfn_mmm2 updates 1590/3125 episodes, total num timesteps 2545600/5000000, FPS 67.

incre win rate is 0.0.

 Map MMM2 Algo r_drbfn Exp drbfn_mmm2 updates 1595/3125 episodes, total num timesteps 2553600/5000000, FPS 67.

incre win rate is 0.0.

 Map MMM2 Algo r_drbfn Exp drbfn_mmm2 updates 1600/3125 episodes, total num timesteps 2561600/5000000, FPS 67.

incre win rate is 0.0.
eval win rate is 0.0.

 Map MMM2 Algo r_drbfn Exp drbfn_mmm2 updates 1605/3125 episodes, total num timesteps 2569600/5000000, FPS 66.

incre win rate is 0.0.

 Map MMM2 Algo r_drbfn Exp drbfn_mmm2 updates 1610/3125 episodes, total num timesteps 2577600/5000000, FPS 66.

incre win rate is 0.0.

 Map MMM2 Algo r_drbfn Exp drbfn_mmm2 updates 1615/3125 episodes, total num timesteps 2585600/5000000, FPS 66.

incre win rate is 0.0.

 Map MMM2 Algo r_drbfn Exp drbfn_mmm2 updates 1620/3125 episodes, total num timesteps 2593600/5000000, FPS 66.

incre win rate is 0.0.

 Map MMM2 Algo r_drbfn Exp drbfn_mmm2 updates 1625/3125 episodes, total num timesteps 2601600/5000000, FPS 66.

incre win rate is 0.0.
eval win rate is 0.0.

 Map MMM2 Algo r_drbfn Exp drbfn_mmm2 updates 1630/3125 episodes, total num timesteps 2609600/5000000, FPS 66.

incre win rate is 0.0.

 Map MMM2 Algo r_drbfn Exp drbfn_mmm2 updates 1635/3125 episodes, total num timesteps 2617600/5000000, FPS 66.

incre win rate is 0.0.

 Map MMM2 Algo r_drbfn Exp drbfn_mmm2 updates 1640/3125 episodes, total num timesteps 2625600/5000000, FPS 66.

incre win rate is 0.0.

 Map MMM2 Algo r_drbfn Exp drbfn_mmm2 updates 1645/3125 episodes, total num timesteps 2633600/5000000, FPS 66.

incre win rate is 0.0.

 Map MMM2 Algo r_drbfn Exp drbfn_mmm2 updates 1650/3125 episodes, total num timesteps 2641600/5000000, FPS 66.

incre win rate is 0.0.
eval win rate is 0.0.

 Map MMM2 Algo r_drbfn Exp drbfn_mmm2 updates 1655/3125 episodes, total num timesteps 2649600/5000000, FPS 66.

incre win rate is 0.0.

 Map MMM2 Algo r_drbfn Exp drbfn_mmm2 updates 1660/3125 episodes, total num timesteps 2657600/5000000, FPS 66.

incre win rate is 0.0.

 Map MMM2 Algo r_drbfn Exp drbfn_mmm2 updates 1665/3125 episodes, total num timesteps 2665600/5000000, FPS 66.

incre win rate is 0.0.

 Map MMM2 Algo r_drbfn Exp drbfn_mmm2 updates 1670/3125 episodes, total num timesteps 2673600/5000000, FPS 66.

incre win rate is 0.0.

 Map MMM2 Algo r_drbfn Exp drbfn_mmm2 updates 1675/3125 episodes, total num timesteps 2681600/5000000, FPS 66.

incre win rate is 0.0.
eval win rate is 0.0.

 Map MMM2 Algo r_drbfn Exp drbfn_mmm2 updates 1680/3125 episodes, total num timesteps 2689600/5000000, FPS 66.

incre win rate is 0.0.

 Map MMM2 Algo r_drbfn Exp drbfn_mmm2 updates 1685/3125 episodes, total num timesteps 2697600/5000000, FPS 66.

incre win rate is 0.0.

 Map MMM2 Algo r_drbfn Exp drbfn_mmm2 updates 1690/3125 episodes, total num timesteps 2705600/5000000, FPS 66.

incre win rate is 0.0.

 Map MMM2 Algo r_drbfn Exp drbfn_mmm2 updates 1695/3125 episodes, total num timesteps 2713600/5000000, FPS 66.

incre win rate is 0.0.

 Map MMM2 Algo r_drbfn Exp drbfn_mmm2 updates 1700/3125 episodes, total num timesteps 2721600/5000000, FPS 66.

incre win rate is 0.0.
eval win rate is 0.0.

 Map MMM2 Algo r_drbfn Exp drbfn_mmm2 updates 1705/3125 episodes, total num timesteps 2729600/5000000, FPS 66.

incre win rate is 0.0.

 Map MMM2 Algo r_drbfn Exp drbfn_mmm2 updates 1710/3125 episodes, total num timesteps 2737600/5000000, FPS 66.

incre win rate is 0.0.

 Map MMM2 Algo r_drbfn Exp drbfn_mmm2 updates 1715/3125 episodes, total num timesteps 2745600/5000000, FPS 66.

incre win rate is 0.0.

 Map MMM2 Algo r_drbfn Exp drbfn_mmm2 updates 1720/3125 episodes, total num timesteps 2753600/5000000, FPS 66.

incre win rate is 0.0.

 Map MMM2 Algo r_drbfn Exp drbfn_mmm2 updates 1725/3125 episodes, total num timesteps 2761600/5000000, FPS 66.

incre win rate is 0.0.
eval win rate is 0.0.

 Map MMM2 Algo r_drbfn Exp drbfn_mmm2 updates 1730/3125 episodes, total num timesteps 2769600/5000000, FPS 66.

incre win rate is 0.0.

 Map MMM2 Algo r_drbfn Exp drbfn_mmm2 updates 1735/3125 episodes, total num timesteps 2777600/5000000, FPS 66.

incre win rate is 0.0.

 Map MMM2 Algo r_drbfn Exp drbfn_mmm2 updates 1740/3125 episodes, total num timesteps 2785600/5000000, FPS 66.

incre win rate is 0.0.

 Map MMM2 Algo r_drbfn Exp drbfn_mmm2 updates 1745/3125 episodes, total num timesteps 2793600/5000000, FPS 66.

incre win rate is 0.0.

 Map MMM2 Algo r_drbfn Exp drbfn_mmm2 updates 1750/3125 episodes, total num timesteps 2801600/5000000, FPS 66.

incre win rate is 0.0.
eval win rate is 0.0.

 Map MMM2 Algo r_drbfn Exp drbfn_mmm2 updates 1755/3125 episodes, total num timesteps 2809600/5000000, FPS 66.

incre win rate is 0.0.

 Map MMM2 Algo r_drbfn Exp drbfn_mmm2 updates 1760/3125 episodes, total num timesteps 2817600/5000000, FPS 66.

incre win rate is 0.0.

 Map MMM2 Algo r_drbfn Exp drbfn_mmm2 updates 1765/3125 episodes, total num timesteps 2825600/5000000, FPS 66.

incre win rate is 0.0.

 Map MMM2 Algo r_drbfn Exp drbfn_mmm2 updates 1770/3125 episodes, total num timesteps 2833600/5000000, FPS 66.

incre win rate is 0.0.

 Map MMM2 Algo r_drbfn Exp drbfn_mmm2 updates 1775/3125 episodes, total num timesteps 2841600/5000000, FPS 66.

incre win rate is 0.0.
eval win rate is 0.0.

 Map MMM2 Algo r_drbfn Exp drbfn_mmm2 updates 1780/3125 episodes, total num timesteps 2849600/5000000, FPS 65.

incre win rate is 0.0.

 Map MMM2 Algo r_drbfn Exp drbfn_mmm2 updates 1785/3125 episodes, total num timesteps 2857600/5000000, FPS 65.

incre win rate is 0.0.

 Map MMM2 Algo r_drbfn Exp drbfn_mmm2 updates 1790/3125 episodes, total num timesteps 2865600/5000000, FPS 65.

incre win rate is 0.0.

 Map MMM2 Algo r_drbfn Exp drbfn_mmm2 updates 1795/3125 episodes, total num timesteps 2873600/5000000, FPS 65.

incre win rate is 0.0.

 Map MMM2 Algo r_drbfn Exp drbfn_mmm2 updates 1800/3125 episodes, total num timesteps 2881600/5000000, FPS 65.

incre win rate is 0.0.
eval win rate is 0.0.

 Map MMM2 Algo r_drbfn Exp drbfn_mmm2 updates 1805/3125 episodes, total num timesteps 2889600/5000000, FPS 65.

incre win rate is 0.0.

 Map MMM2 Algo r_drbfn Exp drbfn_mmm2 updates 1810/3125 episodes, total num timesteps 2897600/5000000, FPS 65.

incre win rate is 0.0.

 Map MMM2 Algo r_drbfn Exp drbfn_mmm2 updates 1815/3125 episodes, total num timesteps 2905600/5000000, FPS 65.

incre win rate is 0.0.

 Map MMM2 Algo r_drbfn Exp drbfn_mmm2 updates 1820/3125 episodes, total num timesteps 2913600/5000000, FPS 65.

incre win rate is 0.0.

 Map MMM2 Algo r_drbfn Exp drbfn_mmm2 updates 1825/3125 episodes, total num timesteps 2921600/5000000, FPS 65.

incre win rate is 0.0.
eval win rate is 0.0.

 Map MMM2 Algo r_drbfn Exp drbfn_mmm2 updates 1830/3125 episodes, total num timesteps 2929600/5000000, FPS 65.

incre win rate is 0.0.

 Map MMM2 Algo r_drbfn Exp drbfn_mmm2 updates 1835/3125 episodes, total num timesteps 2937600/5000000, FPS 65.

incre win rate is 0.0.

 Map MMM2 Algo r_drbfn Exp drbfn_mmm2 updates 1840/3125 episodes, total num timesteps 2945600/5000000, FPS 65.

incre win rate is 0.0.

 Map MMM2 Algo r_drbfn Exp drbfn_mmm2 updates 1845/3125 episodes, total num timesteps 2953600/5000000, FPS 65.

incre win rate is 0.0.

 Map MMM2 Algo r_drbfn Exp drbfn_mmm2 updates 1850/3125 episodes, total num timesteps 2961600/5000000, FPS 65.

incre win rate is 0.0.
eval win rate is 0.0.

 Map MMM2 Algo r_drbfn Exp drbfn_mmm2 updates 1855/3125 episodes, total num timesteps 2969600/5000000, FPS 65.

incre win rate is 0.0.

 Map MMM2 Algo r_drbfn Exp drbfn_mmm2 updates 1860/3125 episodes, total num timesteps 2977600/5000000, FPS 65.

incre win rate is 0.0.

 Map MMM2 Algo r_drbfn Exp drbfn_mmm2 updates 1865/3125 episodes, total num timesteps 2985600/5000000, FPS 65.

incre win rate is 0.0.

 Map MMM2 Algo r_drbfn Exp drbfn_mmm2 updates 1870/3125 episodes, total num timesteps 2993600/5000000, FPS 65.

incre win rate is 0.0.

 Map MMM2 Algo r_drbfn Exp drbfn_mmm2 updates 1875/3125 episodes, total num timesteps 3001600/5000000, FPS 65.

incre win rate is 0.0.
eval win rate is 0.0.

 Map MMM2 Algo r_drbfn Exp drbfn_mmm2 updates 1880/3125 episodes, total num timesteps 3009600/5000000, FPS 65.

incre win rate is 0.0.

 Map MMM2 Algo r_drbfn Exp drbfn_mmm2 updates 1885/3125 episodes, total num timesteps 3017600/5000000, FPS 65.

incre win rate is 0.0.

 Map MMM2 Algo r_drbfn Exp drbfn_mmm2 updates 1890/3125 episodes, total num timesteps 3025600/5000000, FPS 65.

incre win rate is 0.0.

 Map MMM2 Algo r_drbfn Exp drbfn_mmm2 updates 1895/3125 episodes, total num timesteps 3033600/5000000, FPS 65.

incre win rate is 0.0.

 Map MMM2 Algo r_drbfn Exp drbfn_mmm2 updates 1900/3125 episodes, total num timesteps 3041600/5000000, FPS 65.

incre win rate is 0.0.
eval win rate is 0.0.

 Map MMM2 Algo r_drbfn Exp drbfn_mmm2 updates 1905/3125 episodes, total num timesteps 3049600/5000000, FPS 65.

incre win rate is 0.0.

 Map MMM2 Algo r_drbfn Exp drbfn_mmm2 updates 1910/3125 episodes, total num timesteps 3057600/5000000, FPS 65.

incre win rate is 0.0.

 Map MMM2 Algo r_drbfn Exp drbfn_mmm2 updates 1915/3125 episodes, total num timesteps 3065600/5000000, FPS 65.

incre win rate is 0.0.

 Map MMM2 Algo r_drbfn Exp drbfn_mmm2 updates 1920/3125 episodes, total num timesteps 3073600/5000000, FPS 65.

incre win rate is 0.0.

 Map MMM2 Algo r_drbfn Exp drbfn_mmm2 updates 1925/3125 episodes, total num timesteps 3081600/5000000, FPS 65.

incre win rate is 0.0.
eval win rate is 0.0.

 Map MMM2 Algo r_drbfn Exp drbfn_mmm2 updates 1930/3125 episodes, total num timesteps 3089600/5000000, FPS 65.

incre win rate is 0.0.

 Map MMM2 Algo r_drbfn Exp drbfn_mmm2 updates 1935/3125 episodes, total num timesteps 3097600/5000000, FPS 65.

incre win rate is 0.0.

 Map MMM2 Algo r_drbfn Exp drbfn_mmm2 updates 1940/3125 episodes, total num timesteps 3105600/5000000, FPS 65.

incre win rate is 0.0.

 Map MMM2 Algo r_drbfn Exp drbfn_mmm2 updates 1945/3125 episodes, total num timesteps 3113600/5000000, FPS 65.

incre win rate is 0.0.

 Map MMM2 Algo r_drbfn Exp drbfn_mmm2 updates 1950/3125 episodes, total num timesteps 3121600/5000000, FPS 65.

incre win rate is 0.0.
eval win rate is 0.0.

 Map MMM2 Algo r_drbfn Exp drbfn_mmm2 updates 1955/3125 episodes, total num timesteps 3129600/5000000, FPS 64.

incre win rate is 0.0.

 Map MMM2 Algo r_drbfn Exp drbfn_mmm2 updates 1960/3125 episodes, total num timesteps 3137600/5000000, FPS 64.

incre win rate is 0.0.

 Map MMM2 Algo r_drbfn Exp drbfn_mmm2 updates 1965/3125 episodes, total num timesteps 3145600/5000000, FPS 64.

incre win rate is 0.0.

 Map MMM2 Algo r_drbfn Exp drbfn_mmm2 updates 1970/3125 episodes, total num timesteps 3153600/5000000, FPS 64.

incre win rate is 0.0.

 Map MMM2 Algo r_drbfn Exp drbfn_mmm2 updates 1975/3125 episodes, total num timesteps 3161600/5000000, FPS 64.

incre win rate is 0.0.
eval win rate is 0.0.

 Map MMM2 Algo r_drbfn Exp drbfn_mmm2 updates 1980/3125 episodes, total num timesteps 3169600/5000000, FPS 64.

incre win rate is 0.0.

 Map MMM2 Algo r_drbfn Exp drbfn_mmm2 updates 1985/3125 episodes, total num timesteps 3177600/5000000, FPS 64.

incre win rate is 0.0.

 Map MMM2 Algo r_drbfn Exp drbfn_mmm2 updates 1990/3125 episodes, total num timesteps 3185600/5000000, FPS 64.

incre win rate is 0.0.

 Map MMM2 Algo r_drbfn Exp drbfn_mmm2 updates 1995/3125 episodes, total num timesteps 3193600/5000000, FPS 64.

incre win rate is 0.0.

 Map MMM2 Algo r_drbfn Exp drbfn_mmm2 updates 2000/3125 episodes, total num timesteps 3201600/5000000, FPS 64.

incre win rate is 0.0.
eval win rate is 0.0.

 Map MMM2 Algo r_drbfn Exp drbfn_mmm2 updates 2005/3125 episodes, total num timesteps 3209600/5000000, FPS 64.

incre win rate is 0.0.

 Map MMM2 Algo r_drbfn Exp drbfn_mmm2 updates 2010/3125 episodes, total num timesteps 3217600/5000000, FPS 64.

incre win rate is 0.0.

 Map MMM2 Algo r_drbfn Exp drbfn_mmm2 updates 2015/3125 episodes, total num timesteps 3225600/5000000, FPS 64.

incre win rate is 0.0.

 Map MMM2 Algo r_drbfn Exp drbfn_mmm2 updates 2020/3125 episodes, total num timesteps 3233600/5000000, FPS 64.

incre win rate is 0.0.

 Map MMM2 Algo r_drbfn Exp drbfn_mmm2 updates 2025/3125 episodes, total num timesteps 3241600/5000000, FPS 64.

incre win rate is 0.0.
eval win rate is 0.0.

 Map MMM2 Algo r_drbfn Exp drbfn_mmm2 updates 2030/3125 episodes, total num timesteps 3249600/5000000, FPS 64.

incre win rate is 0.0.

 Map MMM2 Algo r_drbfn Exp drbfn_mmm2 updates 2035/3125 episodes, total num timesteps 3257600/5000000, FPS 64.

incre win rate is 0.0.

 Map MMM2 Algo r_drbfn Exp drbfn_mmm2 updates 2040/3125 episodes, total num timesteps 3265600/5000000, FPS 64.

incre win rate is 0.0.

 Map MMM2 Algo r_drbfn Exp drbfn_mmm2 updates 2045/3125 episodes, total num timesteps 3273600/5000000, FPS 64.

incre win rate is 0.0.

 Map MMM2 Algo r_drbfn Exp drbfn_mmm2 updates 2050/3125 episodes, total num timesteps 3281600/5000000, FPS 64.

incre win rate is 0.0.
eval win rate is 0.0.

 Map MMM2 Algo r_drbfn Exp drbfn_mmm2 updates 2055/3125 episodes, total num timesteps 3289600/5000000, FPS 64.

incre win rate is 0.0.

 Map MMM2 Algo r_drbfn Exp drbfn_mmm2 updates 2060/3125 episodes, total num timesteps 3297600/5000000, FPS 64.

incre win rate is 0.0.

 Map MMM2 Algo r_drbfn Exp drbfn_mmm2 updates 2065/3125 episodes, total num timesteps 3305600/5000000, FPS 64.

incre win rate is 0.0.

 Map MMM2 Algo r_drbfn Exp drbfn_mmm2 updates 2070/3125 episodes, total num timesteps 3313600/5000000, FPS 64.

incre win rate is 0.0.

 Map MMM2 Algo r_drbfn Exp drbfn_mmm2 updates 2075/3125 episodes, total num timesteps 3321600/5000000, FPS 64.

incre win rate is 0.0.
eval win rate is 0.0.

 Map MMM2 Algo r_drbfn Exp drbfn_mmm2 updates 2080/3125 episodes, total num timesteps 3329600/5000000, FPS 64.

incre win rate is 0.0.

 Map MMM2 Algo r_drbfn Exp drbfn_mmm2 updates 2085/3125 episodes, total num timesteps 3337600/5000000, FPS 64.

incre win rate is 0.0.

 Map MMM2 Algo r_drbfn Exp drbfn_mmm2 updates 2090/3125 episodes, total num timesteps 3345600/5000000, FPS 64.

incre win rate is 0.0.

 Map MMM2 Algo r_drbfn Exp drbfn_mmm2 updates 2095/3125 episodes, total num timesteps 3353600/5000000, FPS 64.

incre win rate is 0.0.

 Map MMM2 Algo r_drbfn Exp drbfn_mmm2 updates 2100/3125 episodes, total num timesteps 3361600/5000000, FPS 64.

incre win rate is 0.0.
eval win rate is 0.0.

 Map MMM2 Algo r_drbfn Exp drbfn_mmm2 updates 2105/3125 episodes, total num timesteps 3369600/5000000, FPS 64.

incre win rate is 0.0.

 Map MMM2 Algo r_drbfn Exp drbfn_mmm2 updates 2110/3125 episodes, total num timesteps 3377600/5000000, FPS 64.

incre win rate is 0.0.

 Map MMM2 Algo r_drbfn Exp drbfn_mmm2 updates 2115/3125 episodes, total num timesteps 3385600/5000000, FPS 64.

incre win rate is 0.0.

 Map MMM2 Algo r_drbfn Exp drbfn_mmm2 updates 2120/3125 episodes, total num timesteps 3393600/5000000, FPS 64.

incre win rate is 0.0.

 Map MMM2 Algo r_drbfn Exp drbfn_mmm2 updates 2125/3125 episodes, total num timesteps 3401600/5000000, FPS 64.

incre win rate is 0.0.
eval win rate is 0.0.

 Map MMM2 Algo r_drbfn Exp drbfn_mmm2 updates 2130/3125 episodes, total num timesteps 3409600/5000000, FPS 64.

incre win rate is 0.0.

 Map MMM2 Algo r_drbfn Exp drbfn_mmm2 updates 2135/3125 episodes, total num timesteps 3417600/5000000, FPS 64.

incre win rate is 0.0.

 Map MMM2 Algo r_drbfn Exp drbfn_mmm2 updates 2140/3125 episodes, total num timesteps 3425600/5000000, FPS 64.

incre win rate is 0.0.

 Map MMM2 Algo r_drbfn Exp drbfn_mmm2 updates 2145/3125 episodes, total num timesteps 3433600/5000000, FPS 64.

incre win rate is 0.0.

 Map MMM2 Algo r_drbfn Exp drbfn_mmm2 updates 2150/3125 episodes, total num timesteps 3441600/5000000, FPS 64.

incre win rate is 0.0.
eval win rate is 0.0.

 Map MMM2 Algo r_drbfn Exp drbfn_mmm2 updates 2155/3125 episodes, total num timesteps 3449600/5000000, FPS 64.

incre win rate is 0.0.

 Map MMM2 Algo r_drbfn Exp drbfn_mmm2 updates 2160/3125 episodes, total num timesteps 3457600/5000000, FPS 64.

incre win rate is 0.0.

 Map MMM2 Algo r_drbfn Exp drbfn_mmm2 updates 2165/3125 episodes, total num timesteps 3465600/5000000, FPS 64.

incre win rate is 0.0.

 Map MMM2 Algo r_drbfn Exp drbfn_mmm2 updates 2170/3125 episodes, total num timesteps 3473600/5000000, FPS 64.

incre win rate is 0.0.

 Map MMM2 Algo r_drbfn Exp drbfn_mmm2 updates 2175/3125 episodes, total num timesteps 3481600/5000000, FPS 64.

incre win rate is 0.0.
eval win rate is 0.0.

 Map MMM2 Algo r_drbfn Exp drbfn_mmm2 updates 2180/3125 episodes, total num timesteps 3489600/5000000, FPS 64.

incre win rate is 0.0.

 Map MMM2 Algo r_drbfn Exp drbfn_mmm2 updates 2185/3125 episodes, total num timesteps 3497600/5000000, FPS 64.

incre win rate is 0.0.

 Map MMM2 Algo r_drbfn Exp drbfn_mmm2 updates 2190/3125 episodes, total num timesteps 3505600/5000000, FPS 64.

incre win rate is 0.0.

 Map MMM2 Algo r_drbfn Exp drbfn_mmm2 updates 2195/3125 episodes, total num timesteps 3513600/5000000, FPS 64.

incre win rate is 0.0.

 Map MMM2 Algo r_drbfn Exp drbfn_mmm2 updates 2200/3125 episodes, total num timesteps 3521600/5000000, FPS 64.

incre win rate is 0.0.
eval win rate is 0.0.

 Map MMM2 Algo r_drbfn Exp drbfn_mmm2 updates 2205/3125 episodes, total num timesteps 3529600/5000000, FPS 64.

incre win rate is 0.0.

 Map MMM2 Algo r_drbfn Exp drbfn_mmm2 updates 2210/3125 episodes, total num timesteps 3537600/5000000, FPS 64.

incre win rate is 0.0.

 Map MMM2 Algo r_drbfn Exp drbfn_mmm2 updates 2215/3125 episodes, total num timesteps 3545600/5000000, FPS 64.

incre win rate is 0.0.

 Map MMM2 Algo r_drbfn Exp drbfn_mmm2 updates 2220/3125 episodes, total num timesteps 3553600/5000000, FPS 64.

incre win rate is 0.0.

 Map MMM2 Algo r_drbfn Exp drbfn_mmm2 updates 2225/3125 episodes, total num timesteps 3561600/5000000, FPS 64.

incre win rate is 0.0.
eval win rate is 0.0.

 Map MMM2 Algo r_drbfn Exp drbfn_mmm2 updates 2230/3125 episodes, total num timesteps 3569600/5000000, FPS 64.

incre win rate is 0.0.

 Map MMM2 Algo r_drbfn Exp drbfn_mmm2 updates 2235/3125 episodes, total num timesteps 3577600/5000000, FPS 64.

incre win rate is 0.0.

 Map MMM2 Algo r_drbfn Exp drbfn_mmm2 updates 2240/3125 episodes, total num timesteps 3585600/5000000, FPS 64.

incre win rate is 0.0.

 Map MMM2 Algo r_drbfn Exp drbfn_mmm2 updates 2245/3125 episodes, total num timesteps 3593600/5000000, FPS 64.

incre win rate is 0.0.

 Map MMM2 Algo r_drbfn Exp drbfn_mmm2 updates 2250/3125 episodes, total num timesteps 3601600/5000000, FPS 64.

incre win rate is 0.0.
eval win rate is 0.0.

 Map MMM2 Algo r_drbfn Exp drbfn_mmm2 updates 2255/3125 episodes, total num timesteps 3609600/5000000, FPS 64.

incre win rate is 0.0.

 Map MMM2 Algo r_drbfn Exp drbfn_mmm2 updates 2260/3125 episodes, total num timesteps 3617600/5000000, FPS 64.

incre win rate is 0.0.

 Map MMM2 Algo r_drbfn Exp drbfn_mmm2 updates 2265/3125 episodes, total num timesteps 3625600/5000000, FPS 64.

incre win rate is 0.0.

 Map MMM2 Algo r_drbfn Exp drbfn_mmm2 updates 2270/3125 episodes, total num timesteps 3633600/5000000, FPS 64.

incre win rate is 0.0.

 Map MMM2 Algo r_drbfn Exp drbfn_mmm2 updates 2275/3125 episodes, total num timesteps 3641600/5000000, FPS 64.

incre win rate is 0.0.
eval win rate is 0.0.

 Map MMM2 Algo r_drbfn Exp drbfn_mmm2 updates 2280/3125 episodes, total num timesteps 3649600/5000000, FPS 64.

incre win rate is 0.0.

 Map MMM2 Algo r_drbfn Exp drbfn_mmm2 updates 2285/3125 episodes, total num timesteps 3657600/5000000, FPS 64.

incre win rate is 0.0.

 Map MMM2 Algo r_drbfn Exp drbfn_mmm2 updates 2290/3125 episodes, total num timesteps 3665600/5000000, FPS 64.

incre win rate is 0.0.

 Map MMM2 Algo r_drbfn Exp drbfn_mmm2 updates 2295/3125 episodes, total num timesteps 3673600/5000000, FPS 64.

incre win rate is 0.0.

 Map MMM2 Algo r_drbfn Exp drbfn_mmm2 updates 2300/3125 episodes, total num timesteps 3681600/5000000, FPS 64.

incre win rate is 0.0.
eval win rate is 0.0.

 Map MMM2 Algo r_drbfn Exp drbfn_mmm2 updates 2305/3125 episodes, total num timesteps 3689600/5000000, FPS 63.

incre win rate is 0.0.

 Map MMM2 Algo r_drbfn Exp drbfn_mmm2 updates 2310/3125 episodes, total num timesteps 3697600/5000000, FPS 63.

incre win rate is 0.0.

 Map MMM2 Algo r_drbfn Exp drbfn_mmm2 updates 2315/3125 episodes, total num timesteps 3705600/5000000, FPS 63.

incre win rate is 0.0.

 Map MMM2 Algo r_drbfn Exp drbfn_mmm2 updates 2320/3125 episodes, total num timesteps 3713600/5000000, FPS 63.

incre win rate is 0.0.

 Map MMM2 Algo r_drbfn Exp drbfn_mmm2 updates 2325/3125 episodes, total num timesteps 3721600/5000000, FPS 63.

incre win rate is 0.0.
eval win rate is 0.0.

 Map MMM2 Algo r_drbfn Exp drbfn_mmm2 updates 2330/3125 episodes, total num timesteps 3729600/5000000, FPS 63.

incre win rate is 0.0.

 Map MMM2 Algo r_drbfn Exp drbfn_mmm2 updates 2335/3125 episodes, total num timesteps 3737600/5000000, FPS 63.

incre win rate is 0.0.

 Map MMM2 Algo r_drbfn Exp drbfn_mmm2 updates 2340/3125 episodes, total num timesteps 3745600/5000000, FPS 63.

incre win rate is 0.0.

 Map MMM2 Algo r_drbfn Exp drbfn_mmm2 updates 2345/3125 episodes, total num timesteps 3753600/5000000, FPS 63.

incre win rate is 0.0.

 Map MMM2 Algo r_drbfn Exp drbfn_mmm2 updates 2350/3125 episodes, total num timesteps 3761600/5000000, FPS 63.

incre win rate is 0.0.
eval win rate is 0.0.

 Map MMM2 Algo r_drbfn Exp drbfn_mmm2 updates 2355/3125 episodes, total num timesteps 3769600/5000000, FPS 63.

incre win rate is 0.0.

 Map MMM2 Algo r_drbfn Exp drbfn_mmm2 updates 2360/3125 episodes, total num timesteps 3777600/5000000, FPS 63.

incre win rate is 0.0.

 Map MMM2 Algo r_drbfn Exp drbfn_mmm2 updates 2365/3125 episodes, total num timesteps 3785600/5000000, FPS 63.

incre win rate is 0.0.

 Map MMM2 Algo r_drbfn Exp drbfn_mmm2 updates 2370/3125 episodes, total num timesteps 3793600/5000000, FPS 63.

incre win rate is 0.0.

 Map MMM2 Algo r_drbfn Exp drbfn_mmm2 updates 2375/3125 episodes, total num timesteps 3801600/5000000, FPS 63.

incre win rate is 0.0.
eval win rate is 0.0.

 Map MMM2 Algo r_drbfn Exp drbfn_mmm2 updates 2380/3125 episodes, total num timesteps 3809600/5000000, FPS 63.

incre win rate is 0.0.

 Map MMM2 Algo r_drbfn Exp drbfn_mmm2 updates 2385/3125 episodes, total num timesteps 3817600/5000000, FPS 63.

incre win rate is 0.0.

 Map MMM2 Algo r_drbfn Exp drbfn_mmm2 updates 2390/3125 episodes, total num timesteps 3825600/5000000, FPS 63.

incre win rate is 0.0.

 Map MMM2 Algo r_drbfn Exp drbfn_mmm2 updates 2395/3125 episodes, total num timesteps 3833600/5000000, FPS 63.

incre win rate is 0.0.

 Map MMM2 Algo r_drbfn Exp drbfn_mmm2 updates 2400/3125 episodes, total num timesteps 3841600/5000000, FPS 63.

incre win rate is 0.0.
eval win rate is 0.0.

 Map MMM2 Algo r_drbfn Exp drbfn_mmm2 updates 2405/3125 episodes, total num timesteps 3849600/5000000, FPS 63.

incre win rate is 0.0.

 Map MMM2 Algo r_drbfn Exp drbfn_mmm2 updates 2410/3125 episodes, total num timesteps 3857600/5000000, FPS 63.

incre win rate is 0.0.

 Map MMM2 Algo r_drbfn Exp drbfn_mmm2 updates 2415/3125 episodes, total num timesteps 3865600/5000000, FPS 63.

incre win rate is 0.0.

 Map MMM2 Algo r_drbfn Exp drbfn_mmm2 updates 2420/3125 episodes, total num timesteps 3873600/5000000, FPS 63.

incre win rate is 0.0.

 Map MMM2 Algo r_drbfn Exp drbfn_mmm2 updates 2425/3125 episodes, total num timesteps 3881600/5000000, FPS 63.

incre win rate is 0.0.
eval win rate is 0.0.

 Map MMM2 Algo r_drbfn Exp drbfn_mmm2 updates 2430/3125 episodes, total num timesteps 3889600/5000000, FPS 63.

incre win rate is 0.0.

 Map MMM2 Algo r_drbfn Exp drbfn_mmm2 updates 2435/3125 episodes, total num timesteps 3897600/5000000, FPS 63.

incre win rate is 0.0.

 Map MMM2 Algo r_drbfn Exp drbfn_mmm2 updates 2440/3125 episodes, total num timesteps 3905600/5000000, FPS 63.

incre win rate is 0.0.

 Map MMM2 Algo r_drbfn Exp drbfn_mmm2 updates 2445/3125 episodes, total num timesteps 3913600/5000000, FPS 63.

incre win rate is 0.0.

 Map MMM2 Algo r_drbfn Exp drbfn_mmm2 updates 2450/3125 episodes, total num timesteps 3921600/5000000, FPS 63.

incre win rate is 0.0.
eval win rate is 0.0.

 Map MMM2 Algo r_drbfn Exp drbfn_mmm2 updates 2455/3125 episodes, total num timesteps 3929600/5000000, FPS 63.

incre win rate is 0.0.

 Map MMM2 Algo r_drbfn Exp drbfn_mmm2 updates 2460/3125 episodes, total num timesteps 3937600/5000000, FPS 63.

incre win rate is 0.0.

 Map MMM2 Algo r_drbfn Exp drbfn_mmm2 updates 2465/3125 episodes, total num timesteps 3945600/5000000, FPS 63.

incre win rate is 0.0.

 Map MMM2 Algo r_drbfn Exp drbfn_mmm2 updates 2470/3125 episodes, total num timesteps 3953600/5000000, FPS 63.

incre win rate is 0.0.

 Map MMM2 Algo r_drbfn Exp drbfn_mmm2 updates 2475/3125 episodes, total num timesteps 3961600/5000000, FPS 63.

incre win rate is 0.0.
eval win rate is 0.0.

 Map MMM2 Algo r_drbfn Exp drbfn_mmm2 updates 2480/3125 episodes, total num timesteps 3969600/5000000, FPS 63.

incre win rate is 0.0.

 Map MMM2 Algo r_drbfn Exp drbfn_mmm2 updates 2485/3125 episodes, total num timesteps 3977600/5000000, FPS 63.

incre win rate is 0.0.

 Map MMM2 Algo r_drbfn Exp drbfn_mmm2 updates 2490/3125 episodes, total num timesteps 3985600/5000000, FPS 63.

incre win rate is 0.0.

 Map MMM2 Algo r_drbfn Exp drbfn_mmm2 updates 2495/3125 episodes, total num timesteps 3993600/5000000, FPS 63.

incre win rate is 0.0.

 Map MMM2 Algo r_drbfn Exp drbfn_mmm2 updates 2500/3125 episodes, total num timesteps 4001600/5000000, FPS 63.

incre win rate is 0.0.
eval win rate is 0.0.

 Map MMM2 Algo r_drbfn Exp drbfn_mmm2 updates 2505/3125 episodes, total num timesteps 4009600/5000000, FPS 63.

incre win rate is 0.0.

 Map MMM2 Algo r_drbfn Exp drbfn_mmm2 updates 2510/3125 episodes, total num timesteps 4017600/5000000, FPS 63.

incre win rate is 0.0.

 Map MMM2 Algo r_drbfn Exp drbfn_mmm2 updates 2515/3125 episodes, total num timesteps 4025600/5000000, FPS 63.

incre win rate is 0.0.

 Map MMM2 Algo r_drbfn Exp drbfn_mmm2 updates 2520/3125 episodes, total num timesteps 4033600/5000000, FPS 63.

incre win rate is 0.0.

 Map MMM2 Algo r_drbfn Exp drbfn_mmm2 updates 2525/3125 episodes, total num timesteps 4041600/5000000, FPS 63.

incre win rate is 0.0.
eval win rate is 0.0.

 Map MMM2 Algo r_drbfn Exp drbfn_mmm2 updates 2530/3125 episodes, total num timesteps 4049600/5000000, FPS 63.

incre win rate is 0.0.

 Map MMM2 Algo r_drbfn Exp drbfn_mmm2 updates 2535/3125 episodes, total num timesteps 4057600/5000000, FPS 63.

incre win rate is 0.0.

 Map MMM2 Algo r_drbfn Exp drbfn_mmm2 updates 2540/3125 episodes, total num timesteps 4065600/5000000, FPS 63.

incre win rate is 0.0.

 Map MMM2 Algo r_drbfn Exp drbfn_mmm2 updates 2545/3125 episodes, total num timesteps 4073600/5000000, FPS 63.

incre win rate is 0.0.

 Map MMM2 Algo r_drbfn Exp drbfn_mmm2 updates 2550/3125 episodes, total num timesteps 4081600/5000000, FPS 63.

incre win rate is 0.0.
eval win rate is 0.0.

 Map MMM2 Algo r_drbfn Exp drbfn_mmm2 updates 2555/3125 episodes, total num timesteps 4089600/5000000, FPS 63.

incre win rate is 0.0.

 Map MMM2 Algo r_drbfn Exp drbfn_mmm2 updates 2560/3125 episodes, total num timesteps 4097600/5000000, FPS 63.

incre win rate is 0.0.

 Map MMM2 Algo r_drbfn Exp drbfn_mmm2 updates 2565/3125 episodes, total num timesteps 4105600/5000000, FPS 63.

incre win rate is 0.0.

 Map MMM2 Algo r_drbfn Exp drbfn_mmm2 updates 2570/3125 episodes, total num timesteps 4113600/5000000, FPS 63.

incre win rate is 0.0.

 Map MMM2 Algo r_drbfn Exp drbfn_mmm2 updates 2575/3125 episodes, total num timesteps 4121600/5000000, FPS 63.

incre win rate is 0.0.
eval win rate is 0.0.

 Map MMM2 Algo r_drbfn Exp drbfn_mmm2 updates 2580/3125 episodes, total num timesteps 4129600/5000000, FPS 63.

incre win rate is 0.0.

 Map MMM2 Algo r_drbfn Exp drbfn_mmm2 updates 2585/3125 episodes, total num timesteps 4137600/5000000, FPS 63.

incre win rate is 0.0.

 Map MMM2 Algo r_drbfn Exp drbfn_mmm2 updates 2590/3125 episodes, total num timesteps 4145600/5000000, FPS 63.

incre win rate is 0.0.

 Map MMM2 Algo r_drbfn Exp drbfn_mmm2 updates 2595/3125 episodes, total num timesteps 4153600/5000000, FPS 63.

incre win rate is 0.0.

 Map MMM2 Algo r_drbfn Exp drbfn_mmm2 updates 2600/3125 episodes, total num timesteps 4161600/5000000, FPS 63.

incre win rate is 0.0.
eval win rate is 0.0.

 Map MMM2 Algo r_drbfn Exp drbfn_mmm2 updates 2605/3125 episodes, total num timesteps 4169600/5000000, FPS 62.

incre win rate is 0.0.

 Map MMM2 Algo r_drbfn Exp drbfn_mmm2 updates 2610/3125 episodes, total num timesteps 4177600/5000000, FPS 62.

incre win rate is 0.0.

 Map MMM2 Algo r_drbfn Exp drbfn_mmm2 updates 2615/3125 episodes, total num timesteps 4185600/5000000, FPS 62.

incre win rate is 0.0.

 Map MMM2 Algo r_drbfn Exp drbfn_mmm2 updates 2620/3125 episodes, total num timesteps 4193600/5000000, FPS 62.

incre win rate is 0.0.

 Map MMM2 Algo r_drbfn Exp drbfn_mmm2 updates 2625/3125 episodes, total num timesteps 4201600/5000000, FPS 62.

incre win rate is 0.0.
eval win rate is 0.0.

 Map MMM2 Algo r_drbfn Exp drbfn_mmm2 updates 2630/3125 episodes, total num timesteps 4209600/5000000, FPS 62.

incre win rate is 0.0.

 Map MMM2 Algo r_drbfn Exp drbfn_mmm2 updates 2635/3125 episodes, total num timesteps 4217600/5000000, FPS 62.

incre win rate is 0.0.

 Map MMM2 Algo r_drbfn Exp drbfn_mmm2 updates 2640/3125 episodes, total num timesteps 4225600/5000000, FPS 62.

incre win rate is 0.0.

 Map MMM2 Algo r_drbfn Exp drbfn_mmm2 updates 2645/3125 episodes, total num timesteps 4233600/5000000, FPS 62.

incre win rate is 0.0.

 Map MMM2 Algo r_drbfn Exp drbfn_mmm2 updates 2650/3125 episodes, total num timesteps 4241600/5000000, FPS 62.

incre win rate is 0.0.
eval win rate is 0.0.

 Map MMM2 Algo r_drbfn Exp drbfn_mmm2 updates 2655/3125 episodes, total num timesteps 4249600/5000000, FPS 62.

incre win rate is 0.0.

 Map MMM2 Algo r_drbfn Exp drbfn_mmm2 updates 2660/3125 episodes, total num timesteps 4257600/5000000, FPS 62.

incre win rate is 0.0.

 Map MMM2 Algo r_drbfn Exp drbfn_mmm2 updates 2665/3125 episodes, total num timesteps 4265600/5000000, FPS 62.

incre win rate is 0.0.

 Map MMM2 Algo r_drbfn Exp drbfn_mmm2 updates 2670/3125 episodes, total num timesteps 4273600/5000000, FPS 62.

incre win rate is 0.0.

 Map MMM2 Algo r_drbfn Exp drbfn_mmm2 updates 2675/3125 episodes, total num timesteps 4281600/5000000, FPS 62.

incre win rate is 0.0.
eval win rate is 0.0.

 Map MMM2 Algo r_drbfn Exp drbfn_mmm2 updates 2680/3125 episodes, total num timesteps 4289600/5000000, FPS 62.

incre win rate is 0.0.

 Map MMM2 Algo r_drbfn Exp drbfn_mmm2 updates 2685/3125 episodes, total num timesteps 4297600/5000000, FPS 62.

incre win rate is 0.0.

 Map MMM2 Algo r_drbfn Exp drbfn_mmm2 updates 2690/3125 episodes, total num timesteps 4305600/5000000, FPS 62.

incre win rate is 0.0.

 Map MMM2 Algo r_drbfn Exp drbfn_mmm2 updates 2695/3125 episodes, total num timesteps 4313600/5000000, FPS 62.

incre win rate is 0.0.

 Map MMM2 Algo r_drbfn Exp drbfn_mmm2 updates 2700/3125 episodes, total num timesteps 4321600/5000000, FPS 62.

incre win rate is 0.0.
eval win rate is 0.0.

 Map MMM2 Algo r_drbfn Exp drbfn_mmm2 updates 2705/3125 episodes, total num timesteps 4329600/5000000, FPS 62.

incre win rate is 0.0.

 Map MMM2 Algo r_drbfn Exp drbfn_mmm2 updates 2710/3125 episodes, total num timesteps 4337600/5000000, FPS 62.

incre win rate is 0.0.

 Map MMM2 Algo r_drbfn Exp drbfn_mmm2 updates 2715/3125 episodes, total num timesteps 4345600/5000000, FPS 62.

incre win rate is 0.0.

 Map MMM2 Algo r_drbfn Exp drbfn_mmm2 updates 2720/3125 episodes, total num timesteps 4353600/5000000, FPS 62.

incre win rate is 0.0.

 Map MMM2 Algo r_drbfn Exp drbfn_mmm2 updates 2725/3125 episodes, total num timesteps 4361600/5000000, FPS 62.

incre win rate is 0.0.
eval win rate is 0.0.

 Map MMM2 Algo r_drbfn Exp drbfn_mmm2 updates 2730/3125 episodes, total num timesteps 4369600/5000000, FPS 62.

incre win rate is 0.0.

 Map MMM2 Algo r_drbfn Exp drbfn_mmm2 updates 2735/3125 episodes, total num timesteps 4377600/5000000, FPS 62.

incre win rate is 0.0.

 Map MMM2 Algo r_drbfn Exp drbfn_mmm2 updates 2740/3125 episodes, total num timesteps 4385600/5000000, FPS 62.

incre win rate is 0.0.

 Map MMM2 Algo r_drbfn Exp drbfn_mmm2 updates 2745/3125 episodes, total num timesteps 4393600/5000000, FPS 62.

incre win rate is 0.0.

 Map MMM2 Algo r_drbfn Exp drbfn_mmm2 updates 2750/3125 episodes, total num timesteps 4401600/5000000, FPS 62.

incre win rate is 0.0.
eval win rate is 0.0.

 Map MMM2 Algo r_drbfn Exp drbfn_mmm2 updates 2755/3125 episodes, total num timesteps 4409600/5000000, FPS 62.

incre win rate is 0.0.

 Map MMM2 Algo r_drbfn Exp drbfn_mmm2 updates 2760/3125 episodes, total num timesteps 4417600/5000000, FPS 62.

incre win rate is 0.0.

 Map MMM2 Algo r_drbfn Exp drbfn_mmm2 updates 2765/3125 episodes, total num timesteps 4425600/5000000, FPS 62.

incre win rate is 0.0.

 Map MMM2 Algo r_drbfn Exp drbfn_mmm2 updates 2770/3125 episodes, total num timesteps 4433600/5000000, FPS 62.

incre win rate is 0.0.

 Map MMM2 Algo r_drbfn Exp drbfn_mmm2 updates 2775/3125 episodes, total num timesteps 4441600/5000000, FPS 62.

incre win rate is 0.0.
eval win rate is 0.0.

 Map MMM2 Algo r_drbfn Exp drbfn_mmm2 updates 2780/3125 episodes, total num timesteps 4449600/5000000, FPS 62.

incre win rate is 0.0.

 Map MMM2 Algo r_drbfn Exp drbfn_mmm2 updates 2785/3125 episodes, total num timesteps 4457600/5000000, FPS 62.

incre win rate is 0.0.

 Map MMM2 Algo r_drbfn Exp drbfn_mmm2 updates 2790/3125 episodes, total num timesteps 4465600/5000000, FPS 62.

incre win rate is 0.0.

 Map MMM2 Algo r_drbfn Exp drbfn_mmm2 updates 2795/3125 episodes, total num timesteps 4473600/5000000, FPS 62.

incre win rate is 0.0.

 Map MMM2 Algo r_drbfn Exp drbfn_mmm2 updates 2800/3125 episodes, total num timesteps 4481600/5000000, FPS 62.

incre win rate is 0.0.
eval win rate is 0.0.

 Map MMM2 Algo r_drbfn Exp drbfn_mmm2 updates 2805/3125 episodes, total num timesteps 4489600/5000000, FPS 62.

incre win rate is 0.0.

 Map MMM2 Algo r_drbfn Exp drbfn_mmm2 updates 2810/3125 episodes, total num timesteps 4497600/5000000, FPS 62.

incre win rate is 0.0.

 Map MMM2 Algo r_drbfn Exp drbfn_mmm2 updates 2815/3125 episodes, total num timesteps 4505600/5000000, FPS 62.

incre win rate is 0.0.

 Map MMM2 Algo r_drbfn Exp drbfn_mmm2 updates 2820/3125 episodes, total num timesteps 4513600/5000000, FPS 62.
